Archive member included to satisfy reference by file (symbol)

C:/ST/STM32CubeIDE_1.17.0/STM32CubeIDE/plugins/com.st.stm32cube.ide.mcu.externaltools.gnu-tools-for-stm32.12.3.rel1.win32_1.1.0.202410251130/tools/bin/../lib/gcc/arm-none-eabi/12.3.1/../../../../arm-none-eabi/lib/thumb/v7-m/nofp\libc_nano.a(libc_a-exit.o)
                              C:/ST/STM32CubeIDE_1.17.0/STM32CubeIDE/plugins/com.st.stm32cube.ide.mcu.externaltools.gnu-tools-for-stm32.12.3.rel1.win32_1.1.0.202410251130/tools/bin/../lib/gcc/arm-none-eabi/12.3.1/../../../../arm-none-eabi/lib/thumb/v7-m/nofp/crt0.o (exit)
C:/ST/STM32CubeIDE_1.17.0/STM32CubeIDE/plugins/com.st.stm32cube.ide.mcu.externaltools.gnu-tools-for-stm32.12.3.rel1.win32_1.1.0.202410251130/tools/bin/../lib/gcc/arm-none-eabi/12.3.1/../../../../arm-none-eabi/lib/thumb/v7-m/nofp\libc_nano.a(libc_a-findfp.o)
                              C:/ST/STM32CubeIDE_1.17.0/STM32CubeIDE/plugins/com.st.stm32cube.ide.mcu.externaltools.gnu-tools-for-stm32.12.3.rel1.win32_1.1.0.202410251130/tools/bin/../lib/gcc/arm-none-eabi/12.3.1/../../../../arm-none-eabi/lib/thumb/v7-m/nofp\libc_nano.a(libc_a-exit.o) (__stdio_exit_handler)
C:/ST/STM32CubeIDE_1.17.0/STM32CubeIDE/plugins/com.st.stm32cube.ide.mcu.externaltools.gnu-tools-for-stm32.12.3.rel1.win32_1.1.0.202410251130/tools/bin/../lib/gcc/arm-none-eabi/12.3.1/../../../../arm-none-eabi/lib/thumb/v7-m/nofp\libc_nano.a(libc_a-fwalk.o)
                              C:/ST/STM32CubeIDE_1.17.0/STM32CubeIDE/plugins/com.st.stm32cube.ide.mcu.externaltools.gnu-tools-for-stm32.12.3.rel1.win32_1.1.0.202410251130/tools/bin/../lib/gcc/arm-none-eabi/12.3.1/../../../../arm-none-eabi/lib/thumb/v7-m/nofp\libc_nano.a(libc_a-findfp.o) (_fwalk_sglue)
C:/ST/STM32CubeIDE_1.17.0/STM32CubeIDE/plugins/com.st.stm32cube.ide.mcu.externaltools.gnu-tools-for-stm32.12.3.rel1.win32_1.1.0.202410251130/tools/bin/../lib/gcc/arm-none-eabi/12.3.1/../../../../arm-none-eabi/lib/thumb/v7-m/nofp\libc_nano.a(libc_a-sprintf.o)
                              ./Core/Src/main.o (sprintf)
C:/ST/STM32CubeIDE_1.17.0/STM32CubeIDE/plugins/com.st.stm32cube.ide.mcu.externaltools.gnu-tools-for-stm32.12.3.rel1.win32_1.1.0.202410251130/tools/bin/../lib/gcc/arm-none-eabi/12.3.1/../../../../arm-none-eabi/lib/thumb/v7-m/nofp\libc_nano.a(libc_a-stdio.o)
                              C:/ST/STM32CubeIDE_1.17.0/STM32CubeIDE/plugins/com.st.stm32cube.ide.mcu.externaltools.gnu-tools-for-stm32.12.3.rel1.win32_1.1.0.202410251130/tools/bin/../lib/gcc/arm-none-eabi/12.3.1/../../../../arm-none-eabi/lib/thumb/v7-m/nofp\libc_nano.a(libc_a-findfp.o) (__sread)
C:/ST/STM32CubeIDE_1.17.0/STM32CubeIDE/plugins/com.st.stm32cube.ide.mcu.externaltools.gnu-tools-for-stm32.12.3.rel1.win32_1.1.0.202410251130/tools/bin/../lib/gcc/arm-none-eabi/12.3.1/../../../../arm-none-eabi/lib/thumb/v7-m/nofp\libc_nano.a(libc_a-memset.o)
                              C:/ST/STM32CubeIDE_1.17.0/STM32CubeIDE/plugins/com.st.stm32cube.ide.mcu.externaltools.gnu-tools-for-stm32.12.3.rel1.win32_1.1.0.202410251130/tools/bin/../lib/gcc/arm-none-eabi/12.3.1/../../../../arm-none-eabi/lib/thumb/v7-m/nofp/crt0.o (memset)
C:/ST/STM32CubeIDE_1.17.0/STM32CubeIDE/plugins/com.st.stm32cube.ide.mcu.externaltools.gnu-tools-for-stm32.12.3.rel1.win32_1.1.0.202410251130/tools/bin/../lib/gcc/arm-none-eabi/12.3.1/../../../../arm-none-eabi/lib/thumb/v7-m/nofp\libc_nano.a(libc_a-closer.o)
                              C:/ST/STM32CubeIDE_1.17.0/STM32CubeIDE/plugins/com.st.stm32cube.ide.mcu.externaltools.gnu-tools-for-stm32.12.3.rel1.win32_1.1.0.202410251130/tools/bin/../lib/gcc/arm-none-eabi/12.3.1/../../../../arm-none-eabi/lib/thumb/v7-m/nofp\libc_nano.a(libc_a-stdio.o) (_close_r)
C:/ST/STM32CubeIDE_1.17.0/STM32CubeIDE/plugins/com.st.stm32cube.ide.mcu.externaltools.gnu-tools-for-stm32.12.3.rel1.win32_1.1.0.202410251130/tools/bin/../lib/gcc/arm-none-eabi/12.3.1/../../../../arm-none-eabi/lib/thumb/v7-m/nofp\libc_nano.a(libc_a-reent.o)
                              C:/ST/STM32CubeIDE_1.17.0/STM32CubeIDE/plugins/com.st.stm32cube.ide.mcu.externaltools.gnu-tools-for-stm32.12.3.rel1.win32_1.1.0.202410251130/tools/bin/../lib/gcc/arm-none-eabi/12.3.1/../../../../arm-none-eabi/lib/thumb/v7-m/nofp\libc_nano.a(libc_a-closer.o) (errno)
C:/ST/STM32CubeIDE_1.17.0/STM32CubeIDE/plugins/com.st.stm32cube.ide.mcu.externaltools.gnu-tools-for-stm32.12.3.rel1.win32_1.1.0.202410251130/tools/bin/../lib/gcc/arm-none-eabi/12.3.1/../../../../arm-none-eabi/lib/thumb/v7-m/nofp\libc_nano.a(libc_a-impure.o)
                              C:/ST/STM32CubeIDE_1.17.0/STM32CubeIDE/plugins/com.st.stm32cube.ide.mcu.externaltools.gnu-tools-for-stm32.12.3.rel1.win32_1.1.0.202410251130/tools/bin/../lib/gcc/arm-none-eabi/12.3.1/../../../../arm-none-eabi/lib/thumb/v7-m/nofp\libc_nano.a(libc_a-sprintf.o) (_impure_ptr)
[...]
Memory Configuration

Name             Origin             Length             Attributes
RAM              0x20000000         0x00005000         xrw
FLASH            0x08000000         0x00010000         xr
*default*        0x00000000         0xffffffff

Linker script and memory map

LOAD C:/ST/STM32CubeIDE_1.17.0/STM32CubeIDE/plugins/com.st.stm32cube.ide.mcu.externaltools.gnu-tools-for-stm32.12.3.rel1.win32_1.1.0.202410251130/tools/bin/../lib/gcc/arm-none-eabi/12.3.1/thumb/v7-m/nofp/crti.o
LOAD C:/ST/STM32CubeIDE_1.17.0/STM32CubeIDE/plugins/com.st.stm32cube.ide.mcu.externaltools.gnu-tools-for-stm32.12.3.rel1.win32_1.1.0.202410251130/tools/bin/../lib/gcc/arm-none-eabi/12.3.1/thumb/v7-m/nofp/crtbegin.o
LOAD C:/ST/STM32CubeIDE_1.17.0/STM32CubeIDE/plugins/com.st.stm32cube.ide.mcu.externaltools.gnu-tools-for-stm32.12.3.rel1.win32_1.1.0.202410251130/tools/bin/../lib/gcc/arm-none-eabi/12.3.1/../../../../arm-none-eabi/lib/thumb/v7-m/nofp/crt0.o
LOAD ./Core/Src/I2C_LCD.o
LOAD ./Core/Src/I2C_LCD_cfg.o
LOAD ./Core/Src/MENU.o
LOAD ./Core/Src/main.o
LOAD ./Core/Src/stm32f1xx_hal_msp.o
LOAD ./Core/Src/stm32f1xx_it.o
LOAD ./Core/Src/syscalls.o
LOAD ./Core/Src/sysmem.o
LOAD ./Core/Src/system_stm32f1xx.o
LOAD ./Core/Startup/startup_stm32f103c8tx.o
LOAD ./Drivers/STM32F1xx_HAL_Driver/Src/stm32f1xx_hal.o
LOAD ./Drivers/STM32F1xx_HAL_Driver/Src/stm32f1xx_hal_adc.o
LOAD ./Drivers/STM32F1xx_HAL_Driver/Src/stm32f1xx_hal_adc_ex.o
LOAD ./Drivers/STM32F1xx_HAL_Driver/Src/stm32f1xx_hal_cortex.o
LOAD ./Drivers/STM32F1xx_HAL_Driver/Src/stm32f1xx_hal_dma.o
LOAD ./Drivers/STM32F1xx_HAL_Driver/Src/stm32f1xx_hal_exti.o
LOAD ./Drivers/STM32F1xx_HAL_Driver/Src/stm32f1xx_hal_flash.o
LOAD ./Drivers/STM32F1xx_HAL_Driver/Src/stm32f1xx_hal_flash_ex.o
LOAD ./Drivers/STM32F1xx_HAL_Driver/Src/stm32f1xx_hal_gpio.o
LOAD ./Drivers/STM32F1xx_HAL_Driver/Src/stm32f1xx_hal_gpio_ex.o
LOAD ./Drivers/STM32F1xx_HAL_Driver/Src/stm32f1xx_hal_i2c.o
LOAD ./Drivers/STM32F1xx_HAL_Driver/Src/stm32f1xx_hal_pwr.o
LOAD ./Drivers/STM32F1xx_HAL_Driver/Src/stm32f1xx_hal_rcc.o
LOAD ./Drivers/STM32F1xx_HAL_Driver/Src/stm32f1xx_hal_rcc_ex.o
LOAD ./Drivers/STM32F1xx_HAL_Driver/Src/stm32f1xx_hal_tim.o
LOAD ./Drivers/STM32F1xx_HAL_Driver/Src/stm32f1xx_hal_tim_ex.o
START GROUP
LOAD C:/ST/STM32CubeIDE_1.17.0/STM32CubeIDE/plugins/com.st.stm32cube.ide.mcu.externaltools.gnu-tools-for-stm32.12.3.rel1.win32_1.1.0.202410251130/tools/bin/../lib/gcc/arm-none-eabi/12.3.1/../../../../arm-none-eabi/lib/thumb/v7-m/nofp\libc_nano.a
LOAD C:/ST/STM32CubeIDE_1.17.0/STM32CubeIDE/plugins/com.st.stm32cube.ide.mcu.externaltools.gnu-tools-for-stm32.12.3.rel1.win32_1.1.0.202410251130/tools/bin/../lib/gcc/arm-none-eabi/12.3.1/../../../../arm-none-eabi/lib/thumb/v7-m/nofp\libm.a
END GROUP
START GROUP
LOAD C:/ST/STM32CubeIDE_1.17.0/STM32CubeIDE/plugins/com.st.stm32cube.ide.mcu.externaltools.gnu-tools-for-stm32.12.3.rel1.win32_1.1.0.202410251130/tools/bin/../lib/gcc/arm-none-eabi/12.3.1/thumb/v7-m/nofp\libgcc.a
LOAD C:/ST/STM32CubeIDE_1.17.0/STM32CubeIDE/plugins/com.st.stm32cube.ide.mcu.externaltools.gnu-tools-for-stm32.12.3.rel1.win32_1.1.0.202410251130/tools/bin/../lib/gcc/arm-none-eabi/12.3.1/../../../../arm-none-eabi/lib/thumb/v7-m/nofp\libc_nano.a
END GROUP
START GROUP
LOAD C:/ST/STM32CubeIDE_1.17.0/STM32CubeIDE/plugins/com.st.stm32cube.ide.mcu.externaltools.gnu-tools-for-stm32.12.3.rel1.win32_1.1.0.202410251130/tools/bin/../lib/gcc/arm-none-eabi/12.3.1/thumb/v7-m/nofp\libgcc.a
LOAD C:/ST/STM32CubeIDE_1.17.0/STM32CubeIDE/plugins/com.st.stm32cube.ide.mcu.externaltools.gnu-tools-for-stm32.12.3.rel1.win32_1.1.0.202410251130/tools/bin/../lib/gcc/arm-none-eabi/12.3.1/../../../../arm-none-eabi/lib/thumb/v7-m/nofp\libc_nano.a
LOAD C:/ST/STM32CubeIDE_1.17.0/STM32CubeIDE/plugins/com.st.stm32cube.ide.mcu.externaltools.gnu-tools-for-stm32.12.3.rel1.win32_1.1.0.202410251130/tools/bin/../lib/gcc/arm-none-eabi/12.3.1/../../../../arm-none-eabi/lib/thumb/v7-m/nofp\libnosys.a
END GROUP
START GROUP
LOAD C:/ST/STM32CubeIDE_1.17.0/STM32CubeIDE/plugins/com.st.stm32cube.ide.mcu.externaltools.gnu-tools-for-stm32.12.3.rel1.win32_1.1.0.202410251130/tools/bin/../lib/gcc/arm-none-eabi/12.3.1/thumb/v7-m/nofp\libgcc.a
LOAD C:/ST/STM32CubeIDE_1.17.0/STM32CubeIDE/plugins/com.st.stm32cube.ide.mcu.externaltools.gnu-tools-for-stm32.12.3.rel1.win32_1.1.0.202410251130/tools/bin/../lib/gcc/arm-none-eabi/12.3.1/../../../../arm-none-eabi/lib/thumb/v7-m/nofp\libc_nano.a
LOAD C:/ST/STM32CubeIDE_1.17.0/STM32CubeIDE/plugins/com.st.stm32cube.ide.mcu.externaltools.gnu-tools-for-stm32.12.3.rel1.win32_1.1.0.202410251130/tools/bin/../lib/gcc/arm-none-eabi/12.3.1/../../../../arm-none-eabi/lib/thumb/v7-m/nofp\libnosys.a
END GROUP
LOAD C:/ST/STM32CubeIDE_1.17.0/STM32CubeIDE/plugins/com.st.stm32cube.ide.mcu.externaltools.gnu-tools-for-stm32.12.3.rel1.win32_1.1.0.202410251130/tools/bin/../lib/gcc/arm-none-eabi/12.3.1/thumb/v7-m/nofp/crtend.o
LOAD C:/ST/STM32CubeIDE_1.17.0/STM32CubeIDE/plugins/com.st.stm32cube.ide.mcu.externaltools.gnu-tools-for-stm32.12.3.rel1.win32_1.1.0.202410251130/tools/bin/../lib/gcc/arm-none-eabi/12.3.1/thumb/v7-m/nofp/crtn.o
                0x20005000                        _estack = (ORIGIN (RAM) + LENGTH (RAM))
                0x00000200                        _Min_Heap_Size = 0x200
                0x00000400                        _Min_Stack_Size = 0x400

.isr_vector     0x08000000      0x10c
                0x08000000                        . = ALIGN (0x4)
 *(.isr_vector)
 .isr_vector    0x08000000      0x10c ./Core/Startup/startup_stm32f103c8tx.o
                0x08000000                g_pfnVectors
                0x0800010c                        . = ALIGN (0x4)

.text           0x08000110     0x5424
                0x08000110                        . = ALIGN (0x4)
 *(.text)
 .text          0x08000110       0x40 C:/ST/STM32CubeIDE_1.17.0/STM32CubeIDE/plugins/com.st.stm32cube.ide.mcu.externaltools.gnu-tools-for-stm32.12.3.rel1.win32_1.1.0.202410251130/tools/bin/../lib/gcc/arm-none-eabi/12.3.1/thumb/v7-m/nofp/crtbegin.o
 .text          0x08000150       0x14 C:/ST/STM32CubeIDE_1.17.0/STM32CubeIDE/plugins/com.st.stm32cube.ide.mcu.externaltools.gnu-tools-for-stm32.12.3.rel1.win32_1.1.0.202410251130/tools/bin/../lib/gcc/arm-none-eabi/12.3.1/../../../../arm-none-eabi/lib/thumb/v7-m/nofp\libc_nano.a(libc_a-strcmp.o)
                0x08000150                strcmp
 .text          0x08000164       0x10 C:/ST/STM32CubeIDE_1.17.0/STM32CubeIDE/plugins/com.st.stm32cube.ide.mcu.externaltools.gnu-tools-for-stm32.12.3.rel1.win32_1.1.0.202410251130/tools/bin/../lib/gcc/arm-none-eabi/12.3.1/../../../../arm-none-eabi/lib/thumb/v7-m/nofp\libc_nano.a(libc_a-strlen.o)
                0x08000164                strlen
 .text          0x08000174      0x168 C:/ST/STM32CubeIDE_1.17.0/STM32CubeIDE/plugins/com.st.stm32cube.ide.mcu.externaltools.gnu-tools-for-stm32.12.3.rel1.win32_1.1.0.202410251130/tools/bin/../lib/gcc/arm-none-eabi/12.3.1/thumb/v7-m/nofp\libgcc.a(_arm_mulsf3.o)
                0x08000174                __aeabi_fmul
                0x08000174                __mulsf3
 .text          0x080002dc      0x378 C:/ST/STM32CubeIDE_1.17.0/STM32CubeIDE/plugins/com.st.stm32cube.ide.mcu.externaltools.gnu-tools-for-stm32.12.3.rel1.win32_1.1.0.202410251130/tools/bin/../lib/gcc/arm-none-eabi/12.3.1/thumb/v7-m/nofp\libgcc.a(_arm_addsubdf3.o)
                0x080002dc                __aeabi_drsub
                0x080002e4                __aeabi_dsub
                0x080002e4                __subdf3
                0x080002e8                __aeabi_dadd
                0x080002e8                __adddf3
                0x08000560                __floatunsidf
                0x08000560                __aeabi_ui2d
                0x08000580                __floatsidf
                0x08000580                __aeabi_i2d
                0x080005a4                __aeabi_f2d
                0x080005a4                __extendsfdf2
                0x080005e8                __floatundidf
                0x080005e8                __aeabi_ul2d
                0x080005f8                __floatdidf
                0x080005f8                __aeabi_l2d
 .text          0x08000654      0x424 C:/ST/STM32CubeIDE_1.17.0/STM32CubeIDE/plugins/com.st.stm32cube.ide.mcu.externaltools.gnu-tools-for-stm32.12.3.rel1.win32_1.1.0.202410251130/tools/bin/../lib/gcc/arm-none-eabi/12.3.1/thumb/v7-m/nofp\libgcc.a(_arm_muldivdf3.o)
                0x08000654                __aeabi_dmul
                0x08000654                __muldf3
                0x080008a8                __divdf3
                0x080008a8                __aeabi_ddiv
 .text          0x08000a78      0x110 C:/ST/STM32CubeIDE_1.17.0/STM32CubeIDE/plugins/com.st.stm32cube.ide.mcu.externaltools.gnu-tools-for-stm32.12.3.rel1.win32_1.1.0.202410251130/tools/bin/../lib/gcc/arm-none-eabi/12.3.1/thumb/v7-m/nofp\libgcc.a(_arm_cmpdf2.o)
                0x08000a78                __gtdf2
                0x08000a78                __gedf2
                0x08000a80                __ltdf2
                0x08000a80                __ledf2
                0x08000a88                __nedf2
                0x08000a88                __eqdf2
                0x08000a88                __cmpdf2
                0x08000b04                __aeabi_cdrcmple
                0x08000b14                __aeabi_cdcmpeq
                0x08000b14                __aeabi_cdcmple
                0x08000b24                __aeabi_dcmpeq
                0x08000b38                __aeabi_dcmplt
                0x08000b4c                __aeabi_dcmple
                0x08000b60                __aeabi_dcmpge
                0x08000b74                __aeabi_dcmpgt
 .text          0x08000b88       0x2c C:/ST/STM32CubeIDE_1.17.0/STM32CubeIDE/plugins/com.st.stm32cube.ide.mcu.externaltools.gnu-tools-for-stm32.12.3.rel1.win32_1.1.0.202410251130/tools/bin/../lib/gcc/arm-none-eabi/12.3.1/thumb/v7-m/nofp\libgcc.a(_arm_unorddf2.o)
                0x08000b88                __unorddf2
                0x08000b88                __aeabi_dcmpun
 .text          0x08000bb4       0xa0 C:/ST/STM32CubeIDE_1.17.0/STM32CubeIDE/plugins/com.st.stm32cube.ide.mcu.externaltools.gnu-tools-for-stm32.12.3.rel1.win32_1.1.0.202410251130/tools/bin/../lib/gcc/arm-none-eabi/12.3.1/thumb/v7-m/nofp\libgcc.a(_arm_truncdfsf2.o)
                0x08000bb4                __truncdfsf2
                0x08000bb4                __aeabi_d2f
 .text          0x08000c54      0x21c C:/ST/STM32CubeIDE_1.17.0/STM32CubeIDE/plugins/com.st.stm32cube.ide.mcu.externaltools.gnu-tools-for-stm32.12.3.rel1.win32_1.1.0.202410251130/tools/bin/../lib/gcc/arm-none-eabi/12.3.1/thumb/v7-m/nofp\libgcc.a(_arm_addsubsf3.o)
                0x08000c54                __aeabi_frsub
                0x08000c5c                __subsf3
                0x08000c5c                __aeabi_fsub
                0x08000c60                __aeabi_fadd
                0x08000c60                __addsf3
                0x08000dc0                __aeabi_ui2f
                0x08000dc0                __floatunsisf
                0x08000dc8                __aeabi_i2f
                0x08000dc8                __floatsisf
                0x08000de4                __aeabi_ul2f
                0x08000de4                __floatundisf
                0x08000df4                __aeabi_l2f
                0x08000df4                __floatdisf
 .text          0x08000e70       0xec C:/ST/STM32CubeIDE_1.17.0/STM32CubeIDE/plugins/com.st.stm32cube.ide.mcu.externaltools.gnu-tools-for-stm32.12.3.rel1.win32_1.1.0.202410251130/tools/bin/../lib/gcc/arm-none-eabi/12.3.1/thumb/v7-m/nofp\libgcc.a(_arm_cmpsf2.o)
                0x08000e70                __gesf2
                0x08000e70                __gtsf2
                0x08000e78                __lesf2
                0x08000e78                __ltsf2
                0x08000e80                __nesf2
                0x08000e80                __eqsf2
                0x08000e80                __cmpsf2
                0x08000ee0                __aeabi_cfrcmple
                0x08000ee8                __aeabi_cfcmpeq
                0x08000ee8                __aeabi_cfcmple
                0x08000ef8                __aeabi_fcmpeq
                0x08000f0c                __aeabi_fcmplt
                0x08000f20                __aeabi_fcmple
                0x08000f34                __aeabi_fcmpge
                0x08000f48                __aeabi_fcmpgt
 .text          0x08000f5c       0x4c C:/ST/STM32CubeIDE_1.17.0/STM32CubeIDE/plugins/com.st.stm32cube.ide.mcu.externaltools.gnu-tools-for-stm32.12.3.rel1.win32_1.1.0.202410251130/tools/bin/../lib/gcc/arm-none-eabi/12.3.1/thumb/v7-m/nofp\libgcc.a(_arm_fixsfsi.o)
                0x08000f5c                __aeabi_f2iz
                0x08000f5c                __fixsfsi
 .text          0x08000fa8       0x40 C:/ST/STM32CubeIDE_1.17.0/STM32CubeIDE/plugins/com.st.stm32cube.ide.mcu.externaltools.gnu-tools-for-stm32.12.3.rel1.win32_1.1.0.202410251130/tools/bin/../lib/gcc/arm-none-eabi/12.3.1/thumb/v7-m/nofp\libgcc.a(_arm_fixunssfsi.o)
                0x08000fa8                __fixunssfsi
                0x08000fa8                __aeabi_f2uiz
 *(.text*)
 .text.I2C_LCD_ExpanderWrite
                0x08000fe8       0x44 ./Core/Src/I2C_LCD.o
 .text.I2C_LCD_EnPulse
                0x0800102c       0x70 ./Core/Src/I2C_LCD.o
 .text.I2C_LCD_Write4Bits
                0x0800109c       0x14 ./Core/Src/I2C_LCD.o
 .text.I2C_LCD_Send
                0x080010b0       0x22 ./Core/Src/I2C_LCD.o
 .text.I2C_LCD_Cmd
                0x080010d2        0xa ./Core/Src/I2C_LCD.o
 .text.I2C_LCD_Data
                0x080010dc        0xa ./Core/Src/I2C_LCD.o
 *fill*         0x080010e6        0x2 
 .text.I2C_LCD_Clear
                0x080010e8       0x48 ./Core/Src/I2C_LCD.o
                0x080010e8                I2C_LCD_Clear
 .text.I2C_LCD_Init
                0x08001130       0xf8 ./Core/Src/I2C_LCD.o
                0x08001130                I2C_LCD_Init
 .text.I2C_LCD_SetCursor
                0x08001228       0x50 ./Core/Src/I2C_LCD.o
                0x08001228                I2C_LCD_SetCursor
 .text.I2C_LCD_WriteString
                0x08001278       0x18 ./Core/Src/I2C_LCD.o
                0x08001278                I2C_LCD_WriteString
 .text.initMenu
                0x08001290      0x184 ./Core/Src/MENU.o
                0x08001290                initMenu
 .text.moveSibling
                0x08001414       0xcc ./Core/Src/MENU.o
                0x08001414                moveSibling
 .text.moveParentChild
                0x080014e0       0x3c ./Core/Src/MENU.o
                0x080014e0                moveParentChild
 .text.getCurrentMenuItem
                0x0800151c        0xc ./Core/Src/MENU.o
                0x0800151c                getCurrentMenuItem
 .text.MX_GPIO_Init
                0x08001528      0x13c ./Core/Src/main.o
 .text.updateLCD
                0x08001664       0xf8 ./Core/Src/main.o
                0x08001664                updateLCD
 *fill*         0x0800175c        0x4 
 .text.calcThermistorTemp
                0x08001760       0xf4 ./Core/Src/main.o
                0x08001760                calcThermistorTemp
 .text.PI_Compute
                0x08001854       0x90 ./Core/Src/main.o
                0x08001854                PI_Compute
 .text.HAL_GPIO_EXTI_Callback
                0x080018e4       0xc0 ./Core/Src/main.o
                0x080018e4                HAL_GPIO_EXTI_Callback
 .text.HAL_TIM_IC_CaptureCallback
                0x080019a4       0x7c ./Core/Src/main.o
                0x080019a4                HAL_TIM_IC_CaptureCallback
 .text.HAL_TIM_PeriodElapsedCallback
                0x08001a20      0x164 ./Core/Src/main.o
                0x08001a20                HAL_TIM_PeriodElapsedCallback
 .text.Error_Handler
                0x08001b84        0x4 ./Core/Src/main.o
                0x08001b84                Error_Handler
 .text.MX_TIM2_Init
                0x08001b88       0x7c ./Core/Src/main.o
 .text.MX_TIM3_Init
                0x08001c04       0x68 ./Core/Src/main.o
 .text.MX_TIM1_Init
                0x08001c6c       0xb0 ./Core/Src/main.o
 .text.MX_I2C1_Init
                0x08001d1c       0x38 ./Core/Src/main.o
 .text.MX_TIM4_Init
                0x08001d54       0x68 ./Core/Src/main.o
 .text.MX_ADC1_Init
                0x08001dbc       0x58 ./Core/Src/main.o
 .text.SystemClock_Config
                0x08001e14       0x84 ./Core/Src/main.o
                0x08001e14                SystemClock_Config
 .text.main     0x08001e98      0x1ec ./Core/Src/main.o
                0x08001e98                main
 .text.HAL_MspInit
                0x08002084       0x44 ./Core/Src/stm32f1xx_hal_msp.o
                0x08002084                HAL_MspInit
 .text.HAL_ADC_MspInit
                0x080020c8       0x60 ./Core/Src/stm32f1xx_hal_msp.o
                0x080020c8                HAL_ADC_MspInit
 .text.HAL_I2C_MspInit
                0x08002128       0x64 ./Core/Src/stm32f1xx_hal_msp.o
                0x08002128                HAL_I2C_MspInit
 .text.HAL_TIM_PWM_MspInit
                0x0800218c       0x2c ./Core/Src/stm32f1xx_hal_msp.o
                0x0800218c                HAL_TIM_PWM_MspInit
 .text.HAL_TIM_IC_MspInit
                0x080021b8       0x6c ./Core/Src/stm32f1xx_hal_msp.o
                0x080021b8                HAL_TIM_IC_MspInit
 .text.HAL_TIM_Base_MspInit
                0x08002224       0x60 ./Core/Src/stm32f1xx_hal_msp.o
                0x08002224                HAL_TIM_Base_MspInit
 .text.HAL_TIM_MspPostInit
                0x08002284       0x50 ./Core/Src/stm32f1xx_hal_msp.o
                0x08002284                HAL_TIM_MspPostInit
 .text.NMI_Handler
                0x080022d4        0x2 ./Core/Src/stm32f1xx_it.o
                0x080022d4                NMI_Handler
 .text.HardFault_Handler
                0x080022d6        0x2 ./Core/Src/stm32f1xx_it.o
                0x080022d6                HardFault_Handler
 .text.MemManage_Handler
                0x080022d8        0x2 ./Core/Src/stm32f1xx_it.o
                0x080022d8                MemManage_Handler
 .text.BusFault_Handler
                0x080022da        0x2 ./Core/Src/stm32f1xx_it.o
                0x080022da                BusFault_Handler
 .text.UsageFault_Handler
                0x080022dc        0x2 ./Core/Src/stm32f1xx_it.o
                0x080022dc                UsageFault_Handler
 .text.SVC_Handler
                0x080022de        0x2 ./Core/Src/stm32f1xx_it.o
                0x080022de                SVC_Handler
 .text.DebugMon_Handler
                0x080022e0        0x2 ./Core/Src/stm32f1xx_it.o
                0x080022e0                DebugMon_Handler
 .text.PendSV_Handler
                0x080022e2        0x2 ./Core/Src/stm32f1xx_it.o
                0x080022e2                PendSV_Handler
 .text.SysTick_Handler
                0x080022e4        0x8 ./Core/Src/stm32f1xx_it.o
                0x080022e4                SysTick_Handler
 .text.EXTI0_IRQHandler
                0x080022ec        0xa ./Core/Src/stm32f1xx_it.o
                0x080022ec                EXTI0_IRQHandler
 .text.EXTI1_IRQHandler
                0x080022f6        0xa ./Core/Src/stm32f1xx_it.o
                0x080022f6                EXTI1_IRQHandler
 .text.TIM2_IRQHandler
                0x08002300       0x10 ./Core/Src/stm32f1xx_it.o
                0x08002300                TIM2_IRQHandler
 .text.TIM3_IRQHandler
                0x08002310       0x10 ./Core/Src/stm32f1xx_it.o
                0x08002310                TIM3_IRQHandler
 .text._sbrk    0x08002320       0x48 ./Core/Src/sysmem.o
                0x08002320                _sbrk
 .text.SystemInit
                0x08002368        0x2 ./Core/Src/system_stm32f1xx.o
                0x08002368                SystemInit
 *fill*         0x0800236a        0x2 
 .text.Reset_Handler
                0x0800236c       0x48 ./Core/Startup/startup_stm32f103c8tx.o
                0x0800236c                Reset_Handler
 .text.Default_Handler
                0x080023b4        0x2 ./Core/Startup/startup_stm32f103c8tx.o
                0x080023b4                RTC_Alarm_IRQHandler
                0x080023b4                EXTI2_IRQHandler
                0x080023b4                TIM1_CC_IRQHandler
                0x080023b4                PVD_IRQHandler
                0x080023b4                EXTI3_IRQHandler
                0x080023b4                I2C2_EV_IRQHandler
                0x080023b4                ADC1_2_IRQHandler
                0x080023b4                SPI1_IRQHandler
                0x080023b4                TAMPER_IRQHandler
                0x080023b4                DMA1_Channel4_IRQHandler
                0x080023b4                USART3_IRQHandler
                0x080023b4                RTC_IRQHandler
                0x080023b4                DMA1_Channel7_IRQHandler
                0x080023b4                CAN1_RX1_IRQHandler
                0x080023b4                TIM4_IRQHandler
                0x080023b4                I2C1_EV_IRQHandler
                0x080023b4                DMA1_Channel6_IRQHandler
                0x080023b4                RCC_IRQHandler
                0x080023b4                TIM1_TRG_COM_IRQHandler
                0x080023b4                DMA1_Channel1_IRQHandler
                0x080023b4                Default_Handler
                0x080023b4                EXTI15_10_IRQHandler
                0x080023b4                EXTI9_5_IRQHandler
                0x080023b4                SPI2_IRQHandler
                0x080023b4                DMA1_Channel5_IRQHandler
                0x080023b4                EXTI4_IRQHandler
                0x080023b4                USB_LP_CAN1_RX0_IRQHandler
                0x080023b4                USB_HP_CAN1_TX_IRQHandler
                0x080023b4                DMA1_Channel3_IRQHandler
                0x080023b4                TIM1_UP_IRQHandler
                0x080023b4                WWDG_IRQHandler
                0x080023b4                TIM1_BRK_IRQHandler
                0x080023b4                USART2_IRQHandler
                0x080023b4                I2C2_ER_IRQHandler
                0x080023b4                DMA1_Channel2_IRQHandler
                0x080023b4                CAN1_SCE_IRQHandler
                0x080023b4                FLASH_IRQHandler
                0x080023b4                USART1_IRQHandler
                0x080023b4                I2C1_ER_IRQHandler
                0x080023b4                USBWakeUp_IRQHandler
 *fill*         0x080023b6        0x2 
 .text.HAL_InitTick
                0x080023b8       0x4c ./Drivers/STM32F1xx_HAL_Driver/Src/stm32f1xx_hal.o
                0x080023b8                HAL_InitTick
 .text.HAL_Init
                0x08002404       0x24 ./Drivers/STM32F1xx_HAL_Driver/Src/stm32f1xx_hal.o
                0x08002404                HAL_Init
 .text.HAL_IncTick
                0x08002428       0x18 ./Drivers/STM32F1xx_HAL_Driver/Src/stm32f1xx_hal.o
                0x08002428                HAL_IncTick
 .text.HAL_GetTick
                0x08002440        0xc ./Drivers/STM32F1xx_HAL_Driver/Src/stm32f1xx_hal.o
                0x08002440                HAL_GetTick
 .text.HAL_Delay
                0x0800244c       0x28 ./Drivers/STM32F1xx_HAL_Driver/Src/stm32f1xx_hal.o
                0x0800244c                HAL_Delay
 .text.HAL_ADC_PollForConversion
                0x08002474      0x184 ./Drivers/STM32F1xx_HAL_Driver/Src/stm32f1xx_hal_adc.o
                0x08002474                HAL_ADC_PollForConversion
 .text.HAL_ADC_GetValue
                0x080025f8        0x6 ./Drivers/STM32F1xx_HAL_Driver/Src/stm32f1xx_hal_adc.o
                0x080025f8                HAL_ADC_GetValue
 *fill*         0x080025fe        0x2 
 .text.HAL_ADC_ConfigChannel
                0x08002600      0x140 ./Drivers/STM32F1xx_HAL_Driver/Src/stm32f1xx_hal_adc.o
                0x08002600                HAL_ADC_ConfigChannel
 .text.ADC_Enable
                0x08002740       0x88 ./Drivers/STM32F1xx_HAL_Driver/Src/stm32f1xx_hal_adc.o
                0x08002740                ADC_Enable
 .text.HAL_ADC_Start
                0x080027c8       0xe8 ./Drivers/STM32F1xx_HAL_Driver/Src/stm32f1xx_hal_adc.o
                0x080027c8                HAL_ADC_Start
 .text.ADC_ConversionStop_Disable
                0x080028b0       0x56 ./Drivers/STM32F1xx_HAL_Driver/Src/stm32f1xx_hal_adc.o
                0x080028b0                ADC_ConversionStop_Disable
 *fill*         0x08002906        0x2 
 .text.HAL_ADC_Init
                0x08002908      0x108 ./Drivers/STM32F1xx_HAL_Driver/Src/stm32f1xx_hal_adc.o
                0x08002908                HAL_ADC_Init
 .text.HAL_ADC_Stop
                0x08002a10       0x34 ./Drivers/STM32F1xx_HAL_Driver/Src/stm32f1xx_hal_adc.o
                0x08002a10                HAL_ADC_Stop
 .text.__NVIC_SetPriority
                0x08002a44       0x28 ./Drivers/STM32F1xx_HAL_Driver/Src/stm32f1xx_hal_cortex.o
 .text.NVIC_EncodePriority
                0x08002a6c       0x3e ./Drivers/STM32F1xx_HAL_Driver/Src/stm32f1xx_hal_cortex.o
 *fill*         0x08002aaa        0x2 
 .text.HAL_NVIC_SetPriorityGrouping
                0x08002aac       0x24 ./Drivers/STM32F1xx_HAL_Driver/Src/stm32f1xx_hal_cortex.o
                0x08002aac                HAL_NVIC_SetPriorityGrouping
 .text.HAL_NVIC_SetPriority
                0x08002ad0       0x20 ./Drivers/STM32F1xx_HAL_Driver/Src/stm32f1xx_hal_cortex.o
                0x08002ad0                HAL_NVIC_SetPriority
 .text.HAL_NVIC_EnableIRQ
                0x08002af0       0x1c ./Drivers/STM32F1xx_HAL_Driver/Src/stm32f1xx_hal_cortex.o
                0x08002af0                HAL_NVIC_EnableIRQ
 .text.HAL_SYSTICK_Config
                0x08002b0c       0x28 ./Drivers/STM32F1xx_HAL_Driver/Src/stm32f1xx_hal_cortex.o
                0x08002b0c                HAL_SYSTICK_Config
 .text.HAL_GPIO_Init
                0x08002b34      0x21c ./Drivers/STM32F1xx_HAL_Driver/Src/stm32f1xx_hal_gpio.o
                0x08002b34                HAL_GPIO_Init
 .text.HAL_GPIO_ReadPin
                0x08002d50        0xe ./Drivers/STM32F1xx_HAL_Driver/Src/stm32f1xx_hal_gpio.o
                0x08002d50                HAL_GPIO_ReadPin
 .text.HAL_GPIO_WritePin
                0x08002d5e        0xc ./Drivers/STM32F1xx_HAL_Driver/Src/stm32f1xx_hal_gpio.o
                0x08002d5e                HAL_GPIO_WritePin
 .text.HAL_GPIO_TogglePin
                0x08002d6a       0x12 ./Drivers/STM32F1xx_HAL_Driver/Src/stm32f1xx_hal_gpio.o
                0x08002d6a                HAL_GPIO_TogglePin
 .text.HAL_GPIO_EXTI_IRQHandler
                0x08002d7c       0x1c ./Drivers/STM32F1xx_HAL_Driver/Src/stm32f1xx_hal_gpio.o
                0x08002d7c                HAL_GPIO_EXTI_IRQHandler
 .text.I2C_IsAcknowledgeFailed
                0x08002d98       0x32 ./Drivers/STM32F1xx_HAL_Driver/Src/stm32f1xx_hal_i2c.o
 .text.I2C_WaitOnFlagUntilTimeout
                0x08002dca       0xaa ./Drivers/STM32F1xx_HAL_Driver/Src/stm32f1xx_hal_i2c.o
 .text.I2C_WaitOnMasterAddressFlagUntilTimeout
                0x08002e74       0xd6 ./Drivers/STM32F1xx_HAL_Driver/Src/stm32f1xx_hal_i2c.o
 *fill*         0x08002f4a        0x2 
 .text.I2C_MasterRequestWrite
                0x08002f4c       0xb4 ./Drivers/STM32F1xx_HAL_Driver/Src/stm32f1xx_hal_i2c.o
 .text.I2C_WaitOnTXEFlagUntilTimeout
                0x08003000       0x5e ./Drivers/STM32F1xx_HAL_Driver/Src/stm32f1xx_hal_i2c.o
 .text.I2C_WaitOnBTFFlagUntilTimeout
                0x0800305e       0x5e ./Drivers/STM32F1xx_HAL_Driver/Src/stm32f1xx_hal_i2c.o
 .text.HAL_I2C_Init
                0x080030bc      0x1bc ./Drivers/STM32F1xx_HAL_Driver/Src/stm32f1xx_hal_i2c.o
                0x080030bc                HAL_I2C_Init
 .text.HAL_I2C_Master_Transmit
                0x08003278      0x178 ./Drivers/STM32F1xx_HAL_Driver/Src/stm32f1xx_hal_i2c.o
                0x08003278                HAL_I2C_Master_Transmit
 .text.RCC_Delay
                0x080033f0       0x2c ./Drivers/STM32F1xx_HAL_Driver/Src/stm32f1xx_hal_rcc.o
 .text.HAL_RCC_OscConfig
                0x0800341c      0x410 ./Drivers/STM32F1xx_HAL_Driver/Src/stm32f1xx_hal_rcc.o
                0x0800341c                HAL_RCC_OscConfig
 .text.HAL_RCC_GetSysClockFreq
                0x0800382c       0x54 ./Drivers/STM32F1xx_HAL_Driver/Src/stm32f1xx_hal_rcc.o
                0x0800382c                HAL_RCC_GetSysClockFreq
 .text.HAL_RCC_ClockConfig
                0x08003880      0x16c ./Drivers/STM32F1xx_HAL_Driver/Src/stm32f1xx_hal_rcc.o
                0x08003880                HAL_RCC_ClockConfig
 .text.HAL_RCC_GetHCLKFreq
                0x080039ec        0xc ./Drivers/STM32F1xx_HAL_Driver/Src/stm32f1xx_hal_rcc.o
                0x080039ec                HAL_RCC_GetHCLKFreq
 .text.HAL_RCC_GetPCLK1Freq
                0x080039f8       0x20 ./Drivers/STM32F1xx_HAL_Driver/Src/stm32f1xx_hal_rcc.o
                0x080039f8                HAL_RCC_GetPCLK1Freq
 .text.HAL_RCC_GetPCLK2Freq
                0x08003a18       0x20 ./Drivers/STM32F1xx_HAL_Driver/Src/stm32f1xx_hal_rcc.o
                0x08003a18                HAL_RCC_GetPCLK2Freq
 .text.HAL_RCCEx_PeriphCLKConfig
                0x08003a38      0x118 ./Drivers/STM32F1xx_HAL_Driver/Src/stm32f1xx_hal_rcc_ex.o
                0x08003a38                HAL_RCCEx_PeriphCLKConfig
 .text.HAL_RCCEx_GetPeriphCLKFreq
                0x08003b50       0xd8 ./Drivers/STM32F1xx_HAL_Driver/Src/stm32f1xx_hal_rcc_ex.o
                0x08003b50                HAL_RCCEx_GetPeriphCLKFreq
 .text.TIM_OC1_SetConfig
                0x08003c28       0x54 ./Drivers/STM32F1xx_HAL_Driver/Src/stm32f1xx_hal_tim.o
 .text.TIM_OC3_SetConfig
                0x08003c7c       0x5c ./Drivers/STM32F1xx_HAL_Driver/Src/stm32f1xx_hal_tim.o
 .text.TIM_OC4_SetConfig
                0x08003cd8       0x48 ./Drivers/STM32F1xx_HAL_Driver/Src/stm32f1xx_hal_tim.o
 .text.TIM_TI1_ConfigInputStage
                0x08003d20       0x24 ./Drivers/STM32F1xx_HAL_Driver/Src/stm32f1xx_hal_tim.o
 .text.TIM_TI2_SetConfig
                0x08003d44       0x36 ./Drivers/STM32F1xx_HAL_Driver/Src/stm32f1xx_hal_tim.o
 .text.TIM_TI2_ConfigInputStage
                0x08003d7a       0x26 ./Drivers/STM32F1xx_HAL_Driver/Src/stm32f1xx_hal_tim.o
 .text.TIM_TI3_SetConfig
                0x08003da0       0x36 ./Drivers/STM32F1xx_HAL_Driver/Src/stm32f1xx_hal_tim.o
 .text.TIM_TI4_SetConfig
                0x08003dd6       0x36 ./Drivers/STM32F1xx_HAL_Driver/Src/stm32f1xx_hal_tim.o
 .text.TIM_ITRx_SetConfig
                0x08003e0c       0x10 ./Drivers/STM32F1xx_HAL_Driver/Src/stm32f1xx_hal_tim.o
 .text.HAL_TIM_Base_Start_IT
                0x08003e1c       0x68 ./Drivers/STM32F1xx_HAL_Driver/Src/stm32f1xx_hal_tim.o
                0x08003e1c                HAL_TIM_Base_Start_IT
 .text.HAL_TIM_OC_DelayElapsedCallback
                0x08003e84        0x2 ./Drivers/STM32F1xx_HAL_Driver/Src/stm32f1xx_hal_tim.o
                0x08003e84                HAL_TIM_OC_DelayElapsedCallback
 .text.HAL_TIM_PWM_PulseFinishedCallback
                0x08003e86        0x2 ./Drivers/STM32F1xx_HAL_Driver/Src/stm32f1xx_hal_tim.o
                0x08003e86                HAL_TIM_PWM_PulseFinishedCallback
 .text.HAL_TIM_TriggerCallback
                0x08003e88        0x2 ./Drivers/STM32F1xx_HAL_Driver/Src/stm32f1xx_hal_tim.o
                0x08003e88                HAL_TIM_TriggerCallback
 .text.HAL_TIM_IRQHandler
                0x08003e8a      0x15e ./Drivers/STM32F1xx_HAL_Driver/Src/stm32f1xx_hal_tim.o
                0x08003e8a                HAL_TIM_IRQHandler
 .text.TIM_Base_SetConfig
                0x08003fe8       0x84 ./Drivers/STM32F1xx_HAL_Driver/Src/stm32f1xx_hal_tim.o
                0x08003fe8                TIM_Base_SetConfig
 .text.HAL_TIM_Base_Init
                0x0800406c       0x58 ./Drivers/STM32F1xx_HAL_Driver/Src/stm32f1xx_hal_tim.o
                0x0800406c                HAL_TIM_Base_Init
 .text.HAL_TIM_PWM_Init
                0x080040c4       0x58 ./Drivers/STM32F1xx_HAL_Driver/Src/stm32f1xx_hal_tim.o
                0x080040c4                HAL_TIM_PWM_Init
 .text.HAL_TIM_IC_Init
                0x0800411c       0x58 ./Drivers/STM32F1xx_HAL_Driver/Src/stm32f1xx_hal_tim.o
                0x0800411c                HAL_TIM_IC_Init
 .text.TIM_OC2_SetConfig
                0x08004174       0x5c ./Drivers/STM32F1xx_HAL_Driver/Src/stm32f1xx_hal_tim.o
                0x08004174                TIM_OC2_SetConfig
 .text.HAL_TIM_PWM_ConfigChannel
                0x080041d0       0xdc ./Drivers/STM32F1xx_HAL_Driver/Src/stm32f1xx_hal_tim.o
                0x080041d0                HAL_TIM_PWM_ConfigChannel
 .text.TIM_TI1_SetConfig
                0x080042ac       0x58 ./Drivers/STM32F1xx_HAL_Driver/Src/stm32f1xx_hal_tim.o
                0x080042ac                TIM_TI1_SetConfig
 .text.HAL_TIM_IC_ConfigChannel
                0x08004304       0xc4 ./Drivers/STM32F1xx_HAL_Driver/Src/stm32f1xx_hal_tim.o
                0x08004304                HAL_TIM_IC_ConfigChannel
 .text.TIM_ETR_SetConfig
                0x080043c8       0x18 ./Drivers/STM32F1xx_HAL_Driver/Src/stm32f1xx_hal_tim.o
                0x080043c8                TIM_ETR_SetConfig
 .text.HAL_TIM_ConfigClockSource
                0x080043e0       0xfe ./Drivers/STM32F1xx_HAL_Driver/Src/stm32f1xx_hal_tim.o
                0x080043e0                HAL_TIM_ConfigClockSource
 .text.TIM_CCxChannelCmd
                0x080044de       0x1e ./Drivers/STM32F1xx_HAL_Driver/Src/stm32f1xx_hal_tim.o
                0x080044de                TIM_CCxChannelCmd
 .text.HAL_TIM_PWM_Start
                0x080044fc       0xdc ./Drivers/STM32F1xx_HAL_Driver/Src/stm32f1xx_hal_tim.o
                0x080044fc                HAL_TIM_PWM_Start
 .text.HAL_TIM_IC_Start_IT
                0x080045d8      0x148 ./Drivers/STM32F1xx_HAL_Driver/Src/stm32f1xx_hal_tim.o
                0x080045d8                HAL_TIM_IC_Start_IT
 .text.HAL_TIMEx_MasterConfigSynchronization
                0x08004720       0x6c ./Drivers/STM32F1xx_HAL_Driver/Src/stm32f1xx_hal_tim_ex.o
                0x08004720                HAL_TIMEx_MasterConfigSynchronization
 .text.HAL_TIMEx_ConfigBreakDeadTime
                0x0800478c       0x52 ./Drivers/STM32F1xx_HAL_Driver/Src/stm32f1xx_hal_tim_ex.o
                0x0800478c                HAL_TIMEx_ConfigBreakDeadTime
 .text.HAL_TIMEx_CommutCallback
                0x080047de        0x2 ./Drivers/STM32F1xx_HAL_Driver/Src/stm32f1xx_hal_tim_ex.o
                0x080047de                HAL_TIMEx_CommutCallback
 .text.HAL_TIMEx_BreakCallback
                0x080047e0        0x2 ./Drivers/STM32F1xx_HAL_Driver/Src/stm32f1xx_hal_tim_ex.o
                0x080047e0                HAL_TIMEx_BreakCallback
 *fill*         0x080047e2        0x2 
 .text.sprintf  0x080047e4       0x40 C:/ST/STM32CubeIDE_1.17.0/STM32CubeIDE/plugins/com.st.stm32cube.ide.mcu.externaltools.gnu-tools-for-stm32.12.3.rel1.win32_1.1.0.202410251130/tools/bin/../lib/gcc/arm-none-eabi/12.3.1/../../../../arm-none-eabi/lib/thumb/v7-m/nofp\libc_nano.a(libc_a-sprintf.o)
                0x080047e4                siprintf
                0x080047e4                sprintf
 .text.memset   0x08004824       0x10 C:/ST/STM32CubeIDE_1.17.0/STM32CubeIDE/plugins/com.st.stm32cube.ide.mcu.externaltools.gnu-tools-for-stm32.12.3.rel1.win32_1.1.0.202410251130/tools/bin/../lib/gcc/arm-none-eabi/12.3.1/../../../../arm-none-eabi/lib/thumb/v7-m/nofp\libc_nano.a(libc_a-memset.o)
                0x08004824                memset
 .text.__errno  0x08004834        0xc C:/ST/STM32CubeIDE_1.17.0/STM32CubeIDE/plugins/com.st.stm32cube.ide.mcu.externaltools.gnu-tools-for-stm32.12.3.rel1.win32_1.1.0.202410251130/tools/bin/../lib/gcc/arm-none-eabi/12.3.1/../../../../arm-none-eabi/lib/thumb/v7-m/nofp\libc_nano.a(libc_a-errno.o)
                0x08004834                __errno
 .text.__libc_init_array
                0x08004840       0x48 C:/ST/STM32CubeIDE_1.17.0/STM32CubeIDE/plugins/com.st.stm32cube.ide.mcu.externaltools.gnu-tools-for-stm32.12.3.rel1.win32_1.1.0.202410251130/tools/bin/../lib/gcc/arm-none-eabi/12.3.1/../../../../arm-none-eabi/lib/thumb/v7-m/nofp\libc_nano.a(libc_a-init.o)
                0x08004840                __libc_init_array
 .text.__retarget_lock_acquire_recursive
                0x08004888        0x2 C:/ST/STM32CubeIDE_1.17.0/STM32CubeIDE/plugins/com.st.stm32cube.ide.mcu.externaltools.gnu-tools-for-stm32.12.3.rel1.win32_1.1.0.202410251130/tools/bin/../lib/gcc/arm-none-eabi/12.3.1/../../../../arm-none-eabi/lib/thumb/v7-m/nofp\libc_nano.a(libc_a-lock.o)
                0x08004888                __retarget_lock_acquire_recursive
 .text.__retarget_lock_release_recursive
                0x0800488a        0x2 C:/ST/STM32CubeIDE_1.17.0/STM32CubeIDE/plugins/com.st.stm32cube.ide.mcu.externaltools.gnu-tools-for-stm32.12.3.rel1.win32_1.1.0.202410251130/tools/bin/../lib/gcc/arm-none-eabi/12.3.1/../../../../arm-none-eabi/lib/thumb/v7-m/nofp\libc_nano.a(libc_a-lock.o)
                0x0800488a                __retarget_lock_release_recursive
 .text._free_r  0x0800488c       0x90 C:/ST/STM32CubeIDE_1.17.0/STM32CubeIDE/plugins/com.st.stm32cube.ide.mcu.externaltools.gnu-tools-for-stm32.12.3.rel1.win32_1.1.0.202410251130/tools/bin/../lib/gcc/arm-none-eabi/12.3.1/../../../../arm-none-eabi/lib/thumb/v7-m/nofp\libc_nano.a(libc_a-freer.o)
                0x0800488c                _free_r
 .text.sbrk_aligned
                0x0800491c       0x44 C:/ST/STM32CubeIDE_1.17.0/STM32CubeIDE/plugins/com.st.stm32cube.ide.mcu.externaltools.gnu-tools-for-stm32.12.3.rel1.win32_1.1.0.202410251130/tools/bin/../lib/gcc/arm-none-eabi/12.3.1/../../../../arm-none-eabi/lib/thumb/v7-m/nofp\libc_nano.a(libc_a-mallocr.o)
 .text._malloc_r
                0x08004960      0x100 C:/ST/STM32CubeIDE_1.17.0/STM32CubeIDE/plugins/com.st.stm32cube.ide.mcu.externaltools.gnu-tools-for-stm32.12.3.rel1.win32_1.1.0.202410251130/tools/bin/../lib/gcc/arm-none-eabi/12.3.1/../../../../arm-none-eabi/lib/thumb/v7-m/nofp\libc_nano.a(libc_a-mallocr.o)
                0x08004960                _malloc_r
 .text.__malloc_lock
                0x08004a60        0xc C:/ST/STM32CubeIDE_1.17.0/STM32CubeIDE/plugins/com.st.stm32cube.ide.mcu.externaltools.gnu-tools-for-stm32.12.3.rel1.win32_1.1.0.202410251130/tools/bin/../lib/gcc/arm-none-eabi/12.3.1/../../../../arm-none-eabi/lib/thumb/v7-m/nofp\libc_nano.a(libc_a-mlock.o)
                0x08004a60                __malloc_lock
 .text.__malloc_unlock
                0x08004a6c        0xc C:/ST/STM32CubeIDE_1.17.0/STM32CubeIDE/plugins/com.st.stm32cube.ide.mcu.externaltools.gnu-tools-for-stm32.12.3.rel1.win32_1.1.0.202410251130/tools/bin/../lib/gcc/arm-none-eabi/12.3.1/../../../../arm-none-eabi/lib/thumb/v7-m/nofp\libc_nano.a(libc_a-mlock.o)
                0x08004a6c                __malloc_unlock
 .text.__ssputs_r
                0x08004a78       0xb6 C:/ST/STM32CubeIDE_1.17.0/STM32CubeIDE/plugins/com.st.stm32cube.ide.mcu.externaltools.gnu-tools-for-stm32.12.3.rel1.win32_1.1.0.202410251130/tools/bin/../lib/gcc/arm-none-eabi/12.3.1/../../../../arm-none-eabi/lib/thumb/v7-m/nofp\libc_nano.a(libc_a-nano-svfprintf.o)
                0x08004a78                __ssputs_r
 *fill*         0x08004b2e        0x2 
 .text._svfprintf_r
                0x08004b30      0x1f8 C:/ST/STM32CubeIDE_1.17.0/STM32CubeIDE/plugins/com.st.stm32cube.ide.mcu.externaltools.gnu-tools-for-stm32.12.3.rel1.win32_1.1.0.202410251130/tools/bin/../lib/gcc/arm-none-eabi/12.3.1/../../../../arm-none-eabi/lib/thumb/v7-m/nofp\libc_nano.a(libc_a-nano-svfprintf.o)
                0x08004b30                _svfiprintf_r
                0x08004b30                _svfprintf_r
 .text._printf_common
                0x08004d28       0xe4 C:/ST/STM32CubeIDE_1.17.0/STM32CubeIDE/plugins/com.st.stm32cube.ide.mcu.externaltools.gnu-tools-for-stm32.12.3.rel1.win32_1.1.0.202410251130/tools/bin/../lib/gcc/arm-none-eabi/12.3.1/../../../../arm-none-eabi/lib/thumb/v7-m/nofp\libc_nano.a(libc_a-nano-vfprintf_i.o)
                0x08004d28                _printf_common
 .text._printf_i
                0x08004e0c      0x240 C:/ST/STM32CubeIDE_1.17.0/STM32CubeIDE/plugins/com.st.stm32cube.ide.mcu.externaltools.gnu-tools-for-stm32.12.3.rel1.win32_1.1.0.202410251130/tools/bin/../lib/gcc/arm-none-eabi/12.3.1/../../../../arm-none-eabi/lib/thumb/v7-m/nofp\libc_nano.a(libc_a-nano-vfprintf_i.o)
                0x08004e0c                _printf_i
 .text.memmove  0x0800504c       0x34 C:/ST/STM32CubeIDE_1.17.0/STM32CubeIDE/plugins/com.st.stm32cube.ide.mcu.externaltools.gnu-tools-for-stm32.12.3.rel1.win32_1.1.0.202410251130/tools/bin/../lib/gcc/arm-none-eabi/12.3.1/../../../../arm-none-eabi/lib/thumb/v7-m/nofp\libc_nano.a(libc_a-memmove.o)
                0x0800504c                memmove
 .text._sbrk_r  0x08005080       0x20 C:/ST/STM32CubeIDE_1.17.0/STM32CubeIDE/plugins/com.st.stm32cube.ide.mcu.externaltools.gnu-tools-for-stm32.12.3.rel1.win32_1.1.0.202410251130/tools/bin/../lib/gcc/arm-none-eabi/12.3.1/../../../../arm-none-eabi/lib/thumb/v7-m/nofp\libc_nano.a(libc_a-sbrkr.o)
                0x08005080                _sbrk_r
 .text.memchr   0x080050a0       0x1c C:/ST/STM32CubeIDE_1.17.0/STM32CubeIDE/plugins/com.st.stm32cube.ide.mcu.externaltools.gnu-tools-for-stm32.12.3.rel1.win32_1.1.0.202410251130/tools/bin/../lib/gcc/arm-none-eabi/12.3.1/../../../../arm-none-eabi/lib/thumb/v7-m/nofp\libc_nano.a(libc_a-memchr-stub.o)
                0x080050a0                memchr
 .text.memcpy   0x080050bc       0x1c C:/ST/STM32CubeIDE_1.17.0/STM32CubeIDE/plugins/com.st.stm32cube.ide.mcu.externaltools.gnu-tools-for-stm32.12.3.rel1.win32_1.1.0.202410251130/tools/bin/../lib/gcc/arm-none-eabi/12.3.1/../../../../arm-none-eabi/lib/thumb/v7-m/nofp\libc_nano.a(libc_a-memcpy-stub.o)
                0x080050bc                memcpy
 .text._realloc_r
                0x080050d8       0x5c C:/ST/STM32CubeIDE_1.17.0/STM32CubeIDE/plugins/com.st.stm32cube.ide.mcu.externaltools.gnu-tools-for-stm32.12.3.rel1.win32_1.1.0.202410251130/tools/bin/../lib/gcc/arm-none-eabi/12.3.1/../../../../arm-none-eabi/lib/thumb/v7-m/nofp\libc_nano.a(libc_a-reallocr.o)
                0x080050d8                _realloc_r
 .text._malloc_usable_size_r
                0x08005134       0x10 C:/ST/STM32CubeIDE_1.17.0/STM32CubeIDE/plugins/com.st.stm32cube.ide.mcu.externaltools.gnu-tools-for-stm32.12.3.rel1.win32_1.1.0.202410251130/tools/bin/../lib/gcc/arm-none-eabi/12.3.1/../../../../arm-none-eabi/lib/thumb/v7-m/nofp\libc_nano.a(libc_a-msizer.o)
                0x08005134                _malloc_usable_size_r
 .text.log      0x08005144       0x64 C:/ST/STM32CubeIDE_1.17.0/STM32CubeIDE/plugins/com.st.stm32cube.ide.mcu.externaltools.gnu-tools-for-stm32.12.3.rel1.win32_1.1.0.202410251130/tools/bin/../lib/gcc/arm-none-eabi/12.3.1/../../../../arm-none-eabi/lib/thumb/v7-m/nofp\libm.a(libm_a-w_log.o)
                0x08005144                log
 .text.nan      0x080051a8        0xc C:/ST/STM32CubeIDE_1.17.0/STM32CubeIDE/plugins/com.st.stm32cube.ide.mcu.externaltools.gnu-tools-for-stm32.12.3.rel1.win32_1.1.0.202410251130/tools/bin/../lib/gcc/arm-none-eabi/12.3.1/../../../../arm-none-eabi/lib/thumb/v7-m/nofp\libm.a(libm_a-s_nan.o)
                0x080051a8                nan
 *fill*         0x080051b4        0x4 
 .text.__ieee754_log
                0x080051b8      0x364 C:/ST/STM32CubeIDE_1.17.0/STM32CubeIDE/plugins/com.st.stm32cube.ide.mcu.externaltools.gnu-tools-for-stm32.12.3.rel1.win32_1.1.0.202410251130/tools/bin/../lib/gcc/arm-none-eabi/12.3.1/../../../../arm-none-eabi/lib/thumb/v7-m/nofp\libm.a(libm_a-e_log.o)
                0x080051b8                __ieee754_log
 *(.glue_7)
 .glue_7        0x0800551c        0x0 linker stubs
 *(.glue_7t)
 .glue_7t       0x0800551c        0x0 linker stubs
 *(.eh_frame)
 .eh_frame      0x0800551c        0x0 C:/ST/STM32CubeIDE_1.17.0/STM32CubeIDE/plugins/com.st.stm32cube.ide.mcu.externaltools.gnu-tools-for-stm32.12.3.rel1.win32_1.1.0.202410251130/tools/bin/../lib/gcc/arm-none-eabi/12.3.1/thumb/v7-m/nofp/crtbegin.o
 *(.init)
 .init          0x0800551c        0x4 C:/ST/STM32CubeIDE_1.17.0/STM32CubeIDE/plugins/com.st.stm32cube.ide.mcu.externaltools.gnu-tools-for-stm32.12.3.rel1.win32_1.1.0.202410251130/tools/bin/../lib/gcc/arm-none-eabi/12.3.1/thumb/v7-m/nofp/crti.o
                0x0800551c                _init
 .init          0x08005520        0x8 C:/ST/STM32CubeIDE_1.17.0/STM32CubeIDE/plugins/com.st.stm32cube.ide.mcu.externaltools.gnu-tools-for-stm32.12.3.rel1.win32_1.1.0.202410251130/tools/bin/../lib/gcc/arm-none-eabi/12.3.1/thumb/v7-m/nofp/crtn.o
 *(.fini)
 .fini          0x08005528        0x4 C:/ST/STM32CubeIDE_1.17.0/STM32CubeIDE/plugins/com.st.stm32cube.ide.mcu.externaltools.gnu-tools-for-stm32.12.3.rel1.win32_1.1.0.202410251130/tools/bin/../lib/gcc/arm-none-eabi/12.3.1/thumb/v7-m/nofp/crti.o
                0x08005528                _fini
 .fini          0x0800552c        0x8 C:/ST/STM32CubeIDE_1.17.0/STM32CubeIDE/plugins/com.st.stm32cube.ide.mcu.externaltools.gnu-tools-for-stm32.12.3.rel1.win32_1.1.0.202410251130/tools/bin/../lib/gcc/arm-none-eabi/12.3.1/thumb/v7-m/nofp/crtn.o
                0x08005534                        . = ALIGN (0x4)
                0x08005534                        _etext = .

.vfp11_veneer   0x08005534        0x0
 .vfp11_veneer  0x08005534        0x0 linker stubs

.v4_bx          0x08005534        0x0
 .v4_bx         0x08005534        0x0 linker stubs

.iplt           0x08005534        0x0
 .iplt          0x08005534        0x0 C:/ST/STM32CubeIDE_1.17.0/STM32CubeIDE/plugins/com.st.stm32cube.ide.mcu.externaltools.gnu-tools-for-stm32.12.3.rel1.win32_1.1.0.202410251130/tools/bin/../lib/gcc/arm-none-eabi/12.3.1/thumb/v7-m/nofp/crtbegin.o

.rodata         0x08005534       0xfc
                0x08005534                        . = ALIGN (0x4)
 *(.rodata)
 .rodata        0x08005534       0x10 ./Core/Src/I2C_LCD.o
 *(.rodata*)
 .rodata.I2C_LCD_CfgParam
                0x08005544        0xc ./Core/Src/I2C_LCD_cfg.o
                0x08005544                I2C_LCD_CfgParam
 .rodata.moveSibling.str1.4
                0x08005550        0xd ./Core/Src/MENU.o
 *fill*         0x0800555d        0x3 
 .rodata.updateLCD.str1.4
                0x08005560       0x32 ./Core/Src/main.o
                                 0x42 (size before relaxing)
 *fill*         0x08005592        0x2 
 .rodata.HAL_TIM_PeriodElapsedCallback.str1.4
                0x08005594        0xe ./Core/Src/main.o
 *fill*         0x080055a2        0x2 
 .rodata.main.str1.4
                0x080055a4       0x18 ./Core/Src/main.o
                                 0x1c (size before relaxing)
 .rodata.APBPrescTable
                0x080055bc        0x8 ./Core/Src/system_stm32f1xx.o
                0x080055bc                APBPrescTable
 .rodata.AHBPrescTable
                0x080055c4       0x10 ./Core/Src/system_stm32f1xx.o
                0x080055c4                AHBPrescTable
 .rodata.aPredivFactorTable.0
                0x080055d4        0x2 ./Drivers/STM32F1xx_HAL_Driver/Src/stm32f1xx_hal_rcc.o
 *fill*         0x080055d6        0x2 
 .rodata.aPLLMULFactorTable.1
                0x080055d8       0x10 ./Drivers/STM32F1xx_HAL_Driver/Src/stm32f1xx_hal_rcc.o
 .rodata.aPredivFactorTable.0
                0x080055e8        0x2 ./Drivers/STM32F1xx_HAL_Driver/Src/stm32f1xx_hal_rcc_ex.o
 *fill*         0x080055ea        0x2 
 .rodata.aPLLMULFactorTable.1
                0x080055ec       0x10 ./Drivers/STM32F1xx_HAL_Driver/Src/stm32f1xx_hal_rcc_ex.o
 .rodata._svfprintf_r.str1.1
                0x080055fc       0x11 C:/ST/STM32CubeIDE_1.17.0/STM32CubeIDE/plugins/com.st.stm32cube.ide.mcu.externaltools.gnu-tools-for-stm32.12.3.rel1.win32_1.1.0.202410251130/tools/bin/../lib/gcc/arm-none-eabi/12.3.1/../../../../arm-none-eabi/lib/thumb/v7-m/nofp\libc_nano.a(libc_a-nano-svfprintf.o)
 .rodata._printf_i.str1.1
                0x0800560d       0x22 C:/ST/STM32CubeIDE_1.17.0/STM32CubeIDE/plugins/com.st.stm32cube.ide.mcu.externaltools.gnu-tools-for-stm32.12.3.rel1.win32_1.1.0.202410251130/tools/bin/../lib/gcc/arm-none-eabi/12.3.1/../../../../arm-none-eabi/lib/thumb/v7-m/nofp\libc_nano.a(libc_a-nano-vfprintf_i.o)
 .rodata.log.str1.1
                0x0800562f       0x22 C:/ST/STM32CubeIDE_1.17.0/STM32CubeIDE/plugins/com.st.stm32cube.ide.mcu.externaltools.gnu-tools-for-stm32.12.3.rel1.win32_1.1.0.202410251130/tools/bin/../lib/gcc/arm-none-eabi/12.3.1/../../../../arm-none-eabi/lib/thumb/v7-m/nofp\libm.a(libm_a-w_log.o)
                                  0x1 (size before relaxing)
                0x08005654                        . = ALIGN (0x4)
 *fill*         0x0800562f        0x1 

.ARM.extab      0x08005630        0x0
                0x08005630                        . = ALIGN (0x4)
 *(.ARM.extab* .gnu.linkonce.armextab.*)
                0x08005630                        . = ALIGN (0x4)

.ARM            0x08005630        0x8
                0x08005630                        . = ALIGN (0x4)
                0x08005630                        __exidx_start = .
 *(.ARM.exidx*)
 .ARM.exidx     0x08005630        0x8 C:/ST/STM32CubeIDE_1.17.0/STM32CubeIDE/plugins/com.st.stm32cube.ide.mcu.externaltools.gnu-tools-for-stm32.12.3.rel1.win32_1.1.0.202410251130/tools/bin/../lib/gcc/arm-none-eabi/12.3.1/../../../../arm-none-eabi/lib/thumb/v7-m/nofp\libc_nano.a(libc_a-strcmp.o)
 .ARM.exidx     0x08005638        0x0 C:/ST/STM32CubeIDE_1.17.0/STM32CubeIDE/plugins/com.st.stm32cube.ide.mcu.externaltools.gnu-tools-for-stm32.12.3.rel1.win32_1.1.0.202410251130/tools/bin/../lib/gcc/arm-none-eabi/12.3.1/../../../../arm-none-eabi/lib/thumb/v7-m/nofp\libc_nano.a(libc_a-strlen.o)
                                  0x8 (size before relaxing)
                0x08005638                        __exidx_end = .
                0x08005638                        . = ALIGN (0x4)

.preinit_array  0x08005638        0x0
                0x08005638                        . = ALIGN (0x4)
                0x08005638                        PROVIDE (__preinit_array_start = .)
 *(.preinit_array*)
                0x08005638                        PROVIDE (__preinit_array_end = .)
                0x08005638                        . = ALIGN (0x4)

.init_array     0x08005638        0x4
                0x08005638                        . = ALIGN (0x4)
                0x08005638                        PROVIDE (__init_array_start = .)
 *(SORT_BY_NAME(.init_array.*))
 *(.init_array*)
 .init_array    0x08005638        0x4 C:/ST/STM32CubeIDE_1.17.0/STM32CubeIDE/plugins/com.st.stm32cube.ide.mcu.externaltools.gnu-tools-for-stm32.12.3.rel1.win32_1.1.0.202410251130/tools/bin/../lib/gcc/arm-none-eabi/12.3.1/thumb/v7-m/nofp/crtbegin.o
                0x0800563c                        PROVIDE (__init_array_end = .)
                0x0800563c                        . = ALIGN (0x4)

.fini_array     0x0800563c        0x4
                0x0800563c                        . = ALIGN (0x4)
                [!provide]                        PROVIDE (__fini_array_start = .)
 *(SORT_BY_NAME(.fini_array.*))
 *(.fini_array*)
 .fini_array    0x0800563c        0x4 C:/ST/STM32CubeIDE_1.17.0/STM32CubeIDE/plugins/com.st.stm32cube.ide.mcu.externaltools.gnu-tools-for-stm32.12.3.rel1.win32_1.1.0.202410251130/tools/bin/../lib/gcc/arm-none-eabi/12.3.1/thumb/v7-m/nofp/crtbegin.o
                [!provide]                        PROVIDE (__fini_array_end = .)
                0x08005640                        . = ALIGN (0x4)
                0x08005640                        _sidata = LOADADDR (.data)

.rel.dyn        0x08005640        0x0
 .rel.iplt      0x08005640        0x0 C:/ST/STM32CubeIDE_1.17.0/STM32CubeIDE/plugins/com.st.stm32cube.ide.mcu.externaltools.gnu-tools-for-stm32.12.3.rel1.win32_1.1.0.202410251130/tools/bin/../lib/gcc/arm-none-eabi/12.3.1/thumb/v7-m/nofp/crtbegin.o

.data           0x20000000      0x348 load address 0x08005640
                0x20000000                        . = ALIGN (0x4)
                0x20000000                        _sdata = .
 *(.data)
 *(.data*)
 .data.cureTimeValue.0
                0x20000000       0x24 ./Core/Src/MENU.o
 .data.cureTempValue.2
                0x20000024       0x24 ./Core/Src/MENU.o
 .data.cureStartValue.4
                0x20000048       0x24 ./Core/Src/MENU.o
 .data.dryTimeValue.6
                0x2000006c       0x24 ./Core/Src/MENU.o
 .data.dryTempValue.8
                0x20000090       0x24 ./Core/Src/MENU.o
 .data.dryStartValue.10
                0x200000b4       0x24 ./Core/Src/MENU.o
 .data.washTimeValue.12
                0x200000d8       0x24 ./Core/Src/MENU.o
 .data.washStartValue.14
                0x200000fc       0x24 ./Core/Src/MENU.o
 .data.cureTime.16
                0x20000120       0x24 ./Core/Src/MENU.o
 .data.cureTemp.17
                0x20000144       0x24 ./Core/Src/MENU.o
 .data.cureStart.18
                0x20000168       0x24 ./Core/Src/MENU.o
 .data.dryTime.20
                0x2000018c       0x24 ./Core/Src/MENU.o
 .data.dryTemp.21
                0x200001b0       0x24 ./Core/Src/MENU.o
 .data.dryStart.22
                0x200001d4       0x24 ./Core/Src/MENU.o
 .data.washTime.24
                0x200001f8       0x24 ./Core/Src/MENU.o
 .data.washStart.25
                0x2000021c       0x24 ./Core/Src/MENU.o
 .data.root.27  0x20000240       0x24 ./Core/Src/MENU.o
 .data.cure.28  0x20000264       0x24 ./Core/Src/MENU.o
 .data.dry.29   0x20000288       0x24 ./Core/Src/MENU.o
 .data.wash.30  0x200002ac       0x24 ./Core/Src/MENU.o
 .data.prevA.0  0x200002d0        0x1 ./Core/Src/main.o
 .data.prevB.2  0x200002d1        0x1 ./Core/Src/main.o
 *fill*         0x200002d2        0x2 
 .data.pid      0x200002d4       0x10 ./Core/Src/main.o
                0x200002d4                pid
 .data.setTemp  0x200002e4        0x4 ./Core/Src/main.o
                0x200002e4                setTemp
 .data.temp     0x200002e8        0x4 ./Core/Src/main.o
                0x200002e8                temp
 .data.SystemCoreClock
                0x200002ec        0x4 ./Core/Src/system_stm32f1xx.o
                0x200002ec                SystemCoreClock
 .data.uwTickFreq
                0x200002f0        0x1 ./Drivers/STM32F1xx_HAL_Driver/Src/stm32f1xx_hal.o
                0x200002f0                uwTickFreq
 *fill*         0x200002f1        0x3 
 .data.uwTickPrio
                0x200002f4        0x4 ./Drivers/STM32F1xx_HAL_Driver/Src/stm32f1xx_hal.o
                0x200002f4                uwTickPrio
 .data._impure_ptr
                0x200002f8        0x4 C:/ST/STM32CubeIDE_1.17.0/STM32CubeIDE/plugins/com.st.stm32cube.ide.mcu.externaltools.gnu-tools-for-stm32.12.3.rel1.win32_1.1.0.202410251130/tools/bin/../lib/gcc/arm-none-eabi/12.3.1/../../../../arm-none-eabi/lib/thumb/v7-m/nofp\libc_nano.a(libc_a-impure.o)
                0x200002f8                _impure_ptr
 .data._impure_data
                0x200002fc       0x4c C:/ST/STM32CubeIDE_1.17.0/STM32CubeIDE/plugins/com.st.stm32cube.ide.mcu.externaltools.gnu-tools-for-stm32.12.3.rel1.win32_1.1.0.202410251130/tools/bin/../lib/gcc/arm-none-eabi/12.3.1/../../../../arm-none-eabi/lib/thumb/v7-m/nofp\libc_nano.a(libc_a-impure.o)
                0x200002fc                _impure_data
 *(.RamFunc)
 *(.RamFunc*)
                0x20000348                        . = ALIGN (0x4)
                0x20000348                        _edata = .

.igot.plt       0x20000348        0x0 load address 0x08005988
 .igot.plt      0x20000348        0x0 C:/ST/STM32CubeIDE_1.17.0/STM32CubeIDE/plugins/com.st.stm32cube.ide.mcu.externaltools.gnu-tools-for-stm32.12.3.rel1.win32_1.1.0.202410251130/tools/bin/../lib/gcc/arm-none-eabi/12.3.1/thumb/v7-m/nofp/crtbegin.o
                0x20000348                        . = ALIGN (0x4)

.bss            0x20000348      0x38c load address 0x08005988
                0x20000348                        _sbss = .
                0x20000348                        __bss_start__ = _sbss
 *(.bss)
 .bss           0x20000348       0x1c C:/ST/STM32CubeIDE_1.17.0/STM32CubeIDE/plugins/com.st.stm32cube.ide.mcu.externaltools.gnu-tools-for-stm32.12.3.rel1.win32_1.1.0.202410251130/tools/bin/../lib/gcc/arm-none-eabi/12.3.1/thumb/v7-m/nofp/crtbegin.o
 *(.bss*)
 .bss.I2C_LCD_InfoParam_g
                0x20000364        0x2 ./Core/Src/I2C_LCD.o
 *fill*         0x20000366        0x2 
 .bss.cureTimeValueChildren.1
                0x20000368        0x4 ./Core/Src/MENU.o
 .bss.cureTempValueChildren.3
                0x2000036c        0x4 ./Core/Src/MENU.o
 .bss.cureStartValueChildren.5
                0x20000370        0x4 ./Core/Src/MENU.o
 .bss.dryTimeValueChildren.7
                0x20000374        0x4 ./Core/Src/MENU.o
 .bss.dryTempValueChildren.9
                0x20000378        0x4 ./Core/Src/MENU.o
 .bss.dryStartValueChildren.11
                0x2000037c        0x4 ./Core/Src/MENU.o
 .bss.washTimeValueChildren.13
                0x20000380        0x4 ./Core/Src/MENU.o
 .bss.washStartValueChildren.15
                0x20000384        0x4 ./Core/Src/MENU.o
 .bss.cureChildren.19
                0x20000388        0xc ./Core/Src/MENU.o
 .bss.dryChildren.23
                0x20000394        0xc ./Core/Src/MENU.o
 .bss.washChildren.26
                0x200003a0        0x8 ./Core/Src/MENU.o
 .bss.mainMenu.31
                0x200003a8        0xc ./Core/Src/MENU.o
 .bss.currentMenuItem
                0x200003b4        0x4 ./Core/Src/MENU.o
                0x200003b4                currentMenuItem
 .bss.A.1       0x200003b8        0x1 ./Core/Src/main.o
 .bss.B.3       0x200003b9        0x1 ./Core/Src/main.o
 .bss.debounceActive
                0x200003ba        0x1 ./Core/Src/main.o
                0x200003ba                debounceActive
 *fill*         0x200003bb        0x1 
 .bss.tickCounter
                0x200003bc        0x4 ./Core/Src/main.o
                0x200003bc                tickCounter
 .bss.countdown
                0x200003c0        0x2 ./Core/Src/main.o
                0x200003c0                countdown
 .bss.programCountdown
                0x200003c2        0x1 ./Core/Src/main.o
                0x200003c2                programCountdown
 *fill*         0x200003c3        0x1 
 .bss.counter   0x200003c4        0x4 ./Core/Src/main.o
                0x200003c4                counter
 .bss.buffer    0x200003c8       0x11 ./Core/Src/main.o
                0x200003c8                buffer
 *fill*         0x200003d9        0x3 
 .bss.action    0x200003dc        0x4 ./Core/Src/main.o
                0x200003dc                action
 .bss.htim4     0x200003e0       0x48 ./Core/Src/main.o
                0x200003e0                htim4
 .bss.htim3     0x20000428       0x48 ./Core/Src/main.o
                0x20000428                htim3
 .bss.htim2     0x20000470       0x48 ./Core/Src/main.o
                0x20000470                htim2
 .bss.htim1     0x200004b8       0x48 ./Core/Src/main.o
                0x200004b8                htim1
 .bss.hi2c1     0x20000500       0x54 ./Core/Src/main.o
                0x20000500                hi2c1
 .bss.hadc1     0x20000554       0x30 ./Core/Src/main.o
                0x20000554                hadc1
 .bss.__sbrk_heap_end
                0x20000584        0x4 ./Core/Src/sysmem.o
 .bss.uwTick    0x20000588        0x4 ./Drivers/STM32F1xx_HAL_Driver/Src/stm32f1xx_hal.o
                0x20000588                uwTick
 .bss.__sf      0x2000058c      0x138 C:/ST/STM32CubeIDE_1.17.0/STM32CubeIDE/plugins/com.st.stm32cube.ide.mcu.externaltools.gnu-tools-for-stm32.12.3.rel1.win32_1.1.0.202410251130/tools/bin/../lib/gcc/arm-none-eabi/12.3.1/../../../../arm-none-eabi/lib/thumb/v7-m/nofp\libc_nano.a(libc_a-findfp.o)
                0x2000058c                __sf
 .bss.errno     0x200006c4        0x4 C:/ST/STM32CubeIDE_1.17.0/STM32CubeIDE/plugins/com.st.stm32cube.ide.mcu.externaltools.gnu-tools-for-stm32.12.3.rel1.win32_1.1.0.202410251130/tools/bin/../lib/gcc/arm-none-eabi/12.3.1/../../../../arm-none-eabi/lib/thumb/v7-m/nofp\libc_nano.a(libc_a-reent.o)
                0x200006c4                errno
 .bss.__lock___malloc_recursive_mutex
                0x200006c8        0x1 C:/ST/STM32CubeIDE_1.17.0/STM32CubeIDE/plugins/com.st.stm32cube.ide.mcu.externaltools.gnu-tools-for-stm32.12.3.rel1.win32_1.1.0.202410251130/tools/bin/../lib/gcc/arm-none-eabi/12.3.1/../../../../arm-none-eabi/lib/thumb/v7-m/nofp\libc_nano.a(libc_a-lock.o)
                0x200006c8                __lock___malloc_recursive_mutex
 *fill*         0x200006c9        0x3 
 .bss.__malloc_sbrk_start
                0x200006cc        0x4 C:/ST/STM32CubeIDE_1.17.0/STM32CubeIDE/plugins/com.st.stm32cube.ide.mcu.externaltools.gnu-tools-for-stm32.12.3.rel1.win32_1.1.0.202410251130/tools/bin/../lib/gcc/arm-none-eabi/12.3.1/../../../../arm-none-eabi/lib/thumb/v7-m/nofp\libc_nano.a(libc_a-mallocr.o)
                0x200006cc                __malloc_sbrk_start
 .bss.__malloc_free_list
                0x200006d0        0x4 C:/ST/STM32CubeIDE_1.17.0/STM32CubeIDE/plugins/com.st.stm32cube.ide.mcu.externaltools.gnu-tools-for-stm32.12.3.rel1.win32_1.1.0.202410251130/tools/bin/../lib/gcc/arm-none-eabi/12.3.1/../../../../arm-none-eabi/lib/thumb/v7-m/nofp\libc_nano.a(libc_a-mallocr.o)
                0x200006d0                __malloc_free_list
 *(COMMON)
                0x200006d4                        . = ALIGN (0x4)
                0x200006d4                        _ebss = .
                0x200006d4                        __bss_end__ = _ebss

._user_heap_stack
                0x200006d4      0x604 load address 0x08005988
                0x200006d8                        . = ALIGN (0x8)
 *fill*         0x200006d4        0x4 
                [!provide]                        PROVIDE (end = .)
                0x200006d8                        PROVIDE (_end = .)
                0x200008d8                        . = (. + _Min_Heap_Size)
 *fill*         0x200006d8      0x200 
                0x20000cd8                        . = (. + _Min_Stack_Size)
 *fill*         0x200008d8      0x400 
                0x20000cd8                        . = ALIGN (0x8)

/DISCARD/
 libc.a(*)
 libm.a(*)
 libgcc.a(*)

.ARM.attributes
                0x00000000       0x29
 *(.ARM.attributes)
 .ARM.attributes
                0x00000000       0x1d C:/ST/STM32CubeIDE_1.17.0/STM32CubeIDE/plugins/com.st.stm32cube.ide.mcu.externaltools.gnu-tools-for-stm32.12.3.rel1.win32_1.1.0.202410251130/tools/bin/../lib/gcc/arm-none-eabi/12.3.1/thumb/v7-m/nofp/crti.o
 .ARM.attributes
                0x0000001d       0x2d C:/ST/STM32CubeIDE_1.17.0/STM32CubeIDE/plugins/com.st.stm32cube.ide.mcu.externaltools.gnu-tools-for-stm32.12.3.rel1.win32_1.1.0.202410251130/tools/bin/../lib/gcc/arm-none-eabi/12.3.1/thumb/v7-m/nofp/crtbegin.o
 .ARM.attributes
                0x0000004a       0x2d ./Core/Src/I2C_LCD.o
 .ARM.attributes
                0x00000077       0x2d ./Core/Src/I2C_LCD_cfg.o
 .ARM.attributes
                0x000000a4       0x2d ./Core/Src/MENU.o
 .ARM.attributes
                0x000000d1       0x2d ./Core/Src/main.o
 .ARM.attributes
                0x000000fe       0x2d ./Core/Src/stm32f1xx_hal_msp.o
 .ARM.attributes
                0x0000012b       0x2d ./Core/Src/stm32f1xx_it.o
 .ARM.attributes
                0x00000158       0x2d ./Core/Src/sysmem.o
 .ARM.attributes
                0x00000185       0x2d ./Core/Src/system_stm32f1xx.o
 .ARM.attributes
                0x000001b2       0x21 ./Core/Startup/startup_stm32f103c8tx.o
 .ARM.attributes
                0x000001d3       0x2d ./Drivers/STM32F1xx_HAL_Driver/Src/stm32f1xx_hal.o
 .ARM.attributes
                0x00000200       0x2d ./Drivers/STM32F1xx_HAL_Driver/Src/stm32f1xx_hal_adc.o
 .ARM.attributes
                0x0000022d       0x2d ./Drivers/STM32F1xx_HAL_Driver/Src/stm32f1xx_hal_cortex.o
 .ARM.attributes
                0x0000025a       0x2d ./Drivers/STM32F1xx_HAL_Driver/Src/stm32f1xx_hal_gpio.o
 .ARM.attributes
                0x00000287       0x2d ./Drivers/STM32F1xx_HAL_Driver/Src/stm32f1xx_hal_i2c.o
 .ARM.attributes
                0x000002b4       0x2d ./Drivers/STM32F1xx_HAL_Driver/Src/stm32f1xx_hal_rcc.o
 .ARM.attributes
                0x000002e1       0x2d ./Drivers/STM32F1xx_HAL_Driver/Src/stm32f1xx_hal_rcc_ex.o
 .ARM.attributes
                0x0000030e       0x2d ./Drivers/STM32F1xx_HAL_Driver/Src/stm32f1xx_hal_tim.o
 .ARM.attributes
                0x0000033b       0x2d ./Drivers/STM32F1xx_HAL_Driver/Src/stm32f1xx_hal_tim_ex.o
 .ARM.attributes
                0x00000368       0x2d C:/ST/STM32CubeIDE_1.17.0/STM32CubeIDE/plugins/com.st.stm32cube.ide.mcu.externaltools.gnu-tools-for-stm32.12.3.rel1.win32_1.1.0.202410251130/tools/bin/../lib/gcc/arm-none-eabi/12.3.1/../../../../arm-none-eabi/lib/thumb/v7-m/nofp\libc_nano.a(libc_a-findfp.o)
 .ARM.attributes
                0x00000395       0x2d C:/ST/STM32CubeIDE_1.17.0/STM32CubeIDE/plugins/com.st.stm32cube.ide.mcu.externaltools.gnu-tools-for-stm32.12.3.rel1.win32_1.1.0.202410251130/tools/bin/../lib/gcc/arm-none-eabi/12.3.1/../../../../arm-none-eabi/lib/thumb/v7-m/nofp\libc_nano.a(libc_a-sprintf.o)
 .ARM.attributes
                0x000003c2       0x2d C:/ST/STM32CubeIDE_1.17.0/STM32CubeIDE/plugins/com.st.stm32cube.ide.mcu.externaltools.gnu-tools-for-stm32.12.3.rel1.win32_1.1.0.202410251130/tools/bin/../lib/gcc/arm-none-eabi/12.3.1/../../../../arm-none-eabi/lib/thumb/v7-m/nofp\libc_nano.a(libc_a-memset.o)
 .ARM.attributes
                0x000003ef       0x2d C:/ST/STM32CubeIDE_1.17.0/STM32CubeIDE/plugins/com.st.stm32cube.ide.mcu.externaltools.gnu-tools-for-stm32.12.3.rel1.win32_1.1.0.202410251130/tools/bin/../lib/gcc/arm-none-eabi/12.3.1/../../../../arm-none-eabi/lib/thumb/v7-m/nofp\libc_nano.a(libc_a-reent.o)
 .ARM.attributes
                0x0000041c       0x2d C:/ST/STM32CubeIDE_1.17.0/STM32CubeIDE/plugins/com.st.stm32cube.ide.mcu.externaltools.gnu-tools-for-stm32.12.3.rel1.win32_1.1.0.202410251130/tools/bin/../lib/gcc/arm-none-eabi/12.3.1/../../../../arm-none-eabi/lib/thumb/v7-m/nofp\libc_nano.a(libc_a-impure.o)
 .ARM.attributes
                0x00000449       0x2d C:/ST/STM32CubeIDE_1.17.0/STM32CubeIDE/plugins/com.st.stm32cube.ide.mcu.externaltools.gnu-tools-for-stm32.12.3.rel1.win32_1.1.0.202410251130/tools/bin/../lib/gcc/arm-none-eabi/12.3.1/../../../../arm-none-eabi/lib/thumb/v7-m/nofp\libc_nano.a(libc_a-errno.o)
 .ARM.attributes
                0x00000476       0x2d C:/ST/STM32CubeIDE_1.17.0/STM32CubeIDE/plugins/com.st.stm32cube.ide.mcu.externaltools.gnu-tools-for-stm32.12.3.rel1.win32_1.1.0.202410251130/tools/bin/../lib/gcc/arm-none-eabi/12.3.1/../../../../arm-none-eabi/lib/thumb/v7-m/nofp\libc_nano.a(libc_a-init.o)
 .ARM.attributes
                0x000004a3       0x2d C:/ST/STM32CubeIDE_1.17.0/STM32CubeIDE/plugins/com.st.stm32cube.ide.mcu.externaltools.gnu-tools-for-stm32.12.3.rel1.win32_1.1.0.202410251130/tools/bin/../lib/gcc/arm-none-eabi/12.3.1/../../../../arm-none-eabi/lib/thumb/v7-m/nofp\libc_nano.a(libc_a-lock.o)
 .ARM.attributes
                0x000004d0       0x1b C:/ST/STM32CubeIDE_1.17.0/STM32CubeIDE/plugins/com.st.stm32cube.ide.mcu.externaltools.gnu-tools-for-stm32.12.3.rel1.win32_1.1.0.202410251130/tools/bin/../lib/gcc/arm-none-eabi/12.3.1/../../../../arm-none-eabi/lib/thumb/v7-m/nofp\libc_nano.a(libc_a-strcmp.o)
 .ARM.attributes
                0x000004eb       0x17 C:/ST/STM32CubeIDE_1.17.0/STM32CubeIDE/plugins/com.st.stm32cube.ide.mcu.externaltools.gnu-tools-for-stm32.12.3.rel1.win32_1.1.0.202410251130/tools/bin/../lib/gcc/arm-none-eabi/12.3.1/../../../../arm-none-eabi/lib/thumb/v7-m/nofp\libc_nano.a(libc_a-strlen.o)
 .ARM.attributes
                0x00000502       0x2d C:/ST/STM32CubeIDE_1.17.0/STM32CubeIDE/plugins/com.st.stm32cube.ide.mcu.externaltools.gnu-tools-for-stm32.12.3.rel1.win32_1.1.0.202410251130/tools/bin/../lib/gcc/arm-none-eabi/12.3.1/../../../../arm-none-eabi/lib/thumb/v7-m/nofp\libc_nano.a(libc_a-freer.o)
 .ARM.attributes
                0x0000052f       0x2d C:/ST/STM32CubeIDE_1.17.0/STM32CubeIDE/plugins/com.st.stm32cube.ide.mcu.externaltools.gnu-tools-for-stm32.12.3.rel1.win32_1.1.0.202410251130/tools/bin/../lib/gcc/arm-none-eabi/12.3.1/../../../../arm-none-eabi/lib/thumb/v7-m/nofp\libc_nano.a(libc_a-mallocr.o)
 .ARM.attributes
                0x0000055c       0x2d C:/ST/STM32CubeIDE_1.17.0/STM32CubeIDE/plugins/com.st.stm32cube.ide.mcu.externaltools.gnu-tools-for-stm32.12.3.rel1.win32_1.1.0.202410251130/tools/bin/../lib/gcc/arm-none-eabi/12.3.1/../../../../arm-none-eabi/lib/thumb/v7-m/nofp\libc_nano.a(libc_a-mlock.o)
 .ARM.attributes
                0x00000589       0x2d C:/ST/STM32CubeIDE_1.17.0/STM32CubeIDE/plugins/com.st.stm32cube.ide.mcu.externaltools.gnu-tools-for-stm32.12.3.rel1.win32_1.1.0.202410251130/tools/bin/../lib/gcc/arm-none-eabi/12.3.1/../../../../arm-none-eabi/lib/thumb/v7-m/nofp\libc_nano.a(libc_a-nano-svfprintf.o)
 .ARM.attributes
                0x000005b6       0x2d C:/ST/STM32CubeIDE_1.17.0/STM32CubeIDE/plugins/com.st.stm32cube.ide.mcu.externaltools.gnu-tools-for-stm32.12.3.rel1.win32_1.1.0.202410251130/tools/bin/../lib/gcc/arm-none-eabi/12.3.1/../../../../arm-none-eabi/lib/thumb/v7-m/nofp\libc_nano.a(libc_a-nano-vfprintf_i.o)
 .ARM.attributes
                0x000005e3       0x2d C:/ST/STM32CubeIDE_1.17.0/STM32CubeIDE/plugins/com.st.stm32cube.ide.mcu.externaltools.gnu-tools-for-stm32.12.3.rel1.win32_1.1.0.202410251130/tools/bin/../lib/gcc/arm-none-eabi/12.3.1/../../../../arm-none-eabi/lib/thumb/v7-m/nofp\libc_nano.a(libc_a-memmove.o)
 .ARM.attributes
                0x00000610       0x2d C:/ST/STM32CubeIDE_1.17.0/STM32CubeIDE/plugins/com.st.stm32cube.ide.mcu.externaltools.gnu-tools-for-stm32.12.3.rel1.win32_1.1.0.202410251130/tools/bin/../lib/gcc/arm-none-eabi/12.3.1/../../../../arm-none-eabi/lib/thumb/v7-m/nofp\libc_nano.a(libc_a-sbrkr.o)
 .ARM.attributes
                0x0000063d       0x2d C:/ST/STM32CubeIDE_1.17.0/STM32CubeIDE/plugins/com.st.stm32cube.ide.mcu.externaltools.gnu-tools-for-stm32.12.3.rel1.win32_1.1.0.202410251130/tools/bin/../lib/gcc/arm-none-eabi/12.3.1/../../../../arm-none-eabi/lib/thumb/v7-m/nofp\libc_nano.a(libc_a-memchr-stub.o)
 .ARM.attributes
                0x0000066a       0x2d C:/ST/STM32CubeIDE_1.17.0/STM32CubeIDE/plugins/com.st.stm32cube.ide.mcu.externaltools.gnu-tools-for-stm32.12.3.rel1.win32_1.1.0.202410251130/tools/bin/../lib/gcc/arm-none-eabi/12.3.1/../../../../arm-none-eabi/lib/thumb/v7-m/nofp\libc_nano.a(libc_a-memcpy-stub.o)
 .ARM.attributes
                0x00000697       0x2d C:/ST/STM32CubeIDE_1.17.0/STM32CubeIDE/plugins/com.st.stm32cube.ide.mcu.externaltools.gnu-tools-for-stm32.12.3.rel1.win32_1.1.0.202410251130/tools/bin/../lib/gcc/arm-none-eabi/12.3.1/../../../../arm-none-eabi/lib/thumb/v7-m/nofp\libc_nano.a(libc_a-reallocr.o)
 .ARM.attributes
                0x000006c4       0x2d C:/ST/STM32CubeIDE_1.17.0/STM32CubeIDE/plugins/com.st.stm32cube.ide.mcu.externaltools.gnu-tools-for-stm32.12.3.rel1.win32_1.1.0.202410251130/tools/bin/../lib/gcc/arm-none-eabi/12.3.1/../../../../arm-none-eabi/lib/thumb/v7-m/nofp\libc_nano.a(libc_a-msizer.o)
 .ARM.attributes
                0x000006f1       0x2d C:/ST/STM32CubeIDE_1.17.0/STM32CubeIDE/plugins/com.st.stm32cube.ide.mcu.externaltools.gnu-tools-for-stm32.12.3.rel1.win32_1.1.0.202410251130/tools/bin/../lib/gcc/arm-none-eabi/12.3.1/../../../../arm-none-eabi/lib/thumb/v7-m/nofp\libm.a(libm_a-w_log.o)
 .ARM.attributes
                0x0000071e       0x2d C:/ST/STM32CubeIDE_1.17.0/STM32CubeIDE/plugins/com.st.stm32cube.ide.mcu.externaltools.gnu-tools-for-stm32.12.3.rel1.win32_1.1.0.202410251130/tools/bin/../lib/gcc/arm-none-eabi/12.3.1/../../../../arm-none-eabi/lib/thumb/v7-m/nofp\libm.a(libm_a-s_nan.o)
 .ARM.attributes
                0x0000074b       0x2d C:/ST/STM32CubeIDE_1.17.0/STM32CubeIDE/plugins/com.st.stm32cube.ide.mcu.externaltools.gnu-tools-for-stm32.12.3.rel1.win32_1.1.0.202410251130/tools/bin/../lib/gcc/arm-none-eabi/12.3.1/../../../../arm-none-eabi/lib/thumb/v7-m/nofp\libm.a(libm_a-e_log.o)
 .ARM.attributes
                0x00000778       0x1d C:/ST/STM32CubeIDE_1.17.0/STM32CubeIDE/plugins/com.st.stm32cube.ide.mcu.externaltools.gnu-tools-for-stm32.12.3.rel1.win32_1.1.0.202410251130/tools/bin/../lib/gcc/arm-none-eabi/12.3.1/thumb/v7-m/nofp\libgcc.a(_arm_mulsf3.o)
 .ARM.attributes
                0x00000795       0x1d C:/ST/STM32CubeIDE_1.17.0/STM32CubeIDE/plugins/com.st.stm32cube.ide.mcu.externaltools.gnu-tools-for-stm32.12.3.rel1.win32_1.1.0.202410251130/tools/bin/../lib/gcc/arm-none-eabi/12.3.1/thumb/v7-m/nofp\libgcc.a(_arm_addsubdf3.o)
 .ARM.attributes
                0x000007b2       0x1d C:/ST/STM32CubeIDE_1.17.0/STM32CubeIDE/plugins/com.st.stm32cube.ide.mcu.externaltools.gnu-tools-for-stm32.12.3.rel1.win32_1.1.0.202410251130/tools/bin/../lib/gcc/arm-none-eabi/12.3.1/thumb/v7-m/nofp\libgcc.a(_arm_muldivdf3.o)
 .ARM.attributes
                0x000007cf       0x1d C:/ST/STM32CubeIDE_1.17.0/STM32CubeIDE/plugins/com.st.stm32cube.ide.mcu.externaltools.gnu-tools-for-stm32.12.3.rel1.win32_1.1.0.202410251130/tools/bin/../lib/gcc/arm-none-eabi/12.3.1/thumb/v7-m/nofp\libgcc.a(_arm_cmpdf2.o)
 .ARM.attributes
                0x000007ec       0x1d C:/ST/STM32CubeIDE_1.17.0/STM32CubeIDE/plugins/com.st.stm32cube.ide.mcu.externaltools.gnu-tools-for-stm32.12.3.rel1.win32_1.1.0.202410251130/tools/bin/../lib/gcc/arm-none-eabi/12.3.1/thumb/v7-m/nofp\libgcc.a(_arm_unorddf2.o)
 .ARM.attributes
                0x00000809       0x1d C:/ST/STM32CubeIDE_1.17.0/STM32CubeIDE/plugins/com.st.stm32cube.ide.mcu.externaltools.gnu-tools-for-stm32.12.3.rel1.win32_1.1.0.202410251130/tools/bin/../lib/gcc/arm-none-eabi/12.3.1/thumb/v7-m/nofp\libgcc.a(_arm_truncdfsf2.o)
 .ARM.attributes
                0x00000826       0x1d C:/ST/STM32CubeIDE_1.17.0/STM32CubeIDE/plugins/com.st.stm32cube.ide.mcu.externaltools.gnu-tools-for-stm32.12.3.rel1.win32_1.1.0.202410251130/tools/bin/../lib/gcc/arm-none-eabi/12.3.1/thumb/v7-m/nofp\libgcc.a(_arm_addsubsf3.o)
 .ARM.attributes
                0x00000843       0x1d C:/ST/STM32CubeIDE_1.17.0/STM32CubeIDE/plugins/com.st.stm32cube.ide.mcu.externaltools.gnu-tools-for-stm32.12.3.rel1.win32_1.1.0.202410251130/tools/bin/../lib/gcc/arm-none-eabi/12.3.1/thumb/v7-m/nofp\libgcc.a(_arm_cmpsf2.o)
 .ARM.attributes
                0x00000860       0x1d C:/ST/STM32CubeIDE_1.17.0/STM32CubeIDE/plugins/com.st.stm32cube.ide.mcu.externaltools.gnu-tools-for-stm32.12.3.rel1.win32_1.1.0.202410251130/tools/bin/../lib/gcc/arm-none-eabi/12.3.1/thumb/v7-m/nofp\libgcc.a(_arm_fixsfsi.o)
 .ARM.attributes
                0x0000087d       0x1d C:/ST/STM32CubeIDE_1.17.0/STM32CubeIDE/plugins/com.st.stm32cube.ide.mcu.externaltools.gnu-tools-for-stm32.12.3.rel1.win32_1.1.0.202410251130/tools/bin/../lib/gcc/arm-none-eabi/12.3.1/thumb/v7-m/nofp\libgcc.a(_arm_fixunssfsi.o)
 .ARM.attributes
                0x0000089a       0x1d C:/ST/STM32CubeIDE_1.17.0/STM32CubeIDE/plugins/com.st.stm32cube.ide.mcu.externaltools.gnu-tools-for-stm32.12.3.rel1.win32_1.1.0.202410251130/tools/bin/../lib/gcc/arm-none-eabi/12.3.1/thumb/v7-m/nofp/crtn.o
OUTPUT(Lukes_robotDyn.elf elf32-littlearm)
LOAD linker stubs
LOAD C:/ST/STM32CubeIDE_1.17.0/STM32CubeIDE/plugins/com.st.stm32cube.ide.mcu.externaltools.gnu-tools-for-stm32.12.3.rel1.win32_1.1.0.202410251130/tools/bin/../lib/gcc/arm-none-eabi/12.3.1/../../../../arm-none-eabi/lib/thumb/v7-m/nofp\libc.a
LOAD C:/ST/STM32CubeIDE_1.17.0/STM32CubeIDE/plugins/com.st.stm32cube.ide.mcu.externaltools.gnu-tools-for-stm32.12.3.rel1.win32_1.1.0.202410251130/tools/bin/../lib/gcc/arm-none-eabi/12.3.1/../../../../arm-none-eabi/lib/thumb/v7-m/nofp\libm.a
LOAD C:/ST/STM32CubeIDE_1.17.0/STM32CubeIDE/plugins/com.st.stm32cube.ide.mcu.externaltools.gnu-tools-for-stm32.12.3.rel1.win32_1.1.0.202410251130/tools/bin/../lib/gcc/arm-none-eabi/12.3.1/thumb/v7-m/nofp\libgcc.a

.debug_info     0x00000000    0x12a11
 .debug_info    0x00000000     0x10ce ./Core/Src/I2C_LCD.o
 .debug_info    0x000010ce      0x5f7 ./Core/Src/I2C_LCD_cfg.o
 .debug_info    0x000016c5      0x52f ./Core/Src/MENU.o
 .debug_info    0x00001bf4     0x2a2b ./Core/Src/main.o
 .debug_info    0x0000461f     0x12fd ./Core/Src/stm32f1xx_hal_msp.o
 .debug_info    0x0000591c      0x74e ./Core/Src/stm32f1xx_it.o
 .debug_info    0x0000606a      0x16e ./Core/Src/sysmem.o
 .debug_info    0x000061d8      0x22a ./Core/Src/system_stm32f1xx.o
 .debug_info    0x00006402       0x30 ./Core/Startup/startup_stm32f103c8tx.o
 .debug_info    0x00006432      0x79f ./Drivers/STM32F1xx_HAL_Driver/Src/stm32f1xx_hal.o
 .debug_info    0x00006bd1      0xed6 ./Drivers/STM32F1xx_HAL_Driver/Src/stm32f1xx_hal_adc.o
 .debug_info    0x00007aa7      0xcaa ./Drivers/STM32F1xx_HAL_Driver/Src/stm32f1xx_hal_cortex.o
 .debug_info    0x00008751      0x601 ./Drivers/STM32F1xx_HAL_Driver/Src/stm32f1xx_hal_gpio.o
 .debug_info    0x00008d52     0x38c0 ./Drivers/STM32F1xx_HAL_Driver/Src/stm32f1xx_hal_i2c.o
 .debug_info    0x0000c612      0x9c4 ./Drivers/STM32F1xx_HAL_Driver/Src/stm32f1xx_hal_rcc.o
 .debug_info    0x0000cfd6      0x41d ./Drivers/STM32F1xx_HAL_Driver/Src/stm32f1xx_hal_rcc_ex.o
 .debug_info    0x0000d3f3     0x3b99 ./Drivers/STM32F1xx_HAL_Driver/Src/stm32f1xx_hal_tim.o
 .debug_info    0x00010f8c     0x1a85 ./Drivers/STM32F1xx_HAL_Driver/Src/stm32f1xx_hal_tim_ex.o

.debug_abbrev   0x00000000     0x25cd
 .debug_abbrev  0x00000000      0x23e ./Core/Src/I2C_LCD.o
 .debug_abbrev  0x0000023e      0x133 ./Core/Src/I2C_LCD_cfg.o
 .debug_abbrev  0x00000371      0x1b9 ./Core/Src/MENU.o
 .debug_abbrev  0x0000052a      0x410 ./Core/Src/main.o
 .debug_abbrev  0x0000093a      0x270 ./Core/Src/stm32f1xx_hal_msp.o
 .debug_abbrev  0x00000baa      0x1c5 ./Core/Src/stm32f1xx_it.o
 .debug_abbrev  0x00000d6f       0xec ./Core/Src/sysmem.o
 .debug_abbrev  0x00000e5b      0x145 ./Core/Src/system_stm32f1xx.o
 .debug_abbrev  0x00000fa0       0x24 ./Core/Startup/startup_stm32f103c8tx.o
 .debug_abbrev  0x00000fc4      0x22f ./Drivers/STM32F1xx_HAL_Driver/Src/stm32f1xx_hal.o
 .debug_abbrev  0x000011f3      0x254 ./Drivers/STM32F1xx_HAL_Driver/Src/stm32f1xx_hal_adc.o
 .debug_abbrev  0x00001447      0x36f ./Drivers/STM32F1xx_HAL_Driver/Src/stm32f1xx_hal_cortex.o
 .debug_abbrev  0x000017b6      0x1f9 ./Drivers/STM32F1xx_HAL_Driver/Src/stm32f1xx_hal_gpio.o
 .debug_abbrev  0x000019af      0x2c0 ./Drivers/STM32F1xx_HAL_Driver/Src/stm32f1xx_hal_i2c.o
 .debug_abbrev  0x00001c6f      0x2a2 ./Drivers/STM32F1xx_HAL_Driver/Src/stm32f1xx_hal_rcc.o
 .debug_abbrev  0x00001f11      0x1da ./Drivers/STM32F1xx_HAL_Driver/Src/stm32f1xx_hal_rcc_ex.o
 .debug_abbrev  0x000020eb      0x272 ./Drivers/STM32F1xx_HAL_Driver/Src/stm32f1xx_hal_tim.o
 .debug_abbrev  0x0000235d      0x270 ./Drivers/STM32F1xx_HAL_Driver/Src/stm32f1xx_hal_tim_ex.o

.debug_loclists
                0x00000000     0x9063
 .debug_loclists
                0x00000000      0x48e ./Core/Src/I2C_LCD.o
 .debug_loclists
                0x0000048e       0x54 ./Core/Src/MENU.o
 .debug_loclists
                0x000004e2      0x263 ./Core/Src/main.o
 .debug_loclists
                0x00000745      0x17c ./Core/Src/stm32f1xx_hal_msp.o
 .debug_loclists
                0x000008c1       0x46 ./Core/Src/sysmem.o
 .debug_loclists
                0x00000907       0xa5 ./Core/Src/system_stm32f1xx.o
 .debug_loclists
                0x000009ac       0xc9 ./Drivers/STM32F1xx_HAL_Driver/Src/stm32f1xx_hal.o
 .debug_loclists
                0x00000a75      0x71f ./Drivers/STM32F1xx_HAL_Driver/Src/stm32f1xx_hal_adc.o
 .debug_loclists
                0x00001194      0x422 ./Drivers/STM32F1xx_HAL_Driver/Src/stm32f1xx_hal_cortex.o
 .debug_loclists
                0x000015b6      0x2e8 ./Drivers/STM32F1xx_HAL_Driver/Src/stm32f1xx_hal_gpio.o
 .debug_loclists
                0x0000189e     0x2b72 ./Drivers/STM32F1xx_HAL_Driver/Src/stm32f1xx_hal_i2c.o
 .debug_loclists
                0x00004410      0x3f8 ./Drivers/STM32F1xx_HAL_Driver/Src/stm32f1xx_hal_rcc.o
 .debug_loclists
                0x00004808      0x2c5 ./Drivers/STM32F1xx_HAL_Driver/Src/stm32f1xx_hal_rcc_ex.o
 .debug_loclists
                0x00004acd     0x334a ./Drivers/STM32F1xx_HAL_Driver/Src/stm32f1xx_hal_tim.o
 .debug_loclists
                0x00007e17     0x124c ./Drivers/STM32F1xx_HAL_Driver/Src/stm32f1xx_hal_tim_ex.o

.debug_aranges  0x00000000      0xed8
 .debug_aranges
                0x00000000       0xd8 ./Core/Src/I2C_LCD.o
 .debug_aranges
                0x000000d8       0x18 ./Core/Src/I2C_LCD_cfg.o
 .debug_aranges
                0x000000f0       0x50 ./Core/Src/MENU.o
 .debug_aranges
                0x00000140       0xa8 ./Core/Src/main.o
 .debug_aranges
                0x000001e8       0x78 ./Core/Src/stm32f1xx_hal_msp.o
 .debug_aranges
                0x00000260       0x80 ./Core/Src/stm32f1xx_it.o
 .debug_aranges
                0x000002e0       0x20 ./Core/Src/sysmem.o
 .debug_aranges
                0x00000300       0x28 ./Core/Src/system_stm32f1xx.o
 .debug_aranges
                0x00000328       0x28 ./Core/Startup/startup_stm32f103c8tx.o
 .debug_aranges
                0x00000350       0xe0 ./Drivers/STM32F1xx_HAL_Driver/Src/stm32f1xx_hal.o
 .debug_aranges
                0x00000430       0xf0 ./Drivers/STM32F1xx_HAL_Driver/Src/stm32f1xx_hal_adc.o
 .debug_aranges
                0x00000520       0xc0 ./Drivers/STM32F1xx_HAL_Driver/Src/stm32f1xx_hal_cortex.o
 .debug_aranges
                0x000005e0       0x58 ./Drivers/STM32F1xx_HAL_Driver/Src/stm32f1xx_hal_gpio.o
 .debug_aranges
                0x00000638      0x2a8 ./Drivers/STM32F1xx_HAL_Driver/Src/stm32f1xx_hal_i2c.o
 .debug_aranges
                0x000008e0       0x90 ./Drivers/STM32F1xx_HAL_Driver/Src/stm32f1xx_hal_rcc.o
 .debug_aranges
                0x00000970       0x30 ./Drivers/STM32F1xx_HAL_Driver/Src/stm32f1xx_hal_rcc_ex.o
 .debug_aranges
                0x000009a0      0x3d0 ./Drivers/STM32F1xx_HAL_Driver/Src/stm32f1xx_hal_tim.o
 .debug_aranges
                0x00000d70      0x168 ./Drivers/STM32F1xx_HAL_Driver/Src/stm32f1xx_hal_tim_ex.o

.debug_rnglists
                0x00000000      0xb7c
 .debug_rnglists
                0x00000000       0x9e ./Core/Src/I2C_LCD.o
 .debug_rnglists
                0x0000009e       0x46 ./Core/Src/MENU.o
 .debug_rnglists
                0x000000e4       0x82 ./Core/Src/main.o
 .debug_rnglists
                0x00000166       0x55 ./Core/Src/stm32f1xx_hal_msp.o
 .debug_rnglists
                0x000001bb       0x5b ./Core/Src/stm32f1xx_it.o
 .debug_rnglists
                0x00000216       0x13 ./Core/Src/sysmem.o
 .debug_rnglists
                0x00000229       0x1a ./Core/Src/system_stm32f1xx.o
 .debug_rnglists
                0x00000243       0x19 ./Core/Startup/startup_stm32f103c8tx.o
 .debug_rnglists
                0x0000025c       0xa3 ./Drivers/STM32F1xx_HAL_Driver/Src/stm32f1xx_hal.o
 .debug_rnglists
                0x000002ff       0xb8 ./Drivers/STM32F1xx_HAL_Driver/Src/stm32f1xx_hal_adc.o
 .debug_rnglists
                0x000003b7       0x8b ./Drivers/STM32F1xx_HAL_Driver/Src/stm32f1xx_hal_cortex.o
 .debug_rnglists
                0x00000442       0x3f ./Drivers/STM32F1xx_HAL_Driver/Src/stm32f1xx_hal_gpio.o
 .debug_rnglists
                0x00000481      0x236 ./Drivers/STM32F1xx_HAL_Driver/Src/stm32f1xx_hal_i2c.o
 .debug_rnglists
                0x000006b7       0x7d ./Drivers/STM32F1xx_HAL_Driver/Src/stm32f1xx_hal_rcc.o
 .debug_rnglists
                0x00000734       0x2f ./Drivers/STM32F1xx_HAL_Driver/Src/stm32f1xx_hal_rcc_ex.o
 .debug_rnglists
                0x00000763      0x2ff ./Drivers/STM32F1xx_HAL_Driver/Src/stm32f1xx_hal_tim.o
 .debug_rnglists
                0x00000a62      0x11a ./Drivers/STM32F1xx_HAL_Driver/Src/stm32f1xx_hal_tim_ex.o

.debug_macro    0x00000000    0x18c72
 .debug_macro   0x00000000      0x2b2 ./Core/Src/I2C_LCD.o
 .debug_macro   0x000002b2      0xaa2 ./Core/Src/I2C_LCD.o
 .debug_macro   0x00000d54       0x22 ./Core/Src/I2C_LCD.o
 .debug_macro   0x00000d76       0x56 ./Core/Src/I2C_LCD.o
 .debug_macro   0x00000dcc       0x51 ./Core/Src/I2C_LCD.o
 .debug_macro   0x00000e1d      0x103 ./Core/Src/I2C_LCD.o
 .debug_macro   0x00000f20       0x6a ./Core/Src/I2C_LCD.o
 .debug_macro   0x00000f8a      0x1df ./Core/Src/I2C_LCD.o
 .debug_macro   0x00001169       0x10 ./Core/Src/I2C_LCD.o
 .debug_macro   0x00001179      0x221 ./Core/Src/I2C_LCD.o
 .debug_macro   0x0000139a       0x2e ./Core/Src/I2C_LCD.o
 .debug_macro   0x000013c8       0x22 ./Core/Src/I2C_LCD.o
 .debug_macro   0x000013ea       0x1c ./Core/Src/I2C_LCD.o
 .debug_macro   0x00001406       0x22 ./Core/Src/I2C_LCD.o
 .debug_macro   0x00001428       0xbd ./Core/Src/I2C_LCD.o
 .debug_macro   0x000014e5      0xd23 ./Core/Src/I2C_LCD.o
 .debug_macro   0x00002208     0xe09e ./Core/Src/I2C_LCD.o
 .debug_macro   0x000102a6       0x6d ./Core/Src/I2C_LCD.o
 .debug_macro   0x00010313     0x34a2 ./Core/Src/I2C_LCD.o
 .debug_macro   0x000137b5      0x182 ./Core/Src/I2C_LCD.o
 .debug_macro   0x00013937       0x5c ./Core/Src/I2C_LCD.o
 .debug_macro   0x00013993      0x5bc ./Core/Src/I2C_LCD.o
 .debug_macro   0x00013f4f      0x289 ./Core/Src/I2C_LCD.o
 .debug_macro   0x000141d8      0x1cb ./Core/Src/I2C_LCD.o
 .debug_macro   0x000143a3      0x114 ./Core/Src/I2C_LCD.o
 .debug_macro   0x000144b7      0x1b2 ./Core/Src/I2C_LCD.o
 .debug_macro   0x00014669       0x27 ./Core/Src/I2C_LCD.o
 .debug_macro   0x00014690      0x136 ./Core/Src/I2C_LCD.o
 .debug_macro   0x000147c6      0x1bc ./Core/Src/I2C_LCD.o
 .debug_macro   0x00014982       0x34 ./Core/Src/I2C_LCD.o
 .debug_macro   0x000149b6       0x3c ./Core/Src/I2C_LCD.o
 .debug_macro   0x000149f2       0x57 ./Core/Src/I2C_LCD.o
 .debug_macro   0x00014a49      0x46a ./Core/Src/I2C_LCD.o
 .debug_macro   0x00014eb3      0x1b5 ./Core/Src/I2C_LCD.o
 .debug_macro   0x00015068       0x87 ./Core/Src/I2C_LCD.o
 .debug_macro   0x000150ef      0x240 ./Core/Src/I2C_LCD.o
 .debug_macro   0x0001532f      0x287 ./Core/Src/I2C_LCD.o
 .debug_macro   0x000155b6      0x140 ./Core/Src/I2C_LCD.o
 .debug_macro   0x000156f6      0x8ed ./Core/Src/I2C_LCD.o
 .debug_macro   0x00015fe3       0x83 ./Core/Src/I2C_LCD.o
 .debug_macro   0x00016066       0x10 ./Core/Src/I2C_LCD.o
 .debug_macro   0x00016076       0x3a ./Core/Src/I2C_LCD.o
 .debug_macro   0x000160b0      0x1dd ./Core/Src/I2C_LCD_cfg.o
 .debug_macro   0x0001628d       0x16 ./Core/Src/I2C_LCD_cfg.o
 .debug_macro   0x000162a3      0x160 ./Core/Src/MENU.o
 .debug_macro   0x00016403       0x61 ./Core/Src/MENU.o
 .debug_macro   0x00016464       0x24 ./Core/Src/MENU.o
 .debug_macro   0x00016488       0x43 ./Core/Src/MENU.o
 .debug_macro   0x000164cb       0x34 ./Core/Src/MENU.o
 .debug_macro   0x000164ff       0x16 ./Core/Src/MENU.o
 .debug_macro   0x00016515       0x9e ./Core/Src/MENU.o
 .debug_macro   0x000165b3      0x385 ./Core/Src/MENU.o
 .debug_macro   0x00016938      0x104 ./Core/Src/MENU.o
 .debug_macro   0x00016a3c       0x10 ./Core/Src/MENU.o
 .debug_macro   0x00016a4c       0x16 ./Core/Src/MENU.o
 .debug_macro   0x00016a62       0x43 ./Core/Src/MENU.o
 .debug_macro   0x00016aa5       0x34 ./Core/Src/MENU.o
 .debug_macro   0x00016ad9       0x10 ./Core/Src/MENU.o
 .debug_macro   0x00016ae9       0x58 ./Core/Src/MENU.o
 .debug_macro   0x00016b41       0x8e ./Core/Src/MENU.o
 .debug_macro   0x00016bcf       0x16 ./Core/Src/MENU.o
 .debug_macro   0x00016be5      0x177 ./Core/Src/MENU.o
 .debug_macro   0x00016d5c       0x16 ./Core/Src/MENU.o
 .debug_macro   0x00016d72       0x16 ./Core/Src/MENU.o
 .debug_macro   0x00016d88      0x115 ./Core/Src/MENU.o
 .debug_macro   0x00016e9d       0x16 ./Core/Src/MENU.o
 .debug_macro   0x00016eb3       0x35 ./Core/Src/MENU.o
 .debug_macro   0x00016ee8       0x20 ./Core/Src/MENU.o
 .debug_macro   0x00016f08      0x320 ./Core/Src/main.o
 .debug_macro   0x00017228       0x22 ./Core/Src/main.o
 .debug_macro   0x0001724a       0xec ./Core/Src/main.o
 .debug_macro   0x00017336       0x16 ./Core/Src/main.o
 .debug_macro   0x0001734c       0x22 ./Core/Src/main.o
 .debug_macro   0x0001736e      0x1c6 ./Core/Src/stm32f1xx_hal_msp.o
 .debug_macro   0x00017534      0x1d0 ./Core/Src/stm32f1xx_it.o
 .debug_macro   0x00017704       0xff ./Core/Src/sysmem.o
 .debug_macro   0x00017803      0x23c ./Core/Src/sysmem.o
 .debug_macro   0x00017a3f      0x1b7 ./Core/Src/system_stm32f1xx.o
 .debug_macro   0x00017bf6      0x1db ./Drivers/STM32F1xx_HAL_Driver/Src/stm32f1xx_hal.o
 .debug_macro   0x00017dd1      0x1d4 ./Drivers/STM32F1xx_HAL_Driver/Src/stm32f1xx_hal_adc.o
 .debug_macro   0x00017fa5      0x1b7 ./Drivers/STM32F1xx_HAL_Driver/Src/stm32f1xx_hal_cortex.o
 .debug_macro   0x0001815c      0x222 ./Drivers/STM32F1xx_HAL_Driver/Src/stm32f1xx_hal_gpio.o
 .debug_macro   0x0001837e      0x205 ./Drivers/STM32F1xx_HAL_Driver/Src/stm32f1xx_hal_i2c.o
 .debug_macro   0x00018583      0x1c9 ./Drivers/STM32F1xx_HAL_Driver/Src/stm32f1xx_hal_rcc.o
 .debug_macro   0x0001874c      0x1b7 ./Drivers/STM32F1xx_HAL_Driver/Src/stm32f1xx_hal_rcc_ex.o
 .debug_macro   0x00018903      0x1b8 ./Drivers/STM32F1xx_HAL_Driver/Src/stm32f1xx_hal_tim.o
 .debug_macro   0x00018abb      0x1b7 ./Drivers/STM32F1xx_HAL_Driver/Src/stm32f1xx_hal_tim_ex.o

.debug_line     0x00000000    0x16cc2
 .debug_line    0x00000000      0xc6d ./Core/Src/I2C_LCD.o
 .debug_line    0x00000c6d      0x72c ./Core/Src/I2C_LCD_cfg.o
 .debug_line    0x00001399      0x9ad ./Core/Src/MENU.o
 .debug_line    0x00001d46     0x13d7 ./Core/Src/main.o
 .debug_line    0x0000311d      0xa0a ./Core/Src/stm32f1xx_hal_msp.o
 .debug_line    0x00003b27      0x890 ./Core/Src/stm32f1xx_it.o
 .debug_line    0x000043b7      0x59c ./Core/Src/sysmem.o
 .debug_line    0x00004953      0x7d8 ./Core/Src/system_stm32f1xx.o
 .debug_line    0x0000512b       0x78 ./Core/Startup/startup_stm32f103c8tx.o
 .debug_line    0x000051a3      0xa46 ./Drivers/STM32F1xx_HAL_Driver/Src/stm32f1xx_hal.o
 .debug_line    0x00005be9     0x13b8 ./Drivers/STM32F1xx_HAL_Driver/Src/stm32f1xx_hal_adc.o
 .debug_line    0x00006fa1      0xc55 ./Drivers/STM32F1xx_HAL_Driver/Src/stm32f1xx_hal_cortex.o
 .debug_line    0x00007bf6      0xb12 ./Drivers/STM32F1xx_HAL_Driver/Src/stm32f1xx_hal_gpio.o
 .debug_line    0x00008708     0x5b76 ./Drivers/STM32F1xx_HAL_Driver/Src/stm32f1xx_hal_i2c.o
 .debug_line    0x0000e27e     0x1114 ./Drivers/STM32F1xx_HAL_Driver/Src/stm32f1xx_hal_rcc.o
 .debug_line    0x0000f392      0x9b7 ./Drivers/STM32F1xx_HAL_Driver/Src/stm32f1xx_hal_rcc_ex.o
 .debug_line    0x0000fd49     0x4e22 ./Drivers/STM32F1xx_HAL_Driver/Src/stm32f1xx_hal_tim.o
 .debug_line    0x00014b6b     0x2157 ./Drivers/STM32F1xx_HAL_Driver/Src/stm32f1xx_hal_tim_ex.o

.debug_str      0x00000000    0x90639
 .debug_str     0x00000000    0x88546 ./Core/Src/I2C_LCD.o
                              0x88905 (size before relaxing)
 .debug_str     0x00088546       0x20 ./Core/Src/I2C_LCD_cfg.o
                              0x881a9 (size before relaxing)
 .debug_str     0x00088566     0x38e7 ./Core/Src/MENU.o
                               0x78a1 (size before relaxing)
 .debug_str     0x0008be4d     0x15a5 ./Core/Src/main.o
                              0x8cf97 (size before relaxing)
 .debug_str     0x0008d3f2      0x165 ./Core/Src/stm32f1xx_hal_msp.o
                              0x88a12 (size before relaxing)
 .debug_str     0x0008d557      0x137 ./Core/Src/stm32f1xx_it.o
                              0x8827b (size before relaxing)
 .debug_str     0x0008d68e      0x4dc ./Core/Src/sysmem.o
                               0x5f9e (size before relaxing)
 .debug_str     0x0008db6a       0x6e ./Core/Src/system_stm32f1xx.o
                              0x87d00 (size before relaxing)
 .debug_str     0x0008dbd8       0x44 ./Core/Startup/startup_stm32f103c8tx.o
                                 0x86 (size before relaxing)
 .debug_str     0x0008dc1c      0x360 ./Drivers/STM32F1xx_HAL_Driver/Src/stm32f1xx_hal.o
                              0x88433 (size before relaxing)
 .debug_str     0x0008df7c      0x352 ./Drivers/STM32F1xx_HAL_Driver/Src/stm32f1xx_hal_adc.o
                              0x883e4 (size before relaxing)
 .debug_str     0x0008e2ce      0x284 ./Drivers/STM32F1xx_HAL_Driver/Src/stm32f1xx_hal_cortex.o
                              0x8837f (size before relaxing)
 .debug_str     0x0008e552      0x284 ./Drivers/STM32F1xx_HAL_Driver/Src/stm32f1xx_hal_gpio.o
                              0x88086 (size before relaxing)
 .debug_str     0x0008e7d6      0xba6 ./Drivers/STM32F1xx_HAL_Driver/Src/stm32f1xx_hal_i2c.o
                              0x88dc7 (size before relaxing)
 .debug_str     0x0008f37c      0x209 ./Drivers/STM32F1xx_HAL_Driver/Src/stm32f1xx_hal_rcc.o
                              0x8812f (size before relaxing)
 .debug_str     0x0008f585       0x84 ./Drivers/STM32F1xx_HAL_Driver/Src/stm32f1xx_hal_rcc_ex.o
                              0x87e7f (size before relaxing)
 .debug_str     0x0008f609      0xc4f ./Drivers/STM32F1xx_HAL_Driver/Src/stm32f1xx_hal_tim.o
                              0x89131 (size before relaxing)
 .debug_str     0x00090258      0x3e1 ./Drivers/STM32F1xx_HAL_Driver/Src/stm32f1xx_hal_tim_ex.o
                              0x8893d (size before relaxing)

.comment        0x00000000       0x43
 .comment       0x00000000       0x43 ./Core/Src/I2C_LCD.o
                                 0x44 (size before relaxing)
 .comment       0x00000043       0x44 ./Core/Src/I2C_LCD_cfg.o
 .comment       0x00000043       0x44 ./Core/Src/MENU.o
 .comment       0x00000043       0x44 ./Core/Src/main.o
 .comment       0x00000043       0x44 ./Core/Src/stm32f1xx_hal_msp.o
 .comment       0x00000043       0x44 ./Core/Src/stm32f1xx_it.o
 .comment       0x00000043       0x44 ./Core/Src/sysmem.o
 .comment       0x00000043       0x44 ./Core/Src/system_stm32f1xx.o
 .comment       0x00000043       0x44 ./Drivers/STM32F1xx_HAL_Driver/Src/stm32f1xx_hal.o
 .comment       0x00000043       0x44 ./Drivers/STM32F1xx_HAL_Driver/Src/stm32f1xx_hal_adc.o
 .comment       0x00000043       0x44 ./Drivers/STM32F1xx_HAL_Driver/Src/stm32f1xx_hal_cortex.o
 .comment       0x00000043       0x44 ./Drivers/STM32F1xx_HAL_Driver/Src/stm32f1xx_hal_gpio.o
 .comment       0x00000043       0x44 ./Drivers/STM32F1xx_HAL_Driver/Src/stm32f1xx_hal_i2c.o
 .comment       0x00000043       0x44 ./Drivers/STM32F1xx_HAL_Driver/Src/stm32f1xx_hal_rcc.o
 .comment       0x00000043       0x44 ./Drivers/STM32F1xx_HAL_Driver/Src/stm32f1xx_hal_rcc_ex.o
 .comment       0x00000043       0x44 ./Drivers/STM32F1xx_HAL_Driver/Src/stm32f1xx_hal_tim.o
 .comment       0x00000043       0x44 ./Drivers/STM32F1xx_HAL_Driver/Src/stm32f1xx_hal_tim_ex.o

.debug_frame    0x00000000     0x3364
 .debug_frame   0x00000000      0x270 ./Core/Src/I2C_LCD.o
 .debug_frame   0x00000270       0xa0 ./Core/Src/MENU.o
 .debug_frame   0x00000310      0x21c ./Core/Src/main.o