Archive member included to satisfy reference by file (symbol)

C:/ST/STM32CubeIDE_1.17.0/STM32CubeIDE/plugins/com.st.stm32cube.ide.mcu.externaltools.gnu-tools-for-stm32.12.3.rel1.win32_1.1.0.202410251130/tools/bin/../lib/gcc/arm-none-eabi/12.3.1/../../../../arm-none-eabi/lib/thumb/v7-m/nofp\libc_nano.a(libc_a-exit.o)
                              C:/ST/STM32CubeIDE_1.17.0/STM32CubeIDE/plugins/com.st.stm32cube.ide.mcu.externaltools.gnu-tools-for-stm32.12.3.rel1.win32_1.1.0.202410251130/tools/bin/../lib/gcc/arm-none-eabi/12.3.1/../../../../arm-none-eabi/lib/thumb/v7-m/nofp/crt0.o (exit)
C:/ST/STM32CubeIDE_1.17.0/STM32CubeIDE/plugins/com.st.stm32cube.ide.mcu.externaltools.gnu-tools-for-stm32.12.3.rel1.win32_1.1.0.202410251130/tools/bin/../lib/gcc/arm-none-eabi/12.3.1/../../../../arm-none-eabi/lib/thumb/v7-m/nofp\libc_nano.a(libc_a-findfp.o)
                              C:/ST/STM32CubeIDE_1.17.0/STM32CubeIDE/plugins/com.st.stm32cube.ide.mcu.externaltools.gnu-tools-for-stm32.12.3.rel1.win32_1.1.0.202410251130/tools/bin/../lib/gcc/arm-none-eabi/12.3.1/../../../../arm-none-eabi/lib/thumb/v7-m/nofp\libc_nano.a(libc_a-exit.o) (__stdio_exit_handler)
C:/ST/STM32CubeIDE_1.17.0/STM32CubeIDE/plugins/com.st.stm32cube.ide.mcu.externaltools.gnu-tools-for-stm32.12.3.rel1.win32_1.1.0.202410251130/tools/bin/../lib/gcc/arm-none-eabi/12.3.1/../../../../arm-none-eabi/lib/thumb/v7-m/nofp\libc_nano.a(libc_a-fwalk.o)
                              C:/ST/STM32CubeIDE_1.17.0/STM32CubeIDE/plugins/com.st.stm32cube.ide.mcu.externaltools.gnu-tools-for-stm32.12.3.rel1.win32_1.1.0.202410251130/tools/bin/../lib/gcc/arm-none-eabi/12.3.1/../../../../arm-none-eabi/lib/thumb/v7-m/nofp\libc_nano.a(libc_a-findfp.o) (_fwalk_sglue)
C:/ST/STM32CubeIDE_1.17.0/STM32CubeIDE/plugins/com.st.stm32cube.ide.mcu.externaltools.gnu-tools-for-stm32.12.3.rel1.win32_1.1.0.202410251130/tools/bin/../lib/gcc/arm-none-eabi/12.3.1/../../../../arm-none-eabi/lib/thumb/v7-m/nofp\libc_nano.a(libc_a-sprintf.o)
                              ./Core/Src/main.o (sprintf)
C:/ST/STM32CubeIDE_1.17.0/STM32CubeIDE/plugins/com.st.stm32cube.ide.mcu.externaltools.gnu-tools-for-stm32.12.3.rel1.win32_1.1.0.202410251130/tools/bin/../lib/gcc/arm-none-eabi/12.3.1/../../../../arm-none-eabi/lib/thumb/v7-m/nofp\libc_nano.a(libc_a-stdio.o)
                              C:/ST/STM32CubeIDE_1.17.0/STM32CubeIDE/plugins/com.st.stm32cube.ide.mcu.externaltools.gnu-tools-for-stm32.12.3.rel1.win32_1.1.0.202410251130/tools/bin/../lib/gcc/arm-none-eabi/12.3.1/../../../../arm-none-eabi/lib/thumb/v7-m/nofp\libc_nano.a(libc_a-findfp.o) (__sread)
C:/ST/STM32CubeIDE_1.17.0/STM32CubeIDE/plugins/com.st.stm32cube.ide.mcu.externaltools.gnu-tools-for-stm32.12.3.rel1.win32_1.1.0.202410251130/tools/bin/../lib/gcc/arm-none-eabi/12.3.1/../../../../arm-none-eabi/lib/thumb/v7-m/nofp\libc_nano.a(libc_a-memset.o)
                              C:/ST/STM32CubeIDE_1.17.0/STM32CubeIDE/plugins/com.st.stm32cube.ide.mcu.externaltools.gnu-tools-for-stm32.12.3.rel1.win32_1.1.0.202410251130/tools/bin/../lib/gcc/arm-none-eabi/12.3.1/../../../../arm-none-eabi/lib/thumb/v7-m/nofp/crt0.o (memset)
C:/ST/STM32CubeIDE_1.17.0/STM32CubeIDE/plugins/com.st.stm32cube.ide.mcu.externaltools.gnu-tools-for-stm32.12.3.rel1.win32_1.1.0.202410251130/tools/bin/../lib/gcc/arm-none-eabi/12.3.1/../../../../arm-none-eabi/lib/thumb/v7-m/nofp\libc_nano.a(libc_a-closer.o)
                              C:/ST/STM32CubeIDE_1.17.0/STM32CubeIDE/plugins/com.st.stm32cube.ide.mcu.externaltools.gnu-tools-for-stm32.12.3.rel1.win32_1.1.0.202410251130/tools/bin/../lib/gcc/arm-none-eabi/12.3.1/../../../../arm-none-eabi/lib/thumb/v7-m/nofp\libc_nano.a(libc_a-stdio.o) (_close_r)
C:/ST/STM32CubeIDE_1.17.0/STM32CubeIDE/plugins/com.st.stm32cube.ide.mcu.externaltools.gnu-tools-for-stm32.12.3.rel1.win32_1.1.0.202410251130/tools/bin/../lib/gcc/arm-none-eabi/12.3.1/../../../../arm-none-eabi/lib/thumb/v7-m/nofp\libc_nano.a(libc_a-reent.o)
                              C:/ST/STM32CubeIDE_1.17.0/STM32CubeIDE/plugins/com.st.stm32cube.ide.mcu.externaltools.gnu-tools-for-stm32.12.3.rel1.win32_1.1.0.202410251130/tools/bin/../lib/gcc/arm-none-eabi/12.3.1/../../../../arm-none-eabi/lib/thumb/v7-m/nofp\libc_nano.a(libc_a-closer.o) (errno)
C:/ST/STM32CubeIDE_1.17.0/STM32CubeIDE/plugins/com.st.stm32cube.ide.mcu.externaltools.gnu-tools-for-stm32.12.3.rel1.win32_1.1.0.202410251130/tools/bin/../lib/gcc/arm-none-eabi/12.3.1/../../../../arm-none-eabi/lib/thumb/v7-m/nofp\libc_nano.a(libc_a-impure.o)
                              C:/ST/STM32CubeIDE_1.17.0/STM32CubeIDE/plugins/com.st.stm32cube.ide.mcu.externaltools.gnu-tools-for-stm32.12.3.rel1.win32_1.1.0.202410251130/tools/bin/../lib/gcc/arm-none-eabi/12.3.1/../../../../arm-none-eabi/lib/thumb/v7-m/nofp\libc_nano.a(libc_a-sprintf.o) (_impure_ptr)
[...]
Memory Configuration

Name             Origin             Length             Attributes
RAM              0x20000000         0x00005000         xrw
FLASH            0x08000000         0x00010000         xr
*default*        0x00000000         0xffffffff

Linker script and memory map

LOAD C:/ST/STM32CubeIDE_1.17.0/STM32CubeIDE/plugins/com.st.stm32cube.ide.mcu.externaltools.gnu-tools-for-stm32.12.3.rel1.win32_1.1.0.202410251130/tools/bin/../lib/gcc/arm-none-eabi/12.3.1/thumb/v7-m/nofp/crti.o
LOAD C:/ST/STM32CubeIDE_1.17.0/STM32CubeIDE/plugins/com.st.stm32cube.ide.mcu.externaltools.gnu-tools-for-stm32.12.3.rel1.win32_1.1.0.202410251130/tools/bin/../lib/gcc/arm-none-eabi/12.3.1/thumb/v7-m/nofp/crtbegin.o
LOAD C:/ST/STM32CubeIDE_1.17.0/STM32CubeIDE/plugins/com.st.stm32cube.ide.mcu.externaltools.gnu-tools-for-stm32.12.3.rel1.win32_1.1.0.202410251130/tools/bin/../lib/gcc/arm-none-eabi/12.3.1/../../../../arm-none-eabi/lib/thumb/v7-m/nofp/crt0.o
LOAD ./Core/Src/I2C_LCD.o
LOAD ./Core/Src/I2C_LCD_cfg.o
LOAD ./Core/Src/main.o
LOAD ./Core/Src/menu.o
LOAD ./Core/Src/stm32f1xx_hal_msp.o
LOAD ./Core/Src/stm32f1xx_it.o
LOAD ./Core/Src/syscalls.o
LOAD ./Core/Src/sysmem.o
LOAD ./Core/Src/system_stm32f1xx.o
LOAD ./Core/Startup/startup_stm32f103c8tx.o
LOAD ./Drivers/STM32F1xx_HAL_Driver/Src/stm32f1xx_hal.o
LOAD ./Drivers/STM32F1xx_HAL_Driver/Src/stm32f1xx_hal_adc.o
LOAD ./Drivers/STM32F1xx_HAL_Driver/Src/stm32f1xx_hal_adc_ex.o
LOAD ./Drivers/STM32F1xx_HAL_Driver/Src/stm32f1xx_hal_cortex.o
LOAD ./Drivers/STM32F1xx_HAL_Driver/Src/stm32f1xx_hal_dma.o
LOAD ./Drivers/STM32F1xx_HAL_Driver/Src/stm32f1xx_hal_exti.o
LOAD ./Drivers/STM32F1xx_HAL_Driver/Src/stm32f1xx_hal_flash.o
LOAD ./Drivers/STM32F1xx_HAL_Driver/Src/stm32f1xx_hal_flash_ex.o
LOAD ./Drivers/STM32F1xx_HAL_Driver/Src/stm32f1xx_hal_gpio.o
LOAD ./Drivers/STM32F1xx_HAL_Driver/Src/stm32f1xx_hal_gpio_ex.o
LOAD ./Drivers/STM32F1xx_HAL_Driver/Src/stm32f1xx_hal_i2c.o
LOAD ./Drivers/STM32F1xx_HAL_Driver/Src/stm32f1xx_hal_pwr.o
LOAD ./Drivers/STM32F1xx_HAL_Driver/Src/stm32f1xx_hal_rcc.o
LOAD ./Drivers/STM32F1xx_HAL_Driver/Src/stm32f1xx_hal_rcc_ex.o
LOAD ./Drivers/STM32F1xx_HAL_Driver/Src/stm32f1xx_hal_tim.o
LOAD ./Drivers/STM32F1xx_HAL_Driver/Src/stm32f1xx_hal_tim_ex.o
START GROUP
LOAD C:/ST/STM32CubeIDE_1.17.0/STM32CubeIDE/plugins/com.st.stm32cube.ide.mcu.externaltools.gnu-tools-for-stm32.12.3.rel1.win32_1.1.0.202410251130/tools/bin/../lib/gcc/arm-none-eabi/12.3.1/../../../../arm-none-eabi/lib/thumb/v7-m/nofp\libc_nano.a
LOAD C:/ST/STM32CubeIDE_1.17.0/STM32CubeIDE/plugins/com.st.stm32cube.ide.mcu.externaltools.gnu-tools-for-stm32.12.3.rel1.win32_1.1.0.202410251130/tools/bin/../lib/gcc/arm-none-eabi/12.3.1/../../../../arm-none-eabi/lib/thumb/v7-m/nofp\libm.a
END GROUP
START GROUP
LOAD C:/ST/STM32CubeIDE_1.17.0/STM32CubeIDE/plugins/com.st.stm32cube.ide.mcu.externaltools.gnu-tools-for-stm32.12.3.rel1.win32_1.1.0.202410251130/tools/bin/../lib/gcc/arm-none-eabi/12.3.1/thumb/v7-m/nofp\libgcc.a
LOAD C:/ST/STM32CubeIDE_1.17.0/STM32CubeIDE/plugins/com.st.stm32cube.ide.mcu.externaltools.gnu-tools-for-stm32.12.3.rel1.win32_1.1.0.202410251130/tools/bin/../lib/gcc/arm-none-eabi/12.3.1/../../../../arm-none-eabi/lib/thumb/v7-m/nofp\libc_nano.a
END GROUP
START GROUP
LOAD C:/ST/STM32CubeIDE_1.17.0/STM32CubeIDE/plugins/com.st.stm32cube.ide.mcu.externaltools.gnu-tools-for-stm32.12.3.rel1.win32_1.1.0.202410251130/tools/bin/../lib/gcc/arm-none-eabi/12.3.1/thumb/v7-m/nofp\libgcc.a
LOAD C:/ST/STM32CubeIDE_1.17.0/STM32CubeIDE/plugins/com.st.stm32cube.ide.mcu.externaltools.gnu-tools-for-stm32.12.3.rel1.win32_1.1.0.202410251130/tools/bin/../lib/gcc/arm-none-eabi/12.3.1/../../../../arm-none-eabi/lib/thumb/v7-m/nofp\libc_nano.a
LOAD C:/ST/STM32CubeIDE_1.17.0/STM32CubeIDE/plugins/com.st.stm32cube.ide.mcu.externaltools.gnu-tools-for-stm32.12.3.rel1.win32_1.1.0.202410251130/tools/bin/../lib/gcc/arm-none-eabi/12.3.1/../../../../arm-none-eabi/lib/thumb/v7-m/nofp\libnosys.a
END GROUP
START GROUP
LOAD C:/ST/STM32CubeIDE_1.17.0/STM32CubeIDE/plugins/com.st.stm32cube.ide.mcu.externaltools.gnu-tools-for-stm32.12.3.rel1.win32_1.1.0.202410251130/tools/bin/../lib/gcc/arm-none-eabi/12.3.1/thumb/v7-m/nofp\libgcc.a
LOAD C:/ST/STM32CubeIDE_1.17.0/STM32CubeIDE/plugins/com.st.stm32cube.ide.mcu.externaltools.gnu-tools-for-stm32.12.3.rel1.win32_1.1.0.202410251130/tools/bin/../lib/gcc/arm-none-eabi/12.3.1/../../../../arm-none-eabi/lib/thumb/v7-m/nofp\libc_nano.a
LOAD C:/ST/STM32CubeIDE_1.17.0/STM32CubeIDE/plugins/com.st.stm32cube.ide.mcu.externaltools.gnu-tools-for-stm32.12.3.rel1.win32_1.1.0.202410251130/tools/bin/../lib/gcc/arm-none-eabi/12.3.1/../../../../arm-none-eabi/lib/thumb/v7-m/nofp\libnosys.a
END GROUP
LOAD C:/ST/STM32CubeIDE_1.17.0/STM32CubeIDE/plugins/com.st.stm32cube.ide.mcu.externaltools.gnu-tools-for-stm32.12.3.rel1.win32_1.1.0.202410251130/tools/bin/../lib/gcc/arm-none-eabi/12.3.1/thumb/v7-m/nofp/crtend.o
LOAD C:/ST/STM32CubeIDE_1.17.0/STM32CubeIDE/plugins/com.st.stm32cube.ide.mcu.externaltools.gnu-tools-for-stm32.12.3.rel1.win32_1.1.0.202410251130/tools/bin/../lib/gcc/arm-none-eabi/12.3.1/thumb/v7-m/nofp/crtn.o
                0x20005000                        _estack = (ORIGIN (RAM) + LENGTH (RAM))
                0x00000200                        _Min_Heap_Size = 0x200
                0x00000400                        _Min_Stack_Size = 0x400

.isr_vector     0x08000000      0x10c
                0x08000000                        . = ALIGN (0x4)
 *(.isr_vector)
 .isr_vector    0x08000000      0x10c ./Core/Startup/startup_stm32f103c8tx.o
                0x08000000                g_pfnVectors
                0x0800010c                        . = ALIGN (0x4)

.text           0x08000110     0x549c
                0x08000110                        . = ALIGN (0x4)
 *(.text)
 .text          0x08000110       0x40 C:/ST/STM32CubeIDE_1.17.0/STM32CubeIDE/plugins/com.st.stm32cube.ide.mcu.externaltools.gnu-tools-for-stm32.12.3.rel1.win32_1.1.0.202410251130/tools/bin/../lib/gcc/arm-none-eabi/12.3.1/thumb/v7-m/nofp/crtbegin.o
 .text          0x08000150       0x14 C:/ST/STM32CubeIDE_1.17.0/STM32CubeIDE/plugins/com.st.stm32cube.ide.mcu.externaltools.gnu-tools-for-stm32.12.3.rel1.win32_1.1.0.202410251130/tools/bin/../lib/gcc/arm-none-eabi/12.3.1/../../../../arm-none-eabi/lib/thumb/v7-m/nofp\libc_nano.a(libc_a-strcmp.o)
                0x08000150                strcmp
 .text          0x08000164       0x10 C:/ST/STM32CubeIDE_1.17.0/STM32CubeIDE/plugins/com.st.stm32cube.ide.mcu.externaltools.gnu-tools-for-stm32.12.3.rel1.win32_1.1.0.202410251130/tools/bin/../lib/gcc/arm-none-eabi/12.3.1/../../../../arm-none-eabi/lib/thumb/v7-m/nofp\libc_nano.a(libc_a-strlen.o)
                0x08000164                strlen
 .text          0x08000174      0x168 C:/ST/STM32CubeIDE_1.17.0/STM32CubeIDE/plugins/com.st.stm32cube.ide.mcu.externaltools.gnu-tools-for-stm32.12.3.rel1.win32_1.1.0.202410251130/tools/bin/../lib/gcc/arm-none-eabi/12.3.1/thumb/v7-m/nofp\libgcc.a(_arm_mulsf3.o)
                0x08000174                __aeabi_fmul
                0x08000174                __mulsf3
 .text          0x080002dc      0x378 C:/ST/STM32CubeIDE_1.17.0/STM32CubeIDE/plugins/com.st.stm32cube.ide.mcu.externaltools.gnu-tools-for-stm32.12.3.rel1.win32_1.1.0.202410251130/tools/bin/../lib/gcc/arm-none-eabi/12.3.1/thumb/v7-m/nofp\libgcc.a(_arm_addsubdf3.o)
                0x080002dc                __aeabi_drsub
                0x080002e4                __aeabi_dsub
                0x080002e4                __subdf3
                0x080002e8                __aeabi_dadd
                0x080002e8                __adddf3
                0x08000560                __floatunsidf
                0x08000560                __aeabi_ui2d
                0x08000580                __floatsidf
                0x08000580                __aeabi_i2d
                0x080005a4                __aeabi_f2d
                0x080005a4                __extendsfdf2
                0x080005e8                __floatundidf
                0x080005e8                __aeabi_ul2d
                0x080005f8                __floatdidf
                0x080005f8                __aeabi_l2d
 .text          0x08000654      0x424 C:/ST/STM32CubeIDE_1.17.0/STM32CubeIDE/plugins/com.st.stm32cube.ide.mcu.externaltools.gnu-tools-for-stm32.12.3.rel1.win32_1.1.0.202410251130/tools/bin/../lib/gcc/arm-none-eabi/12.3.1/thumb/v7-m/nofp\libgcc.a(_arm_muldivdf3.o)
                0x08000654                __aeabi_dmul
                0x08000654                __muldf3
                0x080008a8                __divdf3
                0x080008a8                __aeabi_ddiv
 .text          0x08000a78      0x110 C:/ST/STM32CubeIDE_1.17.0/STM32CubeIDE/plugins/com.st.stm32cube.ide.mcu.externaltools.gnu-tools-for-stm32.12.3.rel1.win32_1.1.0.202410251130/tools/bin/../lib/gcc/arm-none-eabi/12.3.1/thumb/v7-m/nofp\libgcc.a(_arm_cmpdf2.o)
                0x08000a78                __gtdf2
                0x08000a78                __gedf2
                0x08000a80                __ltdf2
                0x08000a80                __ledf2
                0x08000a88                __nedf2
                0x08000a88                __eqdf2
                0x08000a88                __cmpdf2
                0x08000b04                __aeabi_cdrcmple
                0x08000b14                __aeabi_cdcmpeq
                0x08000b14                __aeabi_cdcmple
                0x08000b24                __aeabi_dcmpeq
                0x08000b38                __aeabi_dcmplt
                0x08000b4c                __aeabi_dcmple
                0x08000b60                __aeabi_dcmpge
                0x08000b74                __aeabi_dcmpgt
 .text          0x08000b88       0x2c C:/ST/STM32CubeIDE_1.17.0/STM32CubeIDE/plugins/com.st.stm32cube.ide.mcu.externaltools.gnu-tools-for-stm32.12.3.rel1.win32_1.1.0.202410251130/tools/bin/../lib/gcc/arm-none-eabi/12.3.1/thumb/v7-m/nofp\libgcc.a(_arm_unorddf2.o)
                0x08000b88                __unorddf2
                0x08000b88                __aeabi_dcmpun
 .text          0x08000bb4       0xa0 C:/ST/STM32CubeIDE_1.17.0/STM32CubeIDE/plugins/com.st.stm32cube.ide.mcu.externaltools.gnu-tools-for-stm32.12.3.rel1.win32_1.1.0.202410251130/tools/bin/../lib/gcc/arm-none-eabi/12.3.1/thumb/v7-m/nofp\libgcc.a(_arm_truncdfsf2.o)
                0x08000bb4                __truncdfsf2
                0x08000bb4                __aeabi_d2f
 .text          0x08000c54      0x21c C:/ST/STM32CubeIDE_1.17.0/STM32CubeIDE/plugins/com.st.stm32cube.ide.mcu.externaltools.gnu-tools-for-stm32.12.3.rel1.win32_1.1.0.202410251130/tools/bin/../lib/gcc/arm-none-eabi/12.3.1/thumb/v7-m/nofp\libgcc.a(_arm_addsubsf3.o)
                0x08000c54                __aeabi_frsub
                0x08000c5c                __subsf3
                0x08000c5c                __aeabi_fsub
                0x08000c60                __aeabi_fadd
                0x08000c60                __addsf3
                0x08000dc0                __aeabi_ui2f
                0x08000dc0                __floatunsisf
                0x08000dc8                __aeabi_i2f
                0x08000dc8                __floatsisf
                0x08000de4                __aeabi_ul2f
                0x08000de4                __floatundisf
                0x08000df4                __aeabi_l2f
                0x08000df4                __floatdisf
 .text          0x08000e70       0xec C:/ST/STM32CubeIDE_1.17.0/STM32CubeIDE/plugins/com.st.stm32cube.ide.mcu.externaltools.gnu-tools-for-stm32.12.3.rel1.win32_1.1.0.202410251130/tools/bin/../lib/gcc/arm-none-eabi/12.3.1/thumb/v7-m/nofp\libgcc.a(_arm_cmpsf2.o)
                0x08000e70                __gesf2
                0x08000e70                __gtsf2
                0x08000e78                __lesf2
                0x08000e78                __ltsf2
                0x08000e80                __nesf2
                0x08000e80                __eqsf2
                0x08000e80                __cmpsf2
                0x08000ee0                __aeabi_cfrcmple
                0x08000ee8                __aeabi_cfcmpeq
                0x08000ee8                __aeabi_cfcmple
                0x08000ef8                __aeabi_fcmpeq
                0x08000f0c                __aeabi_fcmplt
                0x08000f20                __aeabi_fcmple
                0x08000f34                __aeabi_fcmpge
                0x08000f48                __aeabi_fcmpgt
 .text          0x08000f5c       0x4c C:/ST/STM32CubeIDE_1.17.0/STM32CubeIDE/plugins/com.st.stm32cube.ide.mcu.externaltools.gnu-tools-for-stm32.12.3.rel1.win32_1.1.0.202410251130/tools/bin/../lib/gcc/arm-none-eabi/12.3.1/thumb/v7-m/nofp\libgcc.a(_arm_fixsfsi.o)
                0x08000f5c                __aeabi_f2iz
                0x08000f5c                __fixsfsi
 .text          0x08000fa8       0x40 C:/ST/STM32CubeIDE_1.17.0/STM32CubeIDE/plugins/com.st.stm32cube.ide.mcu.externaltools.gnu-tools-for-stm32.12.3.rel1.win32_1.1.0.202410251130/tools/bin/../lib/gcc/arm-none-eabi/12.3.1/thumb/v7-m/nofp\libgcc.a(_arm_fixunssfsi.o)
                0x08000fa8                __fixunssfsi
                0x08000fa8                __aeabi_f2uiz
 *(.text*)
 .text.I2C_LCD_ExpanderWrite
                0x08000fe8       0x44 ./Core/Src/I2C_LCD.o
 .text.I2C_LCD_EnPulse
                0x0800102c       0x70 ./Core/Src/I2C_LCD.o
 .text.I2C_LCD_Write4Bits
                0x0800109c       0x14 ./Core/Src/I2C_LCD.o
 .text.I2C_LCD_Send
                0x080010b0       0x22 ./Core/Src/I2C_LCD.o
 .text.I2C_LCD_Cmd
                0x080010d2        0xa ./Core/Src/I2C_LCD.o
 .text.I2C_LCD_Data
                0x080010dc        0xa ./Core/Src/I2C_LCD.o
 *fill*         0x080010e6        0x2 
 .text.I2C_LCD_Clear
                0x080010e8       0x48 ./Core/Src/I2C_LCD.o
                0x080010e8                I2C_LCD_Clear
 .text.I2C_LCD_Init
                0x08001130       0xf8 ./Core/Src/I2C_LCD.o
                0x08001130                I2C_LCD_Init
 .text.I2C_LCD_SetCursor
                0x08001228       0x50 ./Core/Src/I2C_LCD.o
                0x08001228                I2C_LCD_SetCursor
 .text.I2C_LCD_WriteString
                0x08001278       0x18 ./Core/Src/I2C_LCD.o
                0x08001278                I2C_LCD_WriteString
 .text.I2C_LCD_ClearRow
                0x08001290       0x30 ./Core/Src/I2C_LCD.o
                0x08001290                I2C_LCD_ClearRow
 .text.MX_GPIO_Init
                0x080012c0      0x13c ./Core/Src/main.o
 .text.updateLCD
                0x080013fc       0xf0 ./Core/Src/main.o
                0x080013fc                updateLCD
 .text.resetMenu
                0x080014ec       0x54 ./Core/Src/main.o
                0x080014ec                resetMenu
 .text.calcThermistorTemp
                0x08001540       0xc4 ./Core/Src/main.o
                0x08001540                calcThermistorTemp
 .text.calcRegulatorAction
                0x08001604       0x8c ./Core/Src/main.o
                0x08001604                calcRegulatorAction
 .text.toggleLED13
                0x08001690       0x14 ./Core/Src/main.o
                0x08001690                toggleLED13
 .text.encoderCallback
                0x080016a4       0x18 ./Core/Src/main.o
                0x080016a4                encoderCallback
 .text.handleEncoderInterrupt
                0x080016bc       0x94 ./Core/Src/main.o
                0x080016bc                handleEncoderInterrupt
 .text.handleGetAdc1
                0x08001750       0x30 ./Core/Src/main.o
                0x08001750                handleGetAdc1
 .text.updateTemperatureControl
                0x08001780       0x64 ./Core/Src/main.o
                0x08001780                updateTemperatureControl
 .text.handlerTimerInterrupt
                0x080017e4       0x84 ./Core/Src/main.o
                0x080017e4                handlerTimerInterrupt
 .text.HAL_GPIO_EXTI_Callback
                0x08001868       0x14 ./Core/Src/main.o
                0x08001868                HAL_GPIO_EXTI_Callback
 .text.HAL_TIM_IC_CaptureCallback
                0x0800187c       0x88 ./Core/Src/main.o
                0x0800187c                HAL_TIM_IC_CaptureCallback
 .text.HAL_TIM_PeriodElapsedCallback
                0x08001904       0x18 ./Core/Src/main.o
                0x08001904                HAL_TIM_PeriodElapsedCallback
 .text.Error_Handler
                0x0800191c        0x4 ./Core/Src/main.o
                0x0800191c                Error_Handler
 .text.MX_TIM2_Init
                0x08001920       0x7c ./Core/Src/main.o
 .text.MX_TIM3_Init
                0x0800199c       0x68 ./Core/Src/main.o
 .text.MX_TIM1_Init
                0x08001a04       0xb0 ./Core/Src/main.o
 .text.MX_I2C1_Init
                0x08001ab4       0x38 ./Core/Src/main.o
 .text.MX_TIM4_Init
                0x08001aec       0x68 ./Core/Src/main.o
 .text.MX_ADC1_Init
                0x08001b54       0x58 ./Core/Src/main.o
 .text.SystemClock_Config
                0x08001bac       0x84 ./Core/Src/main.o
                0x08001bac                SystemClock_Config
 .text.main     0x08001c30      0x23c ./Core/Src/main.o
                0x08001c30                main
 .text.initMenu
                0x08001e6c      0x184 ./Core/Src/menu.o
                0x08001e6c                initMenu
 .text.moveSibling
                0x08001ff0       0xc4 ./Core/Src/menu.o
                0x08001ff0                moveSibling
 .text.moveParentChild
                0x080020b4       0x3c ./Core/Src/menu.o
                0x080020b4                moveParentChild
 .text.getCurrentMenuItem
                0x080020f0        0xc ./Core/Src/menu.o
                0x080020f0                getCurrentMenuItem
 .text.HAL_MspInit
                0x080020fc       0x44 ./Core/Src/stm32f1xx_hal_msp.o
                0x080020fc                HAL_MspInit
 .text.HAL_ADC_MspInit
                0x08002140       0x60 ./Core/Src/stm32f1xx_hal_msp.o
                0x08002140                HAL_ADC_MspInit
 .text.HAL_I2C_MspInit
                0x080021a0       0x64 ./Core/Src/stm32f1xx_hal_msp.o
                0x080021a0                HAL_I2C_MspInit
 .text.HAL_TIM_PWM_MspInit
                0x08002204       0x2c ./Core/Src/stm32f1xx_hal_msp.o
                0x08002204                HAL_TIM_PWM_MspInit
 .text.HAL_TIM_IC_MspInit
                0x08002230       0x6c ./Core/Src/stm32f1xx_hal_msp.o
                0x08002230                HAL_TIM_IC_MspInit
 .text.HAL_TIM_Base_MspInit
                0x0800229c       0x60 ./Core/Src/stm32f1xx_hal_msp.o
                0x0800229c                HAL_TIM_Base_MspInit
 .text.HAL_TIM_MspPostInit
                0x080022fc       0x50 ./Core/Src/stm32f1xx_hal_msp.o
                0x080022fc                HAL_TIM_MspPostInit
 .text.NMI_Handler
                0x0800234c        0x2 ./Core/Src/stm32f1xx_it.o
                0x0800234c                NMI_Handler
 .text.HardFault_Handler
                0x0800234e        0x2 ./Core/Src/stm32f1xx_it.o
                0x0800234e                HardFault_Handler
 .text.MemManage_Handler
                0x08002350        0x2 ./Core/Src/stm32f1xx_it.o
                0x08002350                MemManage_Handler
 .text.BusFault_Handler
                0x08002352        0x2 ./Core/Src/stm32f1xx_it.o
                0x08002352                BusFault_Handler
 .text.UsageFault_Handler
                0x08002354        0x2 ./Core/Src/stm32f1xx_it.o
                0x08002354                UsageFault_Handler
 .text.SVC_Handler
                0x08002356        0x2 ./Core/Src/stm32f1xx_it.o
                0x08002356                SVC_Handler
 .text.DebugMon_Handler
                0x08002358        0x2 ./Core/Src/stm32f1xx_it.o
                0x08002358                DebugMon_Handler
 .text.PendSV_Handler
                0x0800235a        0x2 ./Core/Src/stm32f1xx_it.o
                0x0800235a                PendSV_Handler
 .text.SysTick_Handler
                0x0800235c        0x8 ./Core/Src/stm32f1xx_it.o
                0x0800235c                SysTick_Handler
 .text.EXTI0_IRQHandler
                0x08002364        0xa ./Core/Src/stm32f1xx_it.o
                0x08002364                EXTI0_IRQHandler
 .text.EXTI1_IRQHandler
                0x0800236e        0xa ./Core/Src/stm32f1xx_it.o
                0x0800236e                EXTI1_IRQHandler
 .text.TIM2_IRQHandler
                0x08002378       0x10 ./Core/Src/stm32f1xx_it.o
                0x08002378                TIM2_IRQHandler
 .text.TIM3_IRQHandler
                0x08002388       0x10 ./Core/Src/stm32f1xx_it.o
                0x08002388                TIM3_IRQHandler
 .text._sbrk    0x08002398       0x48 ./Core/Src/sysmem.o
                0x08002398                _sbrk
 .text.SystemInit
                0x080023e0        0x2 ./Core/Src/system_stm32f1xx.o
                0x080023e0                SystemInit
 *fill*         0x080023e2        0x2 
 .text.Reset_Handler
                0x080023e4       0x48 ./Core/Startup/startup_stm32f103c8tx.o
                0x080023e4                Reset_Handler
 .text.Default_Handler
                0x0800242c        0x2 ./Core/Startup/startup_stm32f103c8tx.o
                0x0800242c                RTC_Alarm_IRQHandler
                0x0800242c                EXTI2_IRQHandler
                0x0800242c                TIM1_CC_IRQHandler
                0x0800242c                PVD_IRQHandler
                0x0800242c                EXTI3_IRQHandler
                0x0800242c                I2C2_EV_IRQHandler
                0x0800242c                ADC1_2_IRQHandler
                0x0800242c                SPI1_IRQHandler
                0x0800242c                TAMPER_IRQHandler
                0x0800242c                DMA1_Channel4_IRQHandler
                0x0800242c                USART3_IRQHandler
                0x0800242c                RTC_IRQHandler
                0x0800242c                DMA1_Channel7_IRQHandler
                0x0800242c                CAN1_RX1_IRQHandler
                0x0800242c                TIM4_IRQHandler
                0x0800242c                I2C1_EV_IRQHandler
                0x0800242c                DMA1_Channel6_IRQHandler
                0x0800242c                RCC_IRQHandler
                0x0800242c                TIM1_TRG_COM_IRQHandler
                0x0800242c                DMA1_Channel1_IRQHandler
                0x0800242c                Default_Handler
                0x0800242c                EXTI15_10_IRQHandler
                0x0800242c                EXTI9_5_IRQHandler
                0x0800242c                SPI2_IRQHandler
                0x0800242c                DMA1_Channel5_IRQHandler
                0x0800242c                EXTI4_IRQHandler
                0x0800242c                USB_LP_CAN1_RX0_IRQHandler
                0x0800242c                USB_HP_CAN1_TX_IRQHandler
                0x0800242c                DMA1_Channel3_IRQHandler
                0x0800242c                TIM1_UP_IRQHandler
                0x0800242c                WWDG_IRQHandler
                0x0800242c                TIM1_BRK_IRQHandler
                0x0800242c                USART2_IRQHandler
                0x0800242c                I2C2_ER_IRQHandler
                0x0800242c                DMA1_Channel2_IRQHandler
                0x0800242c                CAN1_SCE_IRQHandler
                0x0800242c                FLASH_IRQHandler
                0x0800242c                USART1_IRQHandler
                0x0800242c                I2C1_ER_IRQHandler
                0x0800242c                USBWakeUp_IRQHandler
 *fill*         0x0800242e        0x2 
 .text.HAL_InitTick
                0x08002430       0x4c ./Drivers/STM32F1xx_HAL_Driver/Src/stm32f1xx_hal.o
                0x08002430                HAL_InitTick
 .text.HAL_Init
                0x0800247c       0x24 ./Drivers/STM32F1xx_HAL_Driver/Src/stm32f1xx_hal.o
                0x0800247c                HAL_Init
 .text.HAL_IncTick
                0x080024a0       0x18 ./Drivers/STM32F1xx_HAL_Driver/Src/stm32f1xx_hal.o
                0x080024a0                HAL_IncTick
 .text.HAL_GetTick
                0x080024b8        0xc ./Drivers/STM32F1xx_HAL_Driver/Src/stm32f1xx_hal.o
                0x080024b8                HAL_GetTick
 .text.HAL_Delay
                0x080024c4       0x28 ./Drivers/STM32F1xx_HAL_Driver/Src/stm32f1xx_hal.o
                0x080024c4                HAL_Delay
 .text.HAL_ADC_PollForConversion
                0x080024ec      0x184 ./Drivers/STM32F1xx_HAL_Driver/Src/stm32f1xx_hal_adc.o
                0x080024ec                HAL_ADC_PollForConversion
 .text.HAL_ADC_GetValue
                0x08002670        0x6 ./Drivers/STM32F1xx_HAL_Driver/Src/stm32f1xx_hal_adc.o
                0x08002670                HAL_ADC_GetValue
 *fill*         0x08002676        0x2 
 .text.HAL_ADC_ConfigChannel
                0x08002678      0x140 ./Drivers/STM32F1xx_HAL_Driver/Src/stm32f1xx_hal_adc.o
                0x08002678                HAL_ADC_ConfigChannel
 .text.ADC_Enable
                0x080027b8       0x88 ./Drivers/STM32F1xx_HAL_Driver/Src/stm32f1xx_hal_adc.o
                0x080027b8                ADC_Enable
 .text.HAL_ADC_Start
                0x08002840       0xe8 ./Drivers/STM32F1xx_HAL_Driver/Src/stm32f1xx_hal_adc.o
                0x08002840                HAL_ADC_Start
 .text.ADC_ConversionStop_Disable
                0x08002928       0x56 ./Drivers/STM32F1xx_HAL_Driver/Src/stm32f1xx_hal_adc.o
                0x08002928                ADC_ConversionStop_Disable
 *fill*         0x0800297e        0x2 
 .text.HAL_ADC_Init
                0x08002980      0x108 ./Drivers/STM32F1xx_HAL_Driver/Src/stm32f1xx_hal_adc.o
                0x08002980                HAL_ADC_Init
 .text.HAL_ADC_Stop
                0x08002a88       0x34 ./Drivers/STM32F1xx_HAL_Driver/Src/stm32f1xx_hal_adc.o
                0x08002a88                HAL_ADC_Stop
 .text.__NVIC_SetPriority
                0x08002abc       0x28 ./Drivers/STM32F1xx_HAL_Driver/Src/stm32f1xx_hal_cortex.o
 .text.NVIC_EncodePriority
                0x08002ae4       0x3e ./Drivers/STM32F1xx_HAL_Driver/Src/stm32f1xx_hal_cortex.o
 *fill*         0x08002b22        0x2 
 .text.HAL_NVIC_SetPriorityGrouping
                0x08002b24       0x24 ./Drivers/STM32F1xx_HAL_Driver/Src/stm32f1xx_hal_cortex.o
                0x08002b24                HAL_NVIC_SetPriorityGrouping
 .text.HAL_NVIC_SetPriority
                0x08002b48       0x20 ./Drivers/STM32F1xx_HAL_Driver/Src/stm32f1xx_hal_cortex.o
                0x08002b48                HAL_NVIC_SetPriority
 .text.HAL_NVIC_EnableIRQ
                0x08002b68       0x1c ./Drivers/STM32F1xx_HAL_Driver/Src/stm32f1xx_hal_cortex.o
                0x08002b68                HAL_NVIC_EnableIRQ
 .text.HAL_SYSTICK_Config
                0x08002b84       0x28 ./Drivers/STM32F1xx_HAL_Driver/Src/stm32f1xx_hal_cortex.o
                0x08002b84                HAL_SYSTICK_Config
 .text.HAL_GPIO_Init
                0x08002bac      0x21c ./Drivers/STM32F1xx_HAL_Driver/Src/stm32f1xx_hal_gpio.o
                0x08002bac                HAL_GPIO_Init
 .text.HAL_GPIO_ReadPin
                0x08002dc8        0xe ./Drivers/STM32F1xx_HAL_Driver/Src/stm32f1xx_hal_gpio.o
                0x08002dc8                HAL_GPIO_ReadPin
 .text.HAL_GPIO_WritePin
                0x08002dd6        0xc ./Drivers/STM32F1xx_HAL_Driver/Src/stm32f1xx_hal_gpio.o
                0x08002dd6                HAL_GPIO_WritePin
 .text.HAL_GPIO_TogglePin
                0x08002de2       0x12 ./Drivers/STM32F1xx_HAL_Driver/Src/stm32f1xx_hal_gpio.o
                0x08002de2                HAL_GPIO_TogglePin
 .text.HAL_GPIO_EXTI_IRQHandler
                0x08002df4       0x1c ./Drivers/STM32F1xx_HAL_Driver/Src/stm32f1xx_hal_gpio.o
                0x08002df4                HAL_GPIO_EXTI_IRQHandler
 .text.I2C_IsAcknowledgeFailed
                0x08002e10       0x32 ./Drivers/STM32F1xx_HAL_Driver/Src/stm32f1xx_hal_i2c.o
 .text.I2C_WaitOnFlagUntilTimeout
                0x08002e42       0xaa ./Drivers/STM32F1xx_HAL_Driver/Src/stm32f1xx_hal_i2c.o
 .text.I2C_WaitOnMasterAddressFlagUntilTimeout
                0x08002eec       0xd6 ./Drivers/STM32F1xx_HAL_Driver/Src/stm32f1xx_hal_i2c.o
 *fill*         0x08002fc2        0x2 
 .text.I2C_MasterRequestWrite
                0x08002fc4       0xb4 ./Drivers/STM32F1xx_HAL_Driver/Src/stm32f1xx_hal_i2c.o
 .text.I2C_WaitOnTXEFlagUntilTimeout
                0x08003078       0x5e ./Drivers/STM32F1xx_HAL_Driver/Src/stm32f1xx_hal_i2c.o
 .text.I2C_WaitOnBTFFlagUntilTimeout
                0x080030d6       0x5e ./Drivers/STM32F1xx_HAL_Driver/Src/stm32f1xx_hal_i2c.o
 .text.HAL_I2C_Init
                0x08003134      0x1bc ./Drivers/STM32F1xx_HAL_Driver/Src/stm32f1xx_hal_i2c.o
                0x08003134                HAL_I2C_Init
 .text.HAL_I2C_Master_Transmit
                0x080032f0      0x178 ./Drivers/STM32F1xx_HAL_Driver/Src/stm32f1xx_hal_i2c.o
                0x080032f0                HAL_I2C_Master_Transmit
 .text.RCC_Delay
                0x08003468       0x2c ./Drivers/STM32F1xx_HAL_Driver/Src/stm32f1xx_hal_rcc.o
 .text.HAL_RCC_OscConfig
                0x08003494      0x410 ./Drivers/STM32F1xx_HAL_Driver/Src/stm32f1xx_hal_rcc.o
                0x08003494                HAL_RCC_OscConfig
 .text.HAL_RCC_GetSysClockFreq
                0x080038a4       0x54 ./Drivers/STM32F1xx_HAL_Driver/Src/stm32f1xx_hal_rcc.o
                0x080038a4                HAL_RCC_GetSysClockFreq
 .text.HAL_RCC_ClockConfig
                0x080038f8      0x16c ./Drivers/STM32F1xx_HAL_Driver/Src/stm32f1xx_hal_rcc.o
                0x080038f8                HAL_RCC_ClockConfig
 .text.HAL_RCC_GetHCLKFreq
                0x08003a64        0xc ./Drivers/STM32F1xx_HAL_Driver/Src/stm32f1xx_hal_rcc.o
                0x08003a64                HAL_RCC_GetHCLKFreq
 .text.HAL_RCC_GetPCLK1Freq
                0x08003a70       0x20 ./Drivers/STM32F1xx_HAL_Driver/Src/stm32f1xx_hal_rcc.o
                0x08003a70                HAL_RCC_GetPCLK1Freq
 .text.HAL_RCC_GetPCLK2Freq
                0x08003a90       0x20 ./Drivers/STM32F1xx_HAL_Driver/Src/stm32f1xx_hal_rcc.o
                0x08003a90                HAL_RCC_GetPCLK2Freq
 .text.HAL_RCCEx_PeriphCLKConfig
                0x08003ab0      0x118 ./Drivers/STM32F1xx_HAL_Driver/Src/stm32f1xx_hal_rcc_ex.o
                0x08003ab0                HAL_RCCEx_PeriphCLKConfig
 .text.HAL_RCCEx_GetPeriphCLKFreq
                0x08003bc8       0xd8 ./Drivers/STM32F1xx_HAL_Driver/Src/stm32f1xx_hal_rcc_ex.o
                0x08003bc8                HAL_RCCEx_GetPeriphCLKFreq
 .text.TIM_OC1_SetConfig
                0x08003ca0       0x54 ./Drivers/STM32F1xx_HAL_Driver/Src/stm32f1xx_hal_tim.o
 .text.TIM_OC3_SetConfig
                0x08003cf4       0x5c ./Drivers/STM32F1xx_HAL_Driver/Src/stm32f1xx_hal_tim.o
 .text.TIM_OC4_SetConfig
                0x08003d50       0x48 ./Drivers/STM32F1xx_HAL_Driver/Src/stm32f1xx_hal_tim.o
 .text.TIM_TI1_ConfigInputStage
                0x08003d98       0x24 ./Drivers/STM32F1xx_HAL_Driver/Src/stm32f1xx_hal_tim.o
 .text.TIM_TI2_SetConfig
                0x08003dbc       0x36 ./Drivers/STM32F1xx_HAL_Driver/Src/stm32f1xx_hal_tim.o
 .text.TIM_TI2_ConfigInputStage
                0x08003df2       0x26 ./Drivers/STM32F1xx_HAL_Driver/Src/stm32f1xx_hal_tim.o
 .text.TIM_TI3_SetConfig
                0x08003e18       0x36 ./Drivers/STM32F1xx_HAL_Driver/Src/stm32f1xx_hal_tim.o
 .text.TIM_TI4_SetConfig
                0x08003e4e       0x36 ./Drivers/STM32F1xx_HAL_Driver/Src/stm32f1xx_hal_tim.o
 .text.TIM_ITRx_SetConfig
                0x08003e84       0x10 ./Drivers/STM32F1xx_HAL_Driver/Src/stm32f1xx_hal_tim.o
 .text.HAL_TIM_Base_Start_IT
                0x08003e94       0x68 ./Drivers/STM32F1xx_HAL_Driver/Src/stm32f1xx_hal_tim.o
                0x08003e94                HAL_TIM_Base_Start_IT
 .text.HAL_TIM_OC_DelayElapsedCallback
                0x08003efc        0x2 ./Drivers/STM32F1xx_HAL_Driver/Src/stm32f1xx_hal_tim.o
                0x08003efc                HAL_TIM_OC_DelayElapsedCallback
 .text.HAL_TIM_PWM_PulseFinishedCallback
                0x08003efe        0x2 ./Drivers/STM32F1xx_HAL_Driver/Src/stm32f1xx_hal_tim.o
                0x08003efe                HAL_TIM_PWM_PulseFinishedCallback
 .text.HAL_TIM_TriggerCallback
                0x08003f00        0x2 ./Drivers/STM32F1xx_HAL_Driver/Src/stm32f1xx_hal_tim.o
                0x08003f00                HAL_TIM_TriggerCallback
 .text.HAL_TIM_IRQHandler
                0x08003f02      0x15e ./Drivers/STM32F1xx_HAL_Driver/Src/stm32f1xx_hal_tim.o
                0x08003f02                HAL_TIM_IRQHandler
 .text.TIM_Base_SetConfig
                0x08004060       0x84 ./Drivers/STM32F1xx_HAL_Driver/Src/stm32f1xx_hal_tim.o
                0x08004060                TIM_Base_SetConfig
 .text.HAL_TIM_Base_Init
                0x080040e4       0x58 ./Drivers/STM32F1xx_HAL_Driver/Src/stm32f1xx_hal_tim.o
                0x080040e4                HAL_TIM_Base_Init
 .text.HAL_TIM_PWM_Init
                0x0800413c       0x58 ./Drivers/STM32F1xx_HAL_Driver/Src/stm32f1xx_hal_tim.o
                0x0800413c                HAL_TIM_PWM_Init
 .text.HAL_TIM_IC_Init
                0x08004194       0x58 ./Drivers/STM32F1xx_HAL_Driver/Src/stm32f1xx_hal_tim.o
                0x08004194                HAL_TIM_IC_Init
 .text.TIM_OC2_SetConfig
                0x080041ec       0x5c ./Drivers/STM32F1xx_HAL_Driver/Src/stm32f1xx_hal_tim.o
                0x080041ec                TIM_OC2_SetConfig
 .text.HAL_TIM_PWM_ConfigChannel
                0x08004248       0xdc ./Drivers/STM32F1xx_HAL_Driver/Src/stm32f1xx_hal_tim.o
                0x08004248                HAL_TIM_PWM_ConfigChannel
 .text.TIM_TI1_SetConfig
                0x08004324       0x58 ./Drivers/STM32F1xx_HAL_Driver/Src/stm32f1xx_hal_tim.o
                0x08004324                TIM_TI1_SetConfig
 .text.HAL_TIM_IC_ConfigChannel
                0x0800437c       0xc4 ./Drivers/STM32F1xx_HAL_Driver/Src/stm32f1xx_hal_tim.o
                0x0800437c                HAL_TIM_IC_ConfigChannel
 .text.TIM_ETR_SetConfig
                0x08004440       0x18 ./Drivers/STM32F1xx_HAL_Driver/Src/stm32f1xx_hal_tim.o
                0x08004440                TIM_ETR_SetConfig
 .text.HAL_TIM_ConfigClockSource
                0x08004458       0xfe ./Drivers/STM32F1xx_HAL_Driver/Src/stm32f1xx_hal_tim.o
                0x08004458                HAL_TIM_ConfigClockSource
 .text.TIM_CCxChannelCmd
                0x08004556       0x1e ./Drivers/STM32F1xx_HAL_Driver/Src/stm32f1xx_hal_tim.o
                0x08004556                TIM_CCxChannelCmd
 .text.HAL_TIM_PWM_Start
                0x08004574       0xdc ./Drivers/STM32F1xx_HAL_Driver/Src/stm32f1xx_hal_tim.o
                0x08004574                HAL_TIM_PWM_Start
 .text.HAL_TIM_IC_Start_IT
                0x08004650      0x148 ./Drivers/STM32F1xx_HAL_Driver/Src/stm32f1xx_hal_tim.o
                0x08004650                HAL_TIM_IC_Start_IT
 .text.HAL_TIMEx_MasterConfigSynchronization
                0x08004798       0x6c ./Drivers/STM32F1xx_HAL_Driver/Src/stm32f1xx_hal_tim_ex.o
                0x08004798                HAL_TIMEx_MasterConfigSynchronization
 .text.HAL_TIMEx_ConfigBreakDeadTime
                0x08004804       0x52 ./Drivers/STM32F1xx_HAL_Driver/Src/stm32f1xx_hal_tim_ex.o
                0x08004804                HAL_TIMEx_ConfigBreakDeadTime
 .text.HAL_TIMEx_CommutCallback
                0x08004856        0x2 ./Drivers/STM32F1xx_HAL_Driver/Src/stm32f1xx_hal_tim_ex.o
                0x08004856                HAL_TIMEx_CommutCallback
 .text.HAL_TIMEx_BreakCallback
                0x08004858        0x2 ./Drivers/STM32F1xx_HAL_Driver/Src/stm32f1xx_hal_tim_ex.o
                0x08004858                HAL_TIMEx_BreakCallback
 *fill*         0x0800485a        0x2 
 .text.sprintf  0x0800485c       0x40 C:/ST/STM32CubeIDE_1.17.0/STM32CubeIDE/plugins/com.st.stm32cube.ide.mcu.externaltools.gnu-tools-for-stm32.12.3.rel1.win32_1.1.0.202410251130/tools/bin/../lib/gcc/arm-none-eabi/12.3.1/../../../../arm-none-eabi/lib/thumb/v7-m/nofp\libc_nano.a(libc_a-sprintf.o)
                0x0800485c                siprintf
                0x0800485c                sprintf
 .text.memset   0x0800489c       0x10 C:/ST/STM32CubeIDE_1.17.0/STM32CubeIDE/plugins/com.st.stm32cube.ide.mcu.externaltools.gnu-tools-for-stm32.12.3.rel1.win32_1.1.0.202410251130/tools/bin/../lib/gcc/arm-none-eabi/12.3.1/../../../../arm-none-eabi/lib/thumb/v7-m/nofp\libc_nano.a(libc_a-memset.o)
                0x0800489c                memset
 .text.__errno  0x080048ac        0xc C:/ST/STM32CubeIDE_1.17.0/STM32CubeIDE/plugins/com.st.stm32cube.ide.mcu.externaltools.gnu-tools-for-stm32.12.3.rel1.win32_1.1.0.202410251130/tools/bin/../lib/gcc/arm-none-eabi/12.3.1/../../../../arm-none-eabi/lib/thumb/v7-m/nofp\libc_nano.a(libc_a-errno.o)
                0x080048ac                __errno
 .text.__libc_init_array
                0x080048b8       0x48 C:/ST/STM32CubeIDE_1.17.0/STM32CubeIDE/plugins/com.st.stm32cube.ide.mcu.externaltools.gnu-tools-for-stm32.12.3.rel1.win32_1.1.0.202410251130/tools/bin/../lib/gcc/arm-none-eabi/12.3.1/../../../../arm-none-eabi/lib/thumb/v7-m/nofp\libc_nano.a(libc_a-init.o)
                0x080048b8                __libc_init_array
 .text.__retarget_lock_acquire_recursive
                0x08004900        0x2 C:/ST/STM32CubeIDE_1.17.0/STM32CubeIDE/plugins/com.st.stm32cube.ide.mcu.externaltools.gnu-tools-for-stm32.12.3.rel1.win32_1.1.0.202410251130/tools/bin/../lib/gcc/arm-none-eabi/12.3.1/../../../../arm-none-eabi/lib/thumb/v7-m/nofp\libc_nano.a(libc_a-lock.o)
                0x08004900                __retarget_lock_acquire_recursive
 .text.__retarget_lock_release_recursive
                0x08004902        0x2 C:/ST/STM32CubeIDE_1.17.0/STM32CubeIDE/plugins/com.st.stm32cube.ide.mcu.externaltools.gnu-tools-for-stm32.12.3.rel1.win32_1.1.0.202410251130/tools/bin/../lib/gcc/arm-none-eabi/12.3.1/../../../../arm-none-eabi/lib/thumb/v7-m/nofp\libc_nano.a(libc_a-lock.o)
                0x08004902                __retarget_lock_release_recursive
 .text._free_r  0x08004904       0x90 C:/ST/STM32CubeIDE_1.17.0/STM32CubeIDE/plugins/com.st.stm32cube.ide.mcu.externaltools.gnu-tools-for-stm32.12.3.rel1.win32_1.1.0.202410251130/tools/bin/../lib/gcc/arm-none-eabi/12.3.1/../../../../arm-none-eabi/lib/thumb/v7-m/nofp\libc_nano.a(libc_a-freer.o)
                0x08004904                _free_r
 .text.sbrk_aligned
                0x08004994       0x44 C:/ST/STM32CubeIDE_1.17.0/STM32CubeIDE/plugins/com.st.stm32cube.ide.mcu.externaltools.gnu-tools-for-stm32.12.3.rel1.win32_1.1.0.202410251130/tools/bin/../lib/gcc/arm-none-eabi/12.3.1/../../../../arm-none-eabi/lib/thumb/v7-m/nofp\libc_nano.a(libc_a-mallocr.o)
 .text._malloc_r
                0x080049d8      0x100 C:/ST/STM32CubeIDE_1.17.0/STM32CubeIDE/plugins/com.st.stm32cube.ide.mcu.externaltools.gnu-tools-for-stm32.12.3.rel1.win32_1.1.0.202410251130/tools/bin/../lib/gcc/arm-none-eabi/12.3.1/../../../../arm-none-eabi/lib/thumb/v7-m/nofp\libc_nano.a(libc_a-mallocr.o)
                0x080049d8                _malloc_r
 .text.__malloc_lock
                0x08004ad8        0xc C:/ST/STM32CubeIDE_1.17.0/STM32CubeIDE/plugins/com.st.stm32cube.ide.mcu.externaltools.gnu-tools-for-stm32.12.3.rel1.win32_1.1.0.202410251130/tools/bin/../lib/gcc/arm-none-eabi/12.3.1/../../../../arm-none-eabi/lib/thumb/v7-m/nofp\libc_nano.a(libc_a-mlock.o)
                0x08004ad8                __malloc_lock
 .text.__malloc_unlock
                0x08004ae4        0xc C:/ST/STM32CubeIDE_1.17.0/STM32CubeIDE/plugins/com.st.stm32cube.ide.mcu.externaltools.gnu-tools-for-stm32.12.3.rel1.win32_1.1.0.202410251130/tools/bin/../lib/gcc/arm-none-eabi/12.3.1/../../../../arm-none-eabi/lib/thumb/v7-m/nofp\libc_nano.a(libc_a-mlock.o)
                0x08004ae4                __malloc_unlock
 .text.__ssputs_r
                0x08004af0       0xb6 C:/ST/STM32CubeIDE_1.17.0/STM32CubeIDE/plugins/com.st.stm32cube.ide.mcu.externaltools.gnu-tools-for-stm32.12.3.rel1.win32_1.1.0.202410251130/tools/bin/../lib/gcc/arm-none-eabi/12.3.1/../../../../arm-none-eabi/lib/thumb/v7-m/nofp\libc_nano.a(libc_a-nano-svfprintf.o)
                0x08004af0                __ssputs_r
 *fill*         0x08004ba6        0x2 
 .text._svfprintf_r
                0x08004ba8      0x1f8 C:/ST/STM32CubeIDE_1.17.0/STM32CubeIDE/plugins/com.st.stm32cube.ide.mcu.externaltools.gnu-tools-for-stm32.12.3.rel1.win32_1.1.0.202410251130/tools/bin/../lib/gcc/arm-none-eabi/12.3.1/../../../../arm-none-eabi/lib/thumb/v7-m/nofp\libc_nano.a(libc_a-nano-svfprintf.o)
                0x08004ba8                _svfiprintf_r
                0x08004ba8                _svfprintf_r
 .text._printf_common
                0x08004da0       0xe4 C:/ST/STM32CubeIDE_1.17.0/STM32CubeIDE/plugins/com.st.stm32cube.ide.mcu.externaltools.gnu-tools-for-stm32.12.3.rel1.win32_1.1.0.202410251130/tools/bin/../lib/gcc/arm-none-eabi/12.3.1/../../../../arm-none-eabi/lib/thumb/v7-m/nofp\libc_nano.a(libc_a-nano-vfprintf_i.o)
                0x08004da0                _printf_common
 .text._printf_i
                0x08004e84      0x240 C:/ST/STM32CubeIDE_1.17.0/STM32CubeIDE/plugins/com.st.stm32cube.ide.mcu.externaltools.gnu-tools-for-stm32.12.3.rel1.win32_1.1.0.202410251130/tools/bin/../lib/gcc/arm-none-eabi/12.3.1/../../../../arm-none-eabi/lib/thumb/v7-m/nofp\libc_nano.a(libc_a-nano-vfprintf_i.o)
                0x08004e84                _printf_i
 .text.memmove  0x080050c4       0x34 C:/ST/STM32CubeIDE_1.17.0/STM32CubeIDE/plugins/com.st.stm32cube.ide.mcu.externaltools.gnu-tools-for-stm32.12.3.rel1.win32_1.1.0.202410251130/tools/bin/../lib/gcc/arm-none-eabi/12.3.1/../../../../arm-none-eabi/lib/thumb/v7-m/nofp\libc_nano.a(libc_a-memmove.o)
                0x080050c4                memmove
 .text._sbrk_r  0x080050f8       0x20 C:/ST/STM32CubeIDE_1.17.0/STM32CubeIDE/plugins/com.st.stm32cube.ide.mcu.externaltools.gnu-tools-for-stm32.12.3.rel1.win32_1.1.0.202410251130/tools/bin/../lib/gcc/arm-none-eabi/12.3.1/../../../../arm-none-eabi/lib/thumb/v7-m/nofp\libc_nano.a(libc_a-sbrkr.o)
                0x080050f8                _sbrk_r
 .text.memchr   0x08005118       0x1c C:/ST/STM32CubeIDE_1.17.0/STM32CubeIDE/plugins/com.st.stm32cube.ide.mcu.externaltools.gnu-tools-for-stm32.12.3.rel1.win32_1.1.0.202410251130/tools/bin/../lib/gcc/arm-none-eabi/12.3.1/../../../../arm-none-eabi/lib/thumb/v7-m/nofp\libc_nano.a(libc_a-memchr-stub.o)
                0x08005118                memchr
 .text.memcpy   0x08005134       0x1c C:/ST/STM32CubeIDE_1.17.0/STM32CubeIDE/plugins/com.st.stm32cube.ide.mcu.externaltools.gnu-tools-for-stm32.12.3.rel1.win32_1.1.0.202410251130/tools/bin/../lib/gcc/arm-none-eabi/12.3.1/../../../../arm-none-eabi/lib/thumb/v7-m/nofp\libc_nano.a(libc_a-memcpy-stub.o)
                0x08005134                memcpy
 .text._realloc_r
                0x08005150       0x5c C:/ST/STM32CubeIDE_1.17.0/STM32CubeIDE/plugins/com.st.stm32cube.ide.mcu.externaltools.gnu-tools-for-stm32.12.3.rel1.win32_1.1.0.202410251130/tools/bin/../lib/gcc/arm-none-eabi/12.3.1/../../../../arm-none-eabi/lib/thumb/v7-m/nofp\libc_nano.a(libc_a-reallocr.o)
                0x08005150                _realloc_r
 .text._malloc_usable_size_r
                0x080051ac       0x10 C:/ST/STM32CubeIDE_1.17.0/STM32CubeIDE/plugins/com.st.stm32cube.ide.mcu.externaltools.gnu-tools-for-stm32.12.3.rel1.win32_1.1.0.202410251130/tools/bin/../lib/gcc/arm-none-eabi/12.3.1/../../../../arm-none-eabi/lib/thumb/v7-m/nofp\libc_nano.a(libc_a-msizer.o)
                0x080051ac                _malloc_usable_size_r
 .text.log      0x080051bc       0x64 C:/ST/STM32CubeIDE_1.17.0/STM32CubeIDE/plugins/com.st.stm32cube.ide.mcu.externaltools.gnu-tools-for-stm32.12.3.rel1.win32_1.1.0.202410251130/tools/bin/../lib/gcc/arm-none-eabi/12.3.1/../../../../arm-none-eabi/lib/thumb/v7-m/nofp\libm.a(libm_a-w_log.o)
                0x080051bc                log
 .text.nan      0x08005220        0xc C:/ST/STM32CubeIDE_1.17.0/STM32CubeIDE/plugins/com.st.stm32cube.ide.mcu.externaltools.gnu-tools-for-stm32.12.3.rel1.win32_1.1.0.202410251130/tools/bin/../lib/gcc/arm-none-eabi/12.3.1/../../../../arm-none-eabi/lib/thumb/v7-m/nofp\libm.a(libm_a-s_nan.o)
                0x08005220                nan
 *fill*         0x0800522c        0x4 
 .text.__ieee754_log
                0x08005230      0x364 C:/ST/STM32CubeIDE_1.17.0/STM32CubeIDE/plugins/com.st.stm32cube.ide.mcu.externaltools.gnu-tools-for-stm32.12.3.rel1.win32_1.1.0.202410251130/tools/bin/../lib/gcc/arm-none-eabi/12.3.1/../../../../arm-none-eabi/lib/thumb/v7-m/nofp\libm.a(libm_a-e_log.o)
                0x08005230                __ieee754_log
 *(.glue_7)
 .glue_7        0x08005594        0x0 linker stubs
 *(.glue_7t)
 .glue_7t       0x08005594        0x0 linker stubs
 *(.eh_frame)
 .eh_frame      0x08005594        0x0 C:/ST/STM32CubeIDE_1.17.0/STM32CubeIDE/plugins/com.st.stm32cube.ide.mcu.externaltools.gnu-tools-for-stm32.12.3.rel1.win32_1.1.0.202410251130/tools/bin/../lib/gcc/arm-none-eabi/12.3.1/thumb/v7-m/nofp/crtbegin.o
 *(.init)
 .init          0x08005594        0x4 C:/ST/STM32CubeIDE_1.17.0/STM32CubeIDE/plugins/com.st.stm32cube.ide.mcu.externaltools.gnu-tools-for-stm32.12.3.rel1.win32_1.1.0.202410251130/tools/bin/../lib/gcc/arm-none-eabi/12.3.1/thumb/v7-m/nofp/crti.o
                0x08005594                _init
 .init          0x08005598        0x8 C:/ST/STM32CubeIDE_1.17.0/STM32CubeIDE/plugins/com.st.stm32cube.ide.mcu.externaltools.gnu-tools-for-stm32.12.3.rel1.win32_1.1.0.202410251130/tools/bin/../lib/gcc/arm-none-eabi/12.3.1/thumb/v7-m/nofp/crtn.o
 *(.fini)
 .fini          0x080055a0        0x4 C:/ST/STM32CubeIDE_1.17.0/STM32CubeIDE/plugins/com.st.stm32cube.ide.mcu.externaltools.gnu-tools-for-stm32.12.3.rel1.win32_1.1.0.202410251130/tools/bin/../lib/gcc/arm-none-eabi/12.3.1/thumb/v7-m/nofp/crti.o
                0x080055a0                _fini
 .fini          0x080055a4        0x8 C:/ST/STM32CubeIDE_1.17.0/STM32CubeIDE/plugins/com.st.stm32cube.ide.mcu.externaltools.gnu-tools-for-stm32.12.3.rel1.win32_1.1.0.202410251130/tools/bin/../lib/gcc/arm-none-eabi/12.3.1/thumb/v7-m/nofp/crtn.o
                0x080055ac                        . = ALIGN (0x4)
                0x080055ac                        _etext = .

.vfp11_veneer   0x080055ac        0x0
 .vfp11_veneer  0x080055ac        0x0 linker stubs

.v4_bx          0x080055ac        0x0
 .v4_bx         0x080055ac        0x0 linker stubs

.iplt           0x080055ac        0x0
 .iplt          0x080055ac        0x0 C:/ST/STM32CubeIDE_1.17.0/STM32CubeIDE/plugins/com.st.stm32cube.ide.mcu.externaltools.gnu-tools-for-stm32.12.3.rel1.win32_1.1.0.202410251130/tools/bin/../lib/gcc/arm-none-eabi/12.3.1/thumb/v7-m/nofp/crtbegin.o

.rodata         0x080055ac      0x104
                0x080055ac                        . = ALIGN (0x4)
 *(.rodata)
 .rodata        0x080055ac       0x10 ./Core/Src/I2C_LCD.o
 *(.rodata*)
 .rodata.I2C_LCD_ClearRow.str1.4
                0x080055bc        0x0 ./Core/Src/I2C_LCD.o
                                  0x2 (size before relaxing)
 .rodata.I2C_LCD_CfgParam
                0x080055bc        0xc ./Core/Src/I2C_LCD_cfg.o
                0x080055bc                I2C_LCD_CfgParam
 .rodata.updateLCD.str1.4
                0x080055c8       0x2e ./Core/Src/main.o
 *fill*         0x080055f6        0x2 
 .rodata.resetMenu.str1.4
                0x080055f8        0xe ./Core/Src/main.o
 *fill*         0x08005606        0x2 
 .rodata.main.str1.4
                0x08005608       0x33 ./Core/Src/main.o
 .rodata.moveSibling.str1.4
                0x0800563b        0xd ./Core/Src/menu.o
 *fill*         0x0800563b        0x1 
 .rodata.APBPrescTable
                0x0800563c        0x8 ./Core/Src/system_stm32f1xx.o
                0x0800563c                APBPrescTable
 .rodata.AHBPrescTable
                0x08005644       0x10 ./Core/Src/system_stm32f1xx.o
                0x08005644                AHBPrescTable
 .rodata.aPredivFactorTable.0
                0x08005654        0x2 ./Drivers/STM32F1xx_HAL_Driver/Src/stm32f1xx_hal_rcc.o
 *fill*         0x08005656        0x2 
 .rodata.aPLLMULFactorTable.1
                0x08005658       0x10 ./Drivers/STM32F1xx_HAL_Driver/Src/stm32f1xx_hal_rcc.o
 .rodata.aPredivFactorTable.0
                0x08005668        0x2 ./Drivers/STM32F1xx_HAL_Driver/Src/stm32f1xx_hal_rcc_ex.o
 *fill*         0x0800566a        0x2 
 .rodata.aPLLMULFactorTable.1
                0x0800566c       0x10 ./Drivers/STM32F1xx_HAL_Driver/Src/stm32f1xx_hal_rcc_ex.o
 .rodata._svfprintf_r.str1.1
                0x0800567c       0x11 C:/ST/STM32CubeIDE_1.17.0/STM32CubeIDE/plugins/com.st.stm32cube.ide.mcu.externaltools.gnu-tools-for-stm32.12.3.rel1.win32_1.1.0.202410251130/tools/bin/../lib/gcc/arm-none-eabi/12.3.1/../../../../arm-none-eabi/lib/thumb/v7-m/nofp\libc_nano.a(libc_a-nano-svfprintf.o)
 .rodata._printf_i.str1.1
                0x0800568d       0x22 C:/ST/STM32CubeIDE_1.17.0/STM32CubeIDE/plugins/com.st.stm32cube.ide.mcu.externaltools.gnu-tools-for-stm32.12.3.rel1.win32_1.1.0.202410251130/tools/bin/../lib/gcc/arm-none-eabi/12.3.1/../../../../arm-none-eabi/lib/thumb/v7-m/nofp\libc_nano.a(libc_a-nano-vfprintf_i.o)
 .rodata.log.str1.1
                0x080056af       0x22 C:/ST/STM32CubeIDE_1.17.0/STM32CubeIDE/plugins/com.st.stm32cube.ide.mcu.externaltools.gnu-tools-for-stm32.12.3.rel1.win32_1.1.0.202410251130/tools/bin/../lib/gcc/arm-none-eabi/12.3.1/../../../../arm-none-eabi/lib/thumb/v7-m/nofp\libm.a(libm_a-w_log.o)
                                  0x1 (size before relaxing)
                0x080056d4                        . = ALIGN (0x4)
 *fill*         0x080056af        0x1 

.ARM.extab      0x080056b0        0x0
                0x080056b0                        . = ALIGN (0x4)
 *(.ARM.extab* .gnu.linkonce.armextab.*)
                0x080056b0                        . = ALIGN (0x4)

.ARM            0x080056b0        0x8
                0x080056b0                        . = ALIGN (0x4)
                0x080056b0                        __exidx_start = .
 *(.ARM.exidx*)
 .ARM.exidx     0x080056b0        0x8 C:/ST/STM32CubeIDE_1.17.0/STM32CubeIDE/plugins/com.st.stm32cube.ide.mcu.externaltools.gnu-tools-for-stm32.12.3.rel1.win32_1.1.0.202410251130/tools/bin/../lib/gcc/arm-none-eabi/12.3.1/../../../../arm-none-eabi/lib/thumb/v7-m/nofp\libc_nano.a(libc_a-strcmp.o)
 .ARM.exidx     0x080056b8        0x0 C:/ST/STM32CubeIDE_1.17.0/STM32CubeIDE/plugins/com.st.stm32cube.ide.mcu.externaltools.gnu-tools-for-stm32.12.3.rel1.win32_1.1.0.202410251130/tools/bin/../lib/gcc/arm-none-eabi/12.3.1/../../../../arm-none-eabi/lib/thumb/v7-m/nofp\libc_nano.a(libc_a-strlen.o)
                                  0x8 (size before relaxing)
                0x080056b8                        __exidx_end = .
                0x080056b8                        . = ALIGN (0x4)

.preinit_array  0x080056b8        0x0
                0x080056b8                        . = ALIGN (0x4)
                0x080056b8                        PROVIDE (__preinit_array_start = .)
 *(.preinit_array*)
                0x080056b8                        PROVIDE (__preinit_array_end = .)
                0x080056b8                        . = ALIGN (0x4)

.init_array     0x080056b8        0x4
                0x080056b8                        . = ALIGN (0x4)
                0x080056b8                        PROVIDE (__init_array_start = .)
 *(SORT_BY_NAME(.init_array.*))
 *(.init_array*)
 .init_array    0x080056b8        0x4 C:/ST/STM32CubeIDE_1.17.0/STM32CubeIDE/plugins/com.st.stm32cube.ide.mcu.externaltools.gnu-tools-for-stm32.12.3.rel1.win32_1.1.0.202410251130/tools/bin/../lib/gcc/arm-none-eabi/12.3.1/thumb/v7-m/nofp/crtbegin.o
                0x080056bc                        PROVIDE (__init_array_end = .)
                0x080056bc                        . = ALIGN (0x4)

.fini_array     0x080056bc        0x4
                0x080056bc                        . = ALIGN (0x4)
                [!provide]                        PROVIDE (__fini_array_start = .)
 *(SORT_BY_NAME(.fini_array.*))
 *(.fini_array*)
 .fini_array    0x080056bc        0x4 C:/ST/STM32CubeIDE_1.17.0/STM32CubeIDE/plugins/com.st.stm32cube.ide.mcu.externaltools.gnu-tools-for-stm32.12.3.rel1.win32_1.1.0.202410251130/tools/bin/../lib/gcc/arm-none-eabi/12.3.1/thumb/v7-m/nofp/crtbegin.o
                [!provide]                        PROVIDE (__fini_array_end = .)
                0x080056c0                        . = ALIGN (0x4)
                0x080056c0                        _sidata = LOADADDR (.data)

.rel.dyn        0x080056c0        0x0
 .rel.iplt      0x080056c0        0x0 C:/ST/STM32CubeIDE_1.17.0/STM32CubeIDE/plugins/com.st.stm32cube.ide.mcu.externaltools.gnu-tools-for-stm32.12.3.rel1.win32_1.1.0.202410251130/tools/bin/../lib/gcc/arm-none-eabi/12.3.1/thumb/v7-m/nofp/crtbegin.o

.data           0x20000000      0x348 load address 0x080056c0
                0x20000000                        . = ALIGN (0x4)
                0x20000000                        _sdata = .
 *(.data)
 *(.data*)
 .data.prevA.2  0x20000000        0x1 ./Core/Src/main.o
 .data.prevB.4  0x20000001        0x1 ./Core/Src/main.o
 .data.setTime  0x20000002        0x2 ./Core/Src/main.o
                0x20000002                setTime
 .data.setTemp  0x20000004        0x4 ./Core/Src/main.o
                0x20000004                setTemp
 .data.pid      0x20000008       0x10 ./Core/Src/main.o
                0x20000008                pid
 .data.temp     0x20000018        0x4 ./Core/Src/main.o
                0x20000018                temp
 .data.cureTimeValue.0
                0x2000001c       0x24 ./Core/Src/menu.o
 .data.cureTempValue.2
                0x20000040       0x24 ./Core/Src/menu.o
 .data.cureStartValue.4
                0x20000064       0x24 ./Core/Src/menu.o
 .data.dryTimeValue.6
                0x20000088       0x24 ./Core/Src/menu.o
 .data.dryTempValue.8
                0x200000ac       0x24 ./Core/Src/menu.o
 .data.dryStartValue.10
                0x200000d0       0x24 ./Core/Src/menu.o
 .data.washTimeValue.12
                0x200000f4       0x24 ./Core/Src/menu.o
 .data.washStartValue.14
                0x20000118       0x24 ./Core/Src/menu.o
 .data.cureTime.16
                0x2000013c       0x24 ./Core/Src/menu.o
 .data.cureTemp.17
                0x20000160       0x24 ./Core/Src/menu.o
 .data.cureStart.18
                0x20000184       0x24 ./Core/Src/menu.o
 .data.dryTime.20
                0x200001a8       0x24 ./Core/Src/menu.o
 .data.dryTemp.21
                0x200001cc       0x24 ./Core/Src/menu.o
 .data.dryStart.22
                0x200001f0       0x24 ./Core/Src/menu.o
 .data.washTime.24
                0x20000214       0x24 ./Core/Src/menu.o
 .data.washStart.25
                0x20000238       0x24 ./Core/Src/menu.o
 .data.root.27  0x2000025c       0x24 ./Core/Src/menu.o
 .data.cure.28  0x20000280       0x24 ./Core/Src/menu.o
 .data.dry.29   0x200002a4       0x24 ./Core/Src/menu.o
 .data.wash.30  0x200002c8       0x24 ./Core/Src/menu.o
 .data.SystemCoreClock
                0x200002ec        0x4 ./Core/Src/system_stm32f1xx.o
                0x200002ec                SystemCoreClock
 .data.uwTickFreq
                0x200002f0        0x1 ./Drivers/STM32F1xx_HAL_Driver/Src/stm32f1xx_hal.o
                0x200002f0                uwTickFreq
 *fill*         0x200002f1        0x3 
 .data.uwTickPrio
                0x200002f4        0x4 ./Drivers/STM32F1xx_HAL_Driver/Src/stm32f1xx_hal.o
                0x200002f4                uwTickPrio
 .data._impure_ptr
                0x200002f8        0x4 C:/ST/STM32CubeIDE_1.17.0/STM32CubeIDE/plugins/com.st.stm32cube.ide.mcu.externaltools.gnu-tools-for-stm32.12.3.rel1.win32_1.1.0.202410251130/tools/bin/../lib/gcc/arm-none-eabi/12.3.1/../../../../arm-none-eabi/lib/thumb/v7-m/nofp\libc_nano.a(libc_a-impure.o)
                0x200002f8                _impure_ptr
 .data._impure_data
                0x200002fc       0x4c C:/ST/STM32CubeIDE_1.17.0/STM32CubeIDE/plugins/com.st.stm32cube.ide.mcu.externaltools.gnu-tools-for-stm32.12.3.rel1.win32_1.1.0.202410251130/tools/bin/../lib/gcc/arm-none-eabi/12.3.1/../../../../arm-none-eabi/lib/thumb/v7-m/nofp\libc_nano.a(libc_a-impure.o)
                0x200002fc                _impure_data
 *(.RamFunc)
 *(.RamFunc*)
                0x20000348                        . = ALIGN (0x4)
                0x20000348                        _edata = .

.igot.plt       0x20000348        0x0 load address 0x08005a08
 .igot.plt      0x20000348        0x0 C:/ST/STM32CubeIDE_1.17.0/STM32CubeIDE/plugins/com.st.stm32cube.ide.mcu.externaltools.gnu-tools-for-stm32.12.3.rel1.win32_1.1.0.202410251130/tools/bin/../lib/gcc/arm-none-eabi/12.3.1/thumb/v7-m/nofp/crtbegin.o
                0x20000348                        . = ALIGN (0x4)

.bss            0x20000348      0x390 load address 0x08005a08
                0x20000348                        _sbss = .
                0x20000348                        __bss_start__ = _sbss
 *(.bss)
 .bss           0x20000348       0x1c C:/ST/STM32CubeIDE_1.17.0/STM32CubeIDE/plugins/com.st.stm32cube.ide.mcu.externaltools.gnu-tools-for-stm32.12.3.rel1.win32_1.1.0.202410251130/tools/bin/../lib/gcc/arm-none-eabi/12.3.1/thumb/v7-m/nofp/crtbegin.o
 *(.bss*)
 .bss.I2C_LCD_InfoParam_g
                0x20000364        0x2 ./Core/Src/I2C_LCD.o
 *fill*         0x20000366        0x2 
 .bss.programCounter.0
                0x20000368        0x4 ./Core/Src/main.o
 .bss.debounceCounter.1
                0x2000036c        0x4 ./Core/Src/main.o
 .bss.A.3       0x20000370        0x1 ./Core/Src/main.o
 .bss.B.5       0x20000371        0x1 ./Core/Src/main.o
 .bss.debounceActive
                0x20000372        0x1 ./Core/Src/main.o
                0x20000372                debounceActive
 *fill*         0x20000373        0x1 
 .bss.tickCounter
                0x20000374        0x4 ./Core/Src/main.o
                0x20000374                tickCounter
 .bss.counter   0x20000378        0x4 ./Core/Src/main.o
                0x20000378                counter
 .bss.buffer    0x2000037c       0x11 ./Core/Src/main.o
                0x2000037c                buffer
 .bss.programCountdown
                0x2000038d        0x1 ./Core/Src/main.o
                0x2000038d                programCountdown
 *fill*         0x2000038e        0x2 
 .bss.action    0x20000390        0x4 ./Core/Src/main.o
                0x20000390                action
 .bss.htim4     0x20000394       0x48 ./Core/Src/main.o
                0x20000394                htim4
 .bss.htim3     0x200003dc       0x48 ./Core/Src/main.o
                0x200003dc                htim3
 .bss.htim2     0x20000424       0x48 ./Core/Src/main.o
                0x20000424                htim2
 .bss.htim1     0x2000046c       0x48 ./Core/Src/main.o
                0x2000046c                htim1
 .bss.hi2c1     0x200004b4       0x54 ./Core/Src/main.o
                0x200004b4                hi2c1
 .bss.hadc1     0x20000508       0x30 ./Core/Src/main.o
                0x20000508                hadc1
 .bss.cureTimeValueChildren.1
                0x20000538        0x4 ./Core/Src/menu.o
 .bss.cureTempValueChildren.3
                0x2000053c        0x4 ./Core/Src/menu.o
 .bss.cureStartValueChildren.5
                0x20000540        0x4 ./Core/Src/menu.o
 .bss.dryTimeValueChildren.7
                0x20000544        0x4 ./Core/Src/menu.o
 .bss.dryTempValueChildren.9
                0x20000548        0x4 ./Core/Src/menu.o
 .bss.dryStartValueChildren.11
                0x2000054c        0x4 ./Core/Src/menu.o
 .bss.washTimeValueChildren.13
                0x20000550        0x4 ./Core/Src/menu.o
 .bss.washStartValueChildren.15
                0x20000554        0x4 ./Core/Src/menu.o
 .bss.cureChildren.19
                0x20000558        0xc ./Core/Src/menu.o
 .bss.dryChildren.23
                0x20000564        0xc ./Core/Src/menu.o
 .bss.washChildren.26
                0x20000570        0x8 ./Core/Src/menu.o
 .bss.mainMenu.31
                0x20000578        0xc ./Core/Src/menu.o
 .bss.currentMenuItem
                0x20000584        0x4 ./Core/Src/menu.o
                0x20000584                currentMenuItem
 .bss.__sbrk_heap_end
                0x20000588        0x4 ./Core/Src/sysmem.o
 .bss.uwTick    0x2000058c        0x4 ./Drivers/STM32F1xx_HAL_Driver/Src/stm32f1xx_hal.o
                0x2000058c                uwTick
 .bss.__sf      0x20000590      0x138 C:/ST/STM32CubeIDE_1.17.0/STM32CubeIDE/plugins/com.st.stm32cube.ide.mcu.externaltools.gnu-tools-for-stm32.12.3.rel1.win32_1.1.0.202410251130/tools/bin/../lib/gcc/arm-none-eabi/12.3.1/../../../../arm-none-eabi/lib/thumb/v7-m/nofp\libc_nano.a(libc_a-findfp.o)
                0x20000590                __sf
 .bss.errno     0x200006c8        0x4 C:/ST/STM32CubeIDE_1.17.0/STM32CubeIDE/plugins/com.st.stm32cube.ide.mcu.externaltools.gnu-tools-for-stm32.12.3.rel1.win32_1.1.0.202410251130/tools/bin/../lib/gcc/arm-none-eabi/12.3.1/../../../../arm-none-eabi/lib/thumb/v7-m/nofp\libc_nano.a(libc_a-reent.o)
                0x200006c8                errno
 .bss.__lock___malloc_recursive_mutex
                0x200006cc        0x1 C:/ST/STM32CubeIDE_1.17.0/STM32CubeIDE/plugins/com.st.stm32cube.ide.mcu.externaltools.gnu-tools-for-stm32.12.3.rel1.win32_1.1.0.202410251130/tools/bin/../lib/gcc/arm-none-eabi/12.3.1/../../../../arm-none-eabi/lib/thumb/v7-m/nofp\libc_nano.a(libc_a-lock.o)
                0x200006cc                __lock___malloc_recursive_mutex
 *fill*         0x200006cd        0x3 
 .bss.__malloc_sbrk_start
                0x200006d0        0x4 C:/ST/STM32CubeIDE_1.17.0/STM32CubeIDE/plugins/com.st.stm32cube.ide.mcu.externaltools.gnu-tools-for-stm32.12.3.rel1.win32_1.1.0.202410251130/tools/bin/../lib/gcc/arm-none-eabi/12.3.1/../../../../arm-none-eabi/lib/thumb/v7-m/nofp\libc_nano.a(libc_a-mallocr.o)
                0x200006d0                __malloc_sbrk_start
 .bss.__malloc_free_list
                0x200006d4        0x4 C:/ST/STM32CubeIDE_1.17.0/STM32CubeIDE/plugins/com.st.stm32cube.ide.mcu.externaltools.gnu-tools-for-stm32.12.3.rel1.win32_1.1.0.202410251130/tools/bin/../lib/gcc/arm-none-eabi/12.3.1/../../../../arm-none-eabi/lib/thumb/v7-m/nofp\libc_nano.a(libc_a-mallocr.o)
                0x200006d4                __malloc_free_list
 *(COMMON)
                0x200006d8                        . = ALIGN (0x4)
                0x200006d8                        _ebss = .
                0x200006d8                        __bss_end__ = _ebss

._user_heap_stack
                0x200006d8      0x600 load address 0x08005a08
                0x200006d8                        . = ALIGN (0x8)
                [!provide]                        PROVIDE (end = .)
                0x200006d8                        PROVIDE (_end = .)
                0x200008d8                        . = (. + _Min_Heap_Size)
 *fill*         0x200006d8      0x200 
                0x20000cd8                        . = (. + _Min_Stack_Size)
 *fill*         0x200008d8      0x400 
                0x20000cd8                        . = ALIGN (0x8)

/DISCARD/
 libc.a(*)
 libm.a(*)
 libgcc.a(*)

.ARM.attributes
                0x00000000       0x29
 *(.ARM.attributes)
 .ARM.attributes
                0x00000000       0x1d C:/ST/STM32CubeIDE_1.17.0/STM32CubeIDE/plugins/com.st.stm32cube.ide.mcu.externaltools.gnu-tools-for-stm32.12.3.rel1.win32_1.1.0.202410251130/tools/bin/../lib/gcc/arm-none-eabi/12.3.1/thumb/v7-m/nofp/crti.o
 .ARM.attributes
                0x0000001d       0x2d C:/ST/STM32CubeIDE_1.17.0/STM32CubeIDE/plugins/com.st.stm32cube.ide.mcu.externaltools.gnu-tools-for-stm32.12.3.rel1.win32_1.1.0.202410251130/tools/bin/../lib/gcc/arm-none-eabi/12.3.1/thumb/v7-m/nofp/crtbegin.o
 .ARM.attributes
                0x0000004a       0x2d ./Core/Src/I2C_LCD.o
 .ARM.attributes
                0x00000077       0x2d ./Core/Src/I2C_LCD_cfg.o
 .ARM.attributes
                0x000000a4       0x2d ./Core/Src/main.o
 .ARM.attributes
                0x000000d1       0x2d ./Core/Src/menu.o
 .ARM.attributes
                0x000000fe       0x2d ./Core/Src/stm32f1xx_hal_msp.o
 .ARM.attributes
                0x0000012b       0x2d ./Core/Src/stm32f1xx_it.o
 .ARM.attributes
                0x00000158       0x2d ./Core/Src/sysmem.o
 .ARM.attributes
                0x00000185       0x2d ./Core/Src/system_stm32f1xx.o
 .ARM.attributes
                0x000001b2       0x21 ./Core/Startup/startup_stm32f103c8tx.o
 .ARM.attributes
                0x000001d3       0x2d ./Drivers/STM32F1xx_HAL_Driver/Src/stm32f1xx_hal.o
 .ARM.attributes
                0x00000200       0x2d ./Drivers/STM32F1xx_HAL_Driver/Src/stm32f1xx_hal_adc.o
 .ARM.attributes
                0x0000022d       0x2d ./Drivers/STM32F1xx_HAL_Driver/Src/stm32f1xx_hal_cortex.o
 .ARM.attributes
                0x0000025a       0x2d ./Drivers/STM32F1xx_HAL_Driver/Src/stm32f1xx_hal_gpio.o
 .ARM.attributes
                0x00000287       0x2d ./Drivers/STM32F1xx_HAL_Driver/Src/stm32f1xx_hal_i2c.o
 .ARM.attributes
                0x000002b4       0x2d ./Drivers/STM32F1xx_HAL_Driver/Src/stm32f1xx_hal_rcc.o
 .ARM.attributes
                0x000002e1       0x2d ./Drivers/STM32F1xx_HAL_Driver/Src/stm32f1xx_hal_rcc_ex.o
 .ARM.attributes
                0x0000030e       0x2d ./Drivers/STM32F1xx_HAL_Driver/Src/stm32f1xx_hal_tim.o
 .ARM.attributes
                0x0000033b       0x2d ./Drivers/STM32F1xx_HAL_Driver/Src/stm32f1xx_hal_tim_ex.o
 .ARM.attributes
                0x00000368       0x2d C:/ST/STM32CubeIDE_1.17.0/STM32CubeIDE/plugins/com.st.stm32cube.ide.mcu.externaltools.gnu-tools-for-stm32.12.3.rel1.win32_1.1.0.202410251130/tools/bin/../lib/gcc/arm-none-eabi/12.3.1/../../../../arm-none-eabi/lib/thumb/v7-m/nofp\libc_nano.a(libc_a-findfp.o)
 .ARM.attributes
                0x00000395       0x2d C:/ST/STM32CubeIDE_1.17.0/STM32CubeIDE/plugins/com.st.stm32cube.ide.mcu.externaltools.gnu-tools-for-stm32.12.3.rel1.win32_1.1.0.202410251130/tools/bin/../lib/gcc/arm-none-eabi/12.3.1/../../../../arm-none-eabi/lib/thumb/v7-m/nofp\libc_nano.a(libc_a-sprintf.o)
 .ARM.attributes
                0x000003c2       0x2d C:/ST/STM32CubeIDE_1.17.0/STM32CubeIDE/plugins/com.st.stm32cube.ide.mcu.externaltools.gnu-tools-for-stm32.12.3.rel1.win32_1.1.0.202410251130/tools/bin/../lib/gcc/arm-none-eabi/12.3.1/../../../../arm-none-eabi/lib/thumb/v7-m/nofp\libc_nano.a(libc_a-memset.o)
 .ARM.attributes
                0x000003ef       0x2d C:/ST/STM32CubeIDE_1.17.0/STM32CubeIDE/plugins/com.st.stm32cube.ide.mcu.externaltools.gnu-tools-for-stm32.12.3.rel1.win32_1.1.0.202410251130/tools/bin/../lib/gcc/arm-none-eabi/12.3.1/../../../../arm-none-eabi/lib/thumb/v7-m/nofp\libc_nano.a(libc_a-reent.o)
 .ARM.attributes
                0x0000041c       0x2d C:/ST/STM32CubeIDE_1.17.0/STM32CubeIDE/plugins/com.st.stm32cube.ide.mcu.externaltools.gnu-tools-for-stm32.12.3.rel1.win32_1.1.0.202410251130/tools/bin/../lib/gcc/arm-none-eabi/12.3.1/../../../../arm-none-eabi/lib/thumb/v7-m/nofp\libc_nano.a(libc_a-impure.o)
 .ARM.attributes
                0x00000449       0x2d C:/ST/STM32CubeIDE_1.17.0/STM32CubeIDE/plugins/com.st.stm32cube.ide.mcu.externaltools.gnu-tools-for-stm32.12.3.rel1.win32_1.1.0.202410251130/tools/bin/../lib/gcc/arm-none-eabi/12.3.1/../../../../arm-none-eabi/lib/thumb/v7-m/nofp\libc_nano.a(libc_a-errno.o)
 .ARM.attributes
                0x00000476       0x2d C:/ST/STM32CubeIDE_1.17.0/STM32CubeIDE/plugins/com.st.stm32cube.ide.mcu.externaltools.gnu-tools-for-stm32.12.3.rel1.win32_1.1.0.202410251130/tools/bin/../lib/gcc/arm-none-eabi/12.3.1/../../../../arm-none-eabi/lib/thumb/v7-m/nofp\libc_nano.a(libc_a-init.o)
 .ARM.attributes
                0x000004a3       0x2d C:/ST/STM32CubeIDE_1.17.0/STM32CubeIDE/plugins/com.st.stm32cube.ide.mcu.externaltools.gnu-tools-for-stm32.12.3.rel1.win32_1.1.0.202410251130/tools/bin/../lib/gcc/arm-none-eabi/12.3.1/../../../../arm-none-eabi/lib/thumb/v7-m/nofp\libc_nano.a(libc_a-lock.o)
 .ARM.attributes
                0x000004d0       0x1b C:/ST/STM32CubeIDE_1.17.0/STM32CubeIDE/plugins/com.st.stm32cube.ide.mcu.externaltools.gnu-tools-for-stm32.12.3.rel1.win32_1.1.0.202410251130/tools/bin/../lib/gcc/arm-none-eabi/12.3.1/../../../../arm-none-eabi/lib/thumb/v7-m/nofp\libc_nano.a(libc_a-strcmp.o)
 .ARM.attributes
                0x000004eb       0x17 C:/ST/STM32CubeIDE_1.17.0/STM32CubeIDE/plugins/com.st.stm32cube.ide.mcu.externaltools.gnu-tools-for-stm32.12.3.rel1.win32_1.1.0.202410251130/tools/bin/../lib/gcc/arm-none-eabi/12.3.1/../../../../arm-none-eabi/lib/thumb/v7-m/nofp\libc_nano.a(libc_a-strlen.o)
 .ARM.attributes
                0x00000502       0x2d C:/ST/STM32CubeIDE_1.17.0/STM32CubeIDE/plugins/com.st.stm32cube.ide.mcu.externaltools.gnu-tools-for-stm32.12.3.rel1.win32_1.1.0.202410251130/tools/bin/../lib/gcc/arm-none-eabi/12.3.1/../../../../arm-none-eabi/lib/thumb/v7-m/nofp\libc_nano.a(libc_a-freer.o)
 .ARM.attributes
                0x0000052f       0x2d C:/ST/STM32CubeIDE_1.17.0/STM32CubeIDE/plugins/com.st.stm32cube.ide.mcu.externaltools.gnu-tools-for-stm32.12.3.rel1.win32_1.1.0.202410251130/tools/bin/../lib/gcc/arm-none-eabi/12.3.1/../../../../arm-none-eabi/lib/thumb/v7-m/nofp\libc_nano.a(libc_a-mallocr.o)
 .ARM.attributes
                0x0000055c       0x2d C:/ST/STM32CubeIDE_1.17.0/STM32CubeIDE/plugins/com.st.stm32cube.ide.mcu.externaltools.gnu-tools-for-stm32.12.3.rel1.win32_1.1.0.202410251130/tools/bin/../lib/gcc/arm-none-eabi/12.3.1/../../../../arm-none-eabi/lib/thumb/v7-m/nofp\libc_nano.a(libc_a-mlock.o)
 .ARM.attributes
                0x00000589       0x2d C:/ST/STM32CubeIDE_1.17.0/STM32CubeIDE/plugins/com.st.stm32cube.ide.mcu.externaltools.gnu-tools-for-stm32.12.3.rel1.win32_1.1.0.202410251130/tools/bin/../lib/gcc/arm-none-eabi/12.3.1/../../../../arm-none-eabi/lib/thumb/v7-m/nofp\libc_nano.a(libc_a-nano-svfprintf.o)
 .ARM.attributes
                0x000005b6       0x2d C:/ST/STM32CubeIDE_1.17.0/STM32CubeIDE/plugins/com.st.stm32cube.ide.mcu.externaltools.gnu-tools-for-stm32.12.3.rel1.win32_1.1.0.202410251130/tools/bin/../lib/gcc/arm-none-eabi/12.3.1/../../../../arm-none-eabi/lib/thumb/v7-m/nofp\libc_nano.a(libc_a-nano-vfprintf_i.o)
 .ARM.attributes
                0x000005e3       0x2d C:/ST/STM32CubeIDE_1.17.0/STM32CubeIDE/plugins/com.st.stm32cube.ide.mcu.externaltools.gnu-tools-for-stm32.12.3.rel1.win32_1.1.0.202410251130/tools/bin/../lib/gcc/arm-none-eabi/12.3.1/../../../../arm-none-eabi/lib/thumb/v7-m/nofp\libc_nano.a(libc_a-memmove.o)
 .ARM.attributes
                0x00000610       0x2d C:/ST/STM32CubeIDE_1.17.0/STM32CubeIDE/plugins/com.st.stm32cube.ide.mcu.externaltools.gnu-tools-for-stm32.12.3.rel1.win32_1.1.0.202410251130/tools/bin/../lib/gcc/arm-none-eabi/12.3.1/../../../../arm-none-eabi/lib/thumb/v7-m/nofp\libc_nano.a(libc_a-sbrkr.o)
 .ARM.attributes
                0x0000063d       0x2d C:/ST/STM32CubeIDE_1.17.0/STM32CubeIDE/plugins/com.st.stm32cube.ide.mcu.externaltools.gnu-tools-for-stm32.12.3.rel1.win32_1.1.0.202410251130/tools/bin/../lib/gcc/arm-none-eabi/12.3.1/../../../../arm-none-eabi/lib/thumb/v7-m/nofp\libc_nano.a(libc_a-memchr-stub.o)
 .ARM.attributes
                0x0000066a       0x2d C:/ST/STM32CubeIDE_1.17.0/STM32CubeIDE/plugins/com.st.stm32cube.ide.mcu.externaltools.gnu-tools-for-stm32.12.3.rel1.win32_1.1.0.202410251130/tools/bin/../lib/gcc/arm-none-eabi/12.3.1/../../../../arm-none-eabi/lib/thumb/v7-m/nofp\libc_nano.a(libc_a-memcpy-stub.o)
 .ARM.attributes
                0x00000697       0x2d C:/ST/STM32CubeIDE_1.17.0/STM32CubeIDE/plugins/com.st.stm32cube.ide.mcu.externaltools.gnu-tools-for-stm32.12.3.rel1.win32_1.1.0.202410251130/tools/bin/../lib/gcc/arm-none-eabi/12.3.1/../../../../arm-none-eabi/lib/thumb/v7-m/nofp\libc_nano.a(libc_a-reallocr.o)
 .ARM.attributes
                0x000006c4       0x2d C:/ST/STM32CubeIDE_1.17.0/STM32CubeIDE/plugins/com.st.stm32cube.ide.mcu.externaltools.gnu-tools-for-stm32.12.3.rel1.win32_1.1.0.202410251130/tools/bin/../lib/gcc/arm-none-eabi/12.3.1/../../../../arm-none-eabi/lib/thumb/v7-m/nofp\libc_nano.a(libc_a-msizer.o)
 .ARM.attributes
                0x000006f1       0x2d C:/ST/STM32CubeIDE_1.17.0/STM32CubeIDE/plugins/com.st.stm32cube.ide.mcu.externaltools.gnu-tools-for-stm32.12.3.rel1.win32_1.1.0.202410251130/tools/bin/../lib/gcc/arm-none-eabi/12.3.1/../../../../arm-none-eabi/lib/thumb/v7-m/nofp\libm.a(libm_a-w_log.o)
 .ARM.attributes
                0x0000071e       0x2d C:/ST/STM32CubeIDE_1.17.0/STM32CubeIDE/plugins/com.st.stm32cube.ide.mcu.externaltools.gnu-tools-for-stm32.12.3.rel1.win32_1.1.0.202410251130/tools/bin/../lib/gcc/arm-none-eabi/12.3.1/../../../../arm-none-eabi/lib/thumb/v7-m/nofp\libm.a(libm_a-s_nan.o)
 .ARM.attributes
                0x0000074b       0x2d C:/ST/STM32CubeIDE_1.17.0/STM32CubeIDE/plugins/com.st.stm32cube.ide.mcu.externaltools.gnu-tools-for-stm32.12.3.rel1.win32_1.1.0.202410251130/tools/bin/../lib/gcc/arm-none-eabi/12.3.1/../../../../arm-none-eabi/lib/thumb/v7-m/nofp\libm.a(libm_a-e_log.o)
 .ARM.attributes
                0x00000778       0x1d C:/ST/STM32CubeIDE_1.17.0/STM32CubeIDE/plugins/com.st.stm32cube.ide.mcu.externaltools.gnu-tools-for-stm32.12.3.rel1.win32_1.1.0.202410251130/tools/bin/../lib/gcc/arm-none-eabi/12.3.1/thumb/v7-m/nofp\libgcc.a(_arm_mulsf3.o)
 .ARM.attributes
                0x00000795       0x1d C:/ST/STM32CubeIDE_1.17.0/STM32CubeIDE/plugins/com.st.stm32cube.ide.mcu.externaltools.gnu-tools-for-stm32.12.3.rel1.win32_1.1.0.202410251130/tools/bin/../lib/gcc/arm-none-eabi/12.3.1/thumb/v7-m/nofp\libgcc.a(_arm_addsubdf3.o)
 .ARM.attributes
                0x000007b2       0x1d C:/ST/STM32CubeIDE_1.17.0/STM32CubeIDE/plugins/com.st.stm32cube.ide.mcu.externaltools.gnu-tools-for-stm32.12.3.rel1.win32_1.1.0.202410251130/tools/bin/../lib/gcc/arm-none-eabi/12.3.1/thumb/v7-m/nofp\libgcc.a(_arm_muldivdf3.o)
 .ARM.attributes
                0x000007cf       0x1d C:/ST/STM32CubeIDE_1.17.0/STM32CubeIDE/plugins/com.st.stm32cube.ide.mcu.externaltools.gnu-tools-for-stm32.12.3.rel1.win32_1.1.0.202410251130/tools/bin/../lib/gcc/arm-none-eabi/12.3.1/thumb/v7-m/nofp\libgcc.a(_arm_cmpdf2.o)
 .ARM.attributes
                0x000007ec       0x1d C:/ST/STM32CubeIDE_1.17.0/STM32CubeIDE/plugins/com.st.stm32cube.ide.mcu.externaltools.gnu-tools-for-stm32.12.3.rel1.win32_1.1.0.202410251130/tools/bin/../lib/gcc/arm-none-eabi/12.3.1/thumb/v7-m/nofp\libgcc.a(_arm_unorddf2.o)
 .ARM.attributes
                0x00000809       0x1d C:/ST/STM32CubeIDE_1.17.0/STM32CubeIDE/plugins/com.st.stm32cube.ide.mcu.externaltools.gnu-tools-for-stm32.12.3.rel1.win32_1.1.0.202410251130/tools/bin/../lib/gcc/arm-none-eabi/12.3.1/thumb/v7-m/nofp\libgcc.a(_arm_truncdfsf2.o)
 .ARM.attributes
                0x00000826       0x1d C:/ST/STM32CubeIDE_1.17.0/STM32CubeIDE/plugins/com.st.stm32cube.ide.mcu.externaltools.gnu-tools-for-stm32.12.3.rel1.win32_1.1.0.202410251130/tools/bin/../lib/gcc/arm-none-eabi/12.3.1/thumb/v7-m/nofp\libgcc.a(_arm_addsubsf3.o)
 .ARM.attributes
                0x00000843       0x1d C:/ST/STM32CubeIDE_1.17.0/STM32CubeIDE/plugins/com.st.stm32cube.ide.mcu.externaltools.gnu-tools-for-stm32.12.3.rel1.win32_1.1.0.202410251130/tools/bin/../lib/gcc/arm-none-eabi/12.3.1/thumb/v7-m/nofp\libgcc.a(_arm_cmpsf2.o)
 .ARM.attributes
                0x00000860       0x1d C:/ST/STM32CubeIDE_1.17.0/STM32CubeIDE/plugins/com.st.stm32cube.ide.mcu.externaltools.gnu-tools-for-stm32.12.3.rel1.win32_1.1.0.202410251130/tools/bin/../lib/gcc/arm-none-eabi/12.3.1/thumb/v7-m/nofp\libgcc.a(_arm_fixsfsi.o)
 .ARM.attributes
                0x0000087d       0x1d C:/ST/STM32CubeIDE_1.17.0/STM32CubeIDE/plugins/com.st.stm32cube.ide.mcu.externaltools.gnu-tools-for-stm32.12.3.rel1.win32_1.1.0.202410251130/tools/bin/../lib/gcc/arm-none-eabi/12.3.1/thumb/v7-m/nofp\libgcc.a(_arm_fixunssfsi.o)
 .ARM.attributes
                0x0000089a       0x1d C:/ST/STM32CubeIDE_1.17.0/STM32CubeIDE/plugins/com.st.stm32cube.ide.mcu.externaltools.gnu-tools-for-stm32.12.3.rel1.win32_1.1.0.202410251130/tools/bin/../lib/gcc/arm-none-eabi/12.3.1/thumb/v7-m/nofp/crtn.o
OUTPUT(Lukes_robotDyn.elf elf32-littlearm)
LOAD linker stubs
LOAD C:/ST/STM32CubeIDE_1.17.0/STM32CubeIDE/plugins/com.st.stm32cube.ide.mcu.externaltools.gnu-tools-for-stm32.12.3.rel1.win32_1.1.0.202410251130/tools/bin/../lib/gcc/arm-none-eabi/12.3.1/../../../../arm-none-eabi/lib/thumb/v7-m/nofp\libc.a
LOAD C:/ST/STM32CubeIDE_1.17.0/STM32CubeIDE/plugins/com.st.stm32cube.ide.mcu.externaltools.gnu-tools-for-stm32.12.3.rel1.win32_1.1.0.202410251130/tools/bin/../lib/gcc/arm-none-eabi/12.3.1/../../../../arm-none-eabi/lib/thumb/v7-m/nofp\libm.a
LOAD C:/ST/STM32CubeIDE_1.17.0/STM32CubeIDE/plugins/com.st.stm32cube.ide.mcu.externaltools.gnu-tools-for-stm32.12.3.rel1.win32_1.1.0.202410251130/tools/bin/../lib/gcc/arm-none-eabi/12.3.1/thumb/v7-m/nofp\libgcc.a

.debug_info     0x00000000    0x12b18
 .debug_info    0x00000000     0x117b ./Core/Src/I2C_LCD.o
 .debug_info    0x0000117b      0x5f7 ./Core/Src/I2C_LCD_cfg.o
 .debug_info    0x00001772     0x2a98 ./Core/Src/main.o
 .debug_info    0x0000420a      0x51c ./Core/Src/menu.o
 .debug_info    0x00004726     0x12fd ./Core/Src/stm32f1xx_hal_msp.o
 .debug_info    0x00005a23      0x74e ./Core/Src/stm32f1xx_it.o
 .debug_info    0x00006171      0x16e ./Core/Src/sysmem.o
 .debug_info    0x000062df      0x22a ./Core/Src/system_stm32f1xx.o
 .debug_info    0x00006509       0x30 ./Core/Startup/startup_stm32f103c8tx.o
 .debug_info    0x00006539      0x79f ./Drivers/STM32F1xx_HAL_Driver/Src/stm32f1xx_hal.o
 .debug_info    0x00006cd8      0xed6 ./Drivers/STM32F1xx_HAL_Driver/Src/stm32f1xx_hal_adc.o
 .debug_info    0x00007bae      0xcaa ./Drivers/STM32F1xx_HAL_Driver/Src/stm32f1xx_hal_cortex.o
 .debug_info    0x00008858      0x601 ./Drivers/STM32F1xx_HAL_Driver/Src/stm32f1xx_hal_gpio.o
 .debug_info    0x00008e59     0x38c0 ./Drivers/STM32F1xx_HAL_Driver/Src/stm32f1xx_hal_i2c.o
 .debug_info    0x0000c719      0x9c4 ./Drivers/STM32F1xx_HAL_Driver/Src/stm32f1xx_hal_rcc.o
 .debug_info    0x0000d0dd      0x41d ./Drivers/STM32F1xx_HAL_Driver/Src/stm32f1xx_hal_rcc_ex.o
 .debug_info    0x0000d4fa     0x3b99 ./Drivers/STM32F1xx_HAL_Driver/Src/stm32f1xx_hal_tim.o
 .debug_info    0x00011093     0x1a85 ./Drivers/STM32F1xx_HAL_Driver/Src/stm32f1xx_hal_tim_ex.o

.debug_abbrev   0x00000000     0x25a6
 .debug_abbrev  0x00000000      0x23e ./Core/Src/I2C_LCD.o
 .debug_abbrev  0x0000023e      0x133 ./Core/Src/I2C_LCD_cfg.o
 .debug_abbrev  0x00000371      0x3fe ./Core/Src/main.o
 .debug_abbrev  0x0000076f      0x1a4 ./Core/Src/menu.o
 .debug_abbrev  0x00000913      0x270 ./Core/Src/stm32f1xx_hal_msp.o
 .debug_abbrev  0x00000b83      0x1c5 ./Core/Src/stm32f1xx_it.o
 .debug_abbrev  0x00000d48       0xec ./Core/Src/sysmem.o
 .debug_abbrev  0x00000e34      0x145 ./Core/Src/system_stm32f1xx.o
 .debug_abbrev  0x00000f79       0x24 ./Core/Startup/startup_stm32f103c8tx.o
 .debug_abbrev  0x00000f9d      0x22f ./Drivers/STM32F1xx_HAL_Driver/Src/stm32f1xx_hal.o
 .debug_abbrev  0x000011cc      0x254 ./Drivers/STM32F1xx_HAL_Driver/Src/stm32f1xx_hal_adc.o
 .debug_abbrev  0x00001420      0x36f ./Drivers/STM32F1xx_HAL_Driver/Src/stm32f1xx_hal_cortex.o
 .debug_abbrev  0x0000178f      0x1f9 ./Drivers/STM32F1xx_HAL_Driver/Src/stm32f1xx_hal_gpio.o
 .debug_abbrev  0x00001988      0x2c0 ./Drivers/STM32F1xx_HAL_Driver/Src/stm32f1xx_hal_i2c.o
 .debug_abbrev  0x00001c48      0x2a2 ./Drivers/STM32F1xx_HAL_Driver/Src/stm32f1xx_hal_rcc.o
 .debug_abbrev  0x00001eea      0x1da ./Drivers/STM32F1xx_HAL_Driver/Src/stm32f1xx_hal_rcc_ex.o
 .debug_abbrev  0x000020c4      0x272 ./Drivers/STM32F1xx_HAL_Driver/Src/stm32f1xx_hal_tim.o
 .debug_abbrev  0x00002336      0x270 ./Drivers/STM32F1xx_HAL_Driver/Src/stm32f1xx_hal_tim_ex.o

.debug_loclists
                0x00000000     0x912a
 .debug_loclists
                0x00000000      0x4d1 ./Core/Src/I2C_LCD.o
 .debug_loclists
                0x000004d1      0x2e7 ./Core/Src/main.o
 .debug_loclists
                0x000007b8       0x54 ./Core/Src/menu.o
 .debug_loclists
                0x0000080c      0x17c ./Core/Src/stm32f1xx_hal_msp.o
 .debug_loclists
                0x00000988       0x46 ./Core/Src/sysmem.o
 .debug_loclists
                0x000009ce       0xa5 ./Core/Src/system_stm32f1xx.o
 .debug_loclists
                0x00000a73       0xc9 ./Drivers/STM32F1xx_HAL_Driver/Src/stm32f1xx_hal.o
 .debug_loclists
                0x00000b3c      0x71f ./Drivers/STM32F1xx_HAL_Driver/Src/stm32f1xx_hal_adc.o
 .debug_loclists
                0x0000125b      0x422 ./Drivers/STM32F1xx_HAL_Driver/Src/stm32f1xx_hal_cortex.o
 .debug_loclists
                0x0000167d      0x2e8 ./Drivers/STM32F1xx_HAL_Driver/Src/stm32f1xx_hal_gpio.o
 .debug_loclists
                0x00001965     0x2b72 ./Drivers/STM32F1xx_HAL_Driver/Src/stm32f1xx_hal_i2c.o
 .debug_loclists
                0x000044d7      0x3f8 ./Drivers/STM32F1xx_HAL_Driver/Src/stm32f1xx_hal_rcc.o
 .debug_loclists
                0x000048cf      0x2c5 ./Drivers/STM32F1xx_HAL_Driver/Src/stm32f1xx_hal_rcc_ex.o
 .debug_loclists
                0x00004b94     0x334a ./Drivers/STM32F1xx_HAL_Driver/Src/stm32f1xx_hal_tim.o
 .debug_loclists
                0x00007ede     0x124c ./Drivers/STM32F1xx_HAL_Driver/Src/stm32f1xx_hal_tim_ex.o

.debug_aranges  0x00000000      0xef0
 .debug_aranges
                0x00000000       0xe0 ./Core/Src/I2C_LCD.o
 .debug_aranges
                0x000000e0       0x18 ./Core/Src/I2C_LCD_cfg.o
 .debug_aranges
                0x000000f8       0xd0 ./Core/Src/main.o
 .debug_aranges
                0x000001c8       0x38 ./Core/Src/menu.o
 .debug_aranges
                0x00000200       0x78 ./Core/Src/stm32f1xx_hal_msp.o
 .debug_aranges
                0x00000278       0x80 ./Core/Src/stm32f1xx_it.o
 .debug_aranges
                0x000002f8       0x20 ./Core/Src/sysmem.o
 .debug_aranges
                0x00000318       0x28 ./Core/Src/system_stm32f1xx.o
 .debug_aranges
                0x00000340       0x28 ./Core/Startup/startup_stm32f103c8tx.o
 .debug_aranges
                0x00000368       0xe0 ./Drivers/STM32F1xx_HAL_Driver/Src/stm32f1xx_hal.o
 .debug_aranges
                0x00000448       0xf0 ./Drivers/STM32F1xx_HAL_Driver/Src/stm32f1xx_hal_adc.o
 .debug_aranges
                0x00000538       0xc0 ./Drivers/STM32F1xx_HAL_Driver/Src/stm32f1xx_hal_cortex.o
 .debug_aranges
                0x000005f8       0x58 ./Drivers/STM32F1xx_HAL_Driver/Src/stm32f1xx_hal_gpio.o
 .debug_aranges
                0x00000650      0x2a8 ./Drivers/STM32F1xx_HAL_Driver/Src/stm32f1xx_hal_i2c.o
 .debug_aranges
                0x000008f8       0x90 ./Drivers/STM32F1xx_HAL_Driver/Src/stm32f1xx_hal_rcc.o
 .debug_aranges
                0x00000988       0x30 ./Drivers/STM32F1xx_HAL_Driver/Src/stm32f1xx_hal_rcc_ex.o
 .debug_aranges
                0x000009b8      0x3d0 ./Drivers/STM32F1xx_HAL_Driver/Src/stm32f1xx_hal_tim.o
 .debug_aranges
                0x00000d88      0x168 ./Drivers/STM32F1xx_HAL_Driver/Src/stm32f1xx_hal_tim_ex.o

.debug_rnglists
                0x00000000      0xbaa
 .debug_rnglists
                0x00000000       0xa4 ./Core/Src/I2C_LCD.o
 .debug_rnglists
                0x000000a4       0xbc ./Core/Src/main.o
 .debug_rnglists
                0x00000160       0x34 ./Core/Src/menu.o
 .debug_rnglists
                0x00000194       0x55 ./Core/Src/stm32f1xx_hal_msp.o
 .debug_rnglists
                0x000001e9       0x5b ./Core/Src/stm32f1xx_it.o
 .debug_rnglists
                0x00000244       0x13 ./Core/Src/sysmem.o
 .debug_rnglists
                0x00000257       0x1a ./Core/Src/system_stm32f1xx.o
 .debug_rnglists
                0x00000271       0x19 ./Core/Startup/startup_stm32f103c8tx.o
 .debug_rnglists
                0x0000028a       0xa3 ./Drivers/STM32F1xx_HAL_Driver/Src/stm32f1xx_hal.o
 .debug_rnglists
                0x0000032d       0xb8 ./Drivers/STM32F1xx_HAL_Driver/Src/stm32f1xx_hal_adc.o
 .debug_rnglists
                0x000003e5       0x8b ./Drivers/STM32F1xx_HAL_Driver/Src/stm32f1xx_hal_cortex.o
 .debug_rnglists
                0x00000470       0x3f ./Drivers/STM32F1xx_HAL_Driver/Src/stm32f1xx_hal_gpio.o
 .debug_rnglists
                0x000004af      0x236 ./Drivers/STM32F1xx_HAL_Driver/Src/stm32f1xx_hal_i2c.o
 .debug_rnglists
                0x000006e5       0x7d ./Drivers/STM32F1xx_HAL_Driver/Src/stm32f1xx_hal_rcc.o
 .debug_rnglists
                0x00000762       0x2f ./Drivers/STM32F1xx_HAL_Driver/Src/stm32f1xx_hal_rcc_ex.o
 .debug_rnglists
                0x00000791      0x2ff ./Drivers/STM32F1xx_HAL_Driver/Src/stm32f1xx_hal_tim.o
 .debug_rnglists
                0x00000a90      0x11a ./Drivers/STM32F1xx_HAL_Driver/Src/stm32f1xx_hal_tim_ex.o

.debug_macro    0x00000000    0x18c8a
 .debug_macro   0x00000000      0x2b2 ./Core/Src/I2C_LCD.o
 .debug_macro   0x000002b2      0xaa2 ./Core/Src/I2C_LCD.o
 .debug_macro   0x00000d54       0x22 ./Core/Src/I2C_LCD.o
 .debug_macro   0x00000d76       0x56 ./Core/Src/I2C_LCD.o
 .debug_macro   0x00000dcc       0x51 ./Core/Src/I2C_LCD.o
 .debug_macro   0x00000e1d      0x103 ./Core/Src/I2C_LCD.o
 .debug_macro   0x00000f20       0x6a ./Core/Src/I2C_LCD.o
 .debug_macro   0x00000f8a      0x1df ./Core/Src/I2C_LCD.o
 .debug_macro   0x00001169       0x10 ./Core/Src/I2C_LCD.o
 .debug_macro   0x00001179      0x221 ./Core/Src/I2C_LCD.o
 .debug_macro   0x0000139a       0x2e ./Core/Src/I2C_LCD.o
 .debug_macro   0x000013c8       0x22 ./Core/Src/I2C_LCD.o
 .debug_macro   0x000013ea       0x1c ./Core/Src/I2C_LCD.o
 .debug_macro   0x00001406       0x22 ./Core/Src/I2C_LCD.o
 .debug_macro   0x00001428       0xbd ./Core/Src/I2C_LCD.o
 .debug_macro   0x000014e5      0xd23 ./Core/Src/I2C_LCD.o
 .debug_macro   0x00002208     0xe09e ./Core/Src/I2C_LCD.o
 .debug_macro   0x000102a6       0x6d ./Core/Src/I2C_LCD.o
 .debug_macro   0x00010313     0x34a2 ./Core/Src/I2C_LCD.o
 .debug_macro   0x000137b5      0x182 ./Core/Src/I2C_LCD.o
 .debug_macro   0x00013937       0x5c ./Core/Src/I2C_LCD.o
 .debug_macro   0x00013993      0x5bc ./Core/Src/I2C_LCD.o
 .debug_macro   0x00013f4f      0x289 ./Core/Src/I2C_LCD.o
 .debug_macro   0x000141d8      0x1cb ./Core/Src/I2C_LCD.o
 .debug_macro   0x000143a3      0x114 ./Core/Src/I2C_LCD.o
 .debug_macro   0x000144b7      0x1b2 ./Core/Src/I2C_LCD.o
 .debug_macro   0x00014669       0x27 ./Core/Src/I2C_LCD.o
 .debug_macro   0x00014690      0x136 ./Core/Src/I2C_LCD.o
 .debug_macro   0x000147c6      0x1bc ./Core/Src/I2C_LCD.o
 .debug_macro   0x00014982       0x34 ./Core/Src/I2C_LCD.o
 .debug_macro   0x000149b6       0x3c ./Core/Src/I2C_LCD.o
 .debug_macro   0x000149f2       0x57 ./Core/Src/I2C_LCD.o
 .debug_macro   0x00014a49      0x46a ./Core/Src/I2C_LCD.o
 .debug_macro   0x00014eb3      0x1b5 ./Core/Src/I2C_LCD.o
 .debug_macro   0x00015068       0x87 ./Core/Src/I2C_LCD.o
 .debug_macro   0x000150ef      0x240 ./Core/Src/I2C_LCD.o
 .debug_macro   0x0001532f      0x287 ./Core/Src/I2C_LCD.o
 .debug_macro   0x000155b6      0x140 ./Core/Src/I2C_LCD.o
 .debug_macro   0x000156f6      0x8ed ./Core/Src/I2C_LCD.o
 .debug_macro   0x00015fe3       0x83 ./Core/Src/I2C_LCD.o
 .debug_macro   0x00016066       0x10 ./Core/Src/I2C_LCD.o
 .debug_macro   0x00016076       0x3a ./Core/Src/I2C_LCD.o
 .debug_macro   0x000160b0      0x1dd ./Core/Src/I2C_LCD_cfg.o
 .debug_macro   0x0001628d       0x16 ./Core/Src/I2C_LCD_cfg.o
 .debug_macro   0x000162a3      0x338 ./Core/Src/main.o
 .debug_macro   0x000165db       0x61 ./Core/Src/main.o
 .debug_macro   0x0001663c       0x24 ./Core/Src/main.o
 .debug_macro   0x00016660       0x43 ./Core/Src/main.o
 .debug_macro   0x000166a3       0x34 ./Core/Src/main.o
 .debug_macro   0x000166d7       0x16 ./Core/Src/main.o
 .debug_macro   0x000166ed       0x35 ./Core/Src/main.o
 .debug_macro   0x00016722      0x385 ./Core/Src/main.o
 .debug_macro   0x00016aa7       0x10 ./Core/Src/main.o
 .debug_macro   0x00016ab7       0x16 ./Core/Src/main.o
 .debug_macro   0x00016acd       0x43 ./Core/Src/main.o
 .debug_macro   0x00016b10       0x34 ./Core/Src/main.o
 .debug_macro   0x00016b44       0x10 ./Core/Src/main.o
 .debug_macro   0x00016b54       0x58 ./Core/Src/main.o
 .debug_macro   0x00016bac       0x8e ./Core/Src/main.o
 .debug_macro   0x00016c3a       0x16 ./Core/Src/main.o
 .debug_macro   0x00016c50      0x177 ./Core/Src/main.o
 .debug_macro   0x00016dc7       0x16 ./Core/Src/main.o
 .debug_macro   0x00016ddd       0x16 ./Core/Src/main.o
 .debug_macro   0x00016df3      0x115 ./Core/Src/main.o
 .debug_macro   0x00016f08       0x22 ./Core/Src/main.o
 .debug_macro   0x00016f2a       0x16 ./Core/Src/main.o
 .debug_macro   0x00016f40       0x20 ./Core/Src/main.o
 .debug_macro   0x00016f60       0xec ./Core/Src/main.o
 .debug_macro   0x0001704c       0x16 ./Core/Src/main.o
 .debug_macro   0x00017062       0x22 ./Core/Src/main.o
 .debug_macro   0x00017084      0x160 ./Core/Src/menu.o
 .debug_macro   0x000171e4       0x9e ./Core/Src/menu.o
 .debug_macro   0x00017282      0x104 ./Core/Src/menu.o
 .debug_macro   0x00017386      0x1c6 ./Core/Src/stm32f1xx_hal_msp.o
 .debug_macro   0x0001754c      0x1d0 ./Core/Src/stm32f1xx_it.o
 .debug_macro   0x0001771c       0xff ./Core/Src/sysmem.o
 .debug_macro   0x0001781b      0x23c ./Core/Src/sysmem.o
 .debug_macro   0x00017a57      0x1b7 ./Core/Src/system_stm32f1xx.o
 .debug_macro   0x00017c0e      0x1db ./Drivers/STM32F1xx_HAL_Driver/Src/stm32f1xx_hal.o
 .debug_macro   0x00017de9      0x1d4 ./Drivers/STM32F1xx_HAL_Driver/Src/stm32f1xx_hal_adc.o
 .debug_macro   0x00017fbd      0x1b7 ./Drivers/STM32F1xx_HAL_Driver/Src/stm32f1xx_hal_cortex.o
 .debug_macro   0x00018174      0x222 ./Drivers/STM32F1xx_HAL_Driver/Src/stm32f1xx_hal_gpio.o
 .debug_macro   0x00018396      0x205 ./Drivers/STM32F1xx_HAL_Driver/Src/stm32f1xx_hal_i2c.o
 .debug_macro   0x0001859b      0x1c9 ./Drivers/STM32F1xx_HAL_Driver/Src/stm32f1xx_hal_rcc.o
 .debug_macro   0x00018764      0x1b7 ./Drivers/STM32F1xx_HAL_Driver/Src/stm32f1xx_hal_rcc_ex.o
 .debug_macro   0x0001891b      0x1b8 ./Drivers/STM32F1xx_HAL_Driver/Src/stm32f1xx_hal_tim.o
 .debug_macro   0x00018ad3      0x1b7 ./Drivers/STM32F1xx_HAL_Driver/Src/stm32f1xx_hal_tim_ex.o

.debug_line     0x00000000    0x16d0f
 .debug_line    0x00000000      0xcb1 ./Core/Src/I2C_LCD.o
 .debug_line    0x00000cb1      0x72c ./Core/Src/I2C_LCD_cfg.o
 .debug_line    0x000013dd     0x1466 ./Core/Src/main.o
 .debug_line    0x00002843      0x927 ./Core/Src/menu.o
 .debug_line    0x0000316a      0xa0a ./Core/Src/stm32f1xx_hal_msp.o
 .debug_line    0x00003b74      0x890 ./Core/Src/stm32f1xx_it.o
 .debug_line    0x00004404      0x59c ./Core/Src/sysmem.o
 .debug_line    0x000049a0      0x7d8 ./Core/Src/system_stm32f1xx.o
 .debug_line    0x00005178       0x78 ./Core/Startup/startup_stm32f103c8tx.o
 .debug_line    0x000051f0      0xa46 ./Drivers/STM32F1xx_HAL_Driver/Src/stm32f1xx_hal.o
 .debug_line    0x00005c36     0x13b8 ./Drivers/STM32F1xx_HAL_Driver/Src/stm32f1xx_hal_adc.o
 .debug_line    0x00006fee      0xc55 ./Drivers/STM32F1xx_HAL_Driver/Src/stm32f1xx_hal_cortex.o
 .debug_line    0x00007c43      0xb12 ./Drivers/STM32F1xx_HAL_Driver/Src/stm32f1xx_hal_gpio.o
 .debug_line    0x00008755     0x5b76 ./Drivers/STM32F1xx_HAL_Driver/Src/stm32f1xx_hal_i2c.o
 .debug_line    0x0000e2cb     0x1114 ./Drivers/STM32F1xx_HAL_Driver/Src/stm32f1xx_hal_rcc.o
 .debug_line    0x0000f3df      0x9b7 ./Drivers/STM32F1xx_HAL_Driver/Src/stm32f1xx_hal_rcc_ex.o
 .debug_line    0x0000fd96     0x4e22 ./Drivers/STM32F1xx_HAL_Driver/Src/stm32f1xx_hal_tim.o
 .debug_line    0x00014bb8     0x2157 ./Drivers/STM32F1xx_HAL_Driver/Src/stm32f1xx_hal_tim_ex.o

.debug_str      0x00000000    0x9070d
 .debug_str     0x00000000    0x88560 ./Core/Src/I2C_LCD.o
                              0x8891f (size before relaxing)
 .debug_str     0x00088560       0x20 ./Core/Src/I2C_LCD_cfg.o
                              0x881a9 (size before relaxing)
 .debug_str     0x00088580     0x4d0b ./Core/Src/main.o
                              0x8d05b (size before relaxing)
 .debug_str     0x0008d28b      0x231 ./Core/Src/menu.o
                               0x7899 (size before relaxing)
 .debug_str     0x0008d4bc      0x165 ./Core/Src/stm32f1xx_hal_msp.o
                              0x88a12 (size before relaxing)
 .debug_str     0x0008d621      0x137 ./Core/Src/stm32f1xx_it.o
                              0x8827b (size before relaxing)
 .debug_str     0x0008d758      0x4dc ./Core/Src/sysmem.o
                               0x5f9e (size before relaxing)
 .debug_str     0x0008dc34       0x6e ./Core/Src/system_stm32f1xx.o
                              0x87d00 (size before relaxing)
 .debug_str     0x0008dca2       0x44 ./Core/Startup/startup_stm32f103c8tx.o
                                 0x86 (size before relaxing)
 .debug_str     0x0008dce6      0x360 ./Drivers/STM32F1xx_HAL_Driver/Src/stm32f1xx_hal.o
                              0x88433 (size before relaxing)
 .debug_str     0x0008e046      0x352 ./Drivers/STM32F1xx_HAL_Driver/Src/stm32f1xx_hal_adc.o
                              0x883e4 (size before relaxing)
 .debug_str     0x0008e398      0x28e ./Drivers/STM32F1xx_HAL_Driver/Src/stm32f1xx_hal_cortex.o
                              0x8837f (size before relaxing)
 .debug_str     0x0008e626      0x284 ./Drivers/STM32F1xx_HAL_Driver/Src/stm32f1xx_hal_gpio.o
                              0x88086 (size before relaxing)
 .debug_str     0x0008e8aa      0xba6 ./Drivers/STM32F1xx_HAL_Driver/Src/stm32f1xx_hal_i2c.o
                              0x88dc7 (size before relaxing)
 .debug_str     0x0008f450      0x209 ./Drivers/STM32F1xx_HAL_Driver/Src/stm32f1xx_hal_rcc.o
                              0x8812f (size before relaxing)
 .debug_str     0x0008f659       0x84 ./Drivers/STM32F1xx_HAL_Driver/Src/stm32f1xx_hal_rcc_ex.o
                              0x87e7f (size before relaxing)
 .debug_str     0x0008f6dd      0xc4f ./Drivers/STM32F1xx_HAL_Driver/Src/stm32f1xx_hal_tim.o
                              0x89131 (size before relaxing)
 .debug_str     0x0009032c      0x3e1 ./Drivers/STM32F1xx_HAL_Driver/Src/stm32f1xx_hal_tim_ex.o
                              0x8893d (size before relaxing)

.comment        0x00000000       0x43
 .comment       0x00000000       0x43 ./Core/Src/I2C_LCD.o
                                 0x44 (size before relaxing)
 .comment       0x00000043       0x44 ./Core/Src/I2C_LCD_cfg.o
 .comment       0x00000043       0x44 ./Core/Src/main.o
 .comment       0x00000043       0x44 ./Core/Src/menu.o
 .comment       0x00000043       0x44 ./Core/Src/stm32f1xx_hal_msp.o
 .comment       0x00000043       0x44 ./Core/Src/stm32f1xx_it.o
 .comment       0x00000043       0x44 ./Core/Src/sysmem.o