../Core/Src/I2C_LCD.c:70:13:I2C_LCD_ExpanderWrite	24	static
../Core/Src/I2C_LCD.c:76:13:I2C_LCD_EnPulse	16	static
../Core/Src/I2C_LCD.c:85:13:I2C_LCD_Write4Bits	16	static
../Core/Src/I2C_LCD.c:91:13:I2C_LCD_Send	16	static
../Core/Src/I2C_LCD.c:99:13:I2C_LCD_Cmd	8	static
../Core/Src/I2C_LCD.c:104:13:I2C_LCD_Data	8	static
../Core/Src/I2C_LCD.c:136:6:I2C_LCD_Clear	8	static
../Core/Src/I2C_LCD.c:115:6:I2C_LCD_Init	8	static
../Core/Src/I2C_LCD.c:142:6:I2C_LCD_Home	8	static
../Core/Src/I2C_LCD.c:148:6:I2C_LCD_SetCursor	32	static
../Core/Src/I2C_LCD.c:158:6:I2C_LCD_WriteChar	8	static
../Core/Src/I2C_LCD.c:163:6:I2C_LCD_WriteString	16	static
../Core/Src/I2C_LCD.c:171:6:I2C_LCD_ShiftLeft	8	static
../Core/Src/I2C_LCD.c:176:6:I2C_LCD_ShiftRight	8	static
../Core/Src/I2C_LCD.c:181:6:I2C_LCD_Backlight	8	static
../Core/Src/I2C_LCD.c:187:6:I2C_LCD_NoBacklight	8	static
../Core/Src/I2C_LCD.c:193:6:I2C_LCD_Display	8	static
../Core/Src/I2C_LCD.c:199:6:I2C_LCD_NoDisplay	8	static
../Core/Src/I2C_LCD.c:205:6:I2C_LCD_Cursor	8	static
../Core/Src/I2C_LCD.c:211:6:I2C_LCD_NoCursor	8	static
../Core/Src/I2C_LCD.c:217:6:I2C_LCD_Blink	8	static
../Core/Src/I2C_LCD.c:223:6:I2C_LCD_NoBlink	8	static
../Core/Src/I2C_LCD.c:229:6:I2C_LCD_CreateCustomChar	16	static
../Core/Src/I2C_LCD.c:239:6:I2C_LCD_PrintCustomChar	8	static
../Core/Src/I2C_LCD.c:244:6:I2C_LCD_ClearRow	16	static
